00000 192EF823
00004 25213DCC
00008 37EFFAD0
0000C DDF92912
00010 112AC807
00014 323CED21
00018 C6FCD924
0001C 3C1F17D4
00020 D8FCEFEA
00024 16DDFDD1
00028 E81A2BF8
0002C E5F2272B
00030 C1DAD217
00034 241A1525
00038 CFD209FB
0003C 2208FC16
00040 E7080711
00044 F4DBF8C4
00048 E4C7DE2D
0004C 240715E6
00050 D528F415
00054 FB1CCCC3
00058 19D300D5
0005C 11E7F1F9
00060 3BCFCBEE
00064 3CE21A34
00068 E3FA1C24
0006C DAFA34CC
00070 2ED70AE7
00074 10F71C21
00078 F5CB130B
0007C D2EAFFC5
00080 36D60BCD
00084 C30CEC0A
00088 CB24FE3B
0008C 0938FFFE
00090 03EAE2FD
00094 332AC3F8
00098 16CE07D2
0009C 221D14E4
000A0 C5DD35CE
000A4 272AEF07
000A8 02E53AE9
000AC C6D538E1
000B0 20323FF8
000B4 E8023232
000B8 CCF01523
000BC DF38E220
000C0 D7D42AD0
000C4 E8D9300D
000C8 D2003C24
000CC 17D1DDC2
000D0 0A1901D0
000D4 1F1C27DA
000D8 F337D0D1
000DC 3A15FFE7
000E0 07C336E5
000E4 F6D2CE11
000E8 27370C3C
000EC CEC224FC
000F0 04DE262A
000F4 F50D2F0E
000F8 2F13F7F0
000FC 1FDEE0FA
00100 2E03C729
00104 EB08CC35
00108 19D2E7F0
0010C F7F40AC7
00110 FBCD0CCD
00114 33091DFE
00118 2B23363E
0011C 10DC1A0F
00120 F12B17C9
00124 22FCCBEA
00128 C5D9241C
0012C EE0B13C5
00130 12C7F20C
00134 E3033805
00138 DA35CE3A
0013C 02E93831
00140 E236E9D3
00144 EF22D22D
00148 D01440CF
0014C 1EC5D31B
00150 D2CD012A
00154 E8263B14
00158 01C5312D
0015C 31F601D6
00160 FD2C30E8
00164 D4FF2727
00168 1FC1E412
0016C 36FDF4CC
00170 F5342DD2
00174 D30D0C04
00178 11C72BD0
0017C 00DDFDD7
00180 DE3DC636
00184 38372411
00188 2D0ECE0B
0018C 0309CF3D
00190 EF27D7D5
00194 F8CF26E5
00198 D4274018
0019C 2608D1FB
001A0 EF24DEE4
001A4 F1CF391E
001A8 1EDF15C2
001AC E81AE424
001B0 EA12E0D4
001B4 1DCBE0DA
001B8 D92D13FA
001BC 2B13E711
001C0 F12409CF
001C4 07140C19
001C8 E3C7CC2A
001CC FF14F709
001D0 18D1F5C3
001D4 38F6CC2E
001D8 1B2733E6
001DC CFE80ED3
001E0 E605C6C7
001E4 24230FD1
001E8 3D37C4FB
001EC C9251139
001F0 3902F0D6
001F4 FD16D60F
001F8 0E23DFF9
001FC 2C06F5E7
00200 00000000
00204 00000000
00208 00000000
0020C 00000000
00210 00000000
00214 00000000
00218 00000000
0021C 00000000
00220 00000000
00224 00000000
00228 00000000
0022C 00000000
00230 00000000
00234 00000000
00238 00000000
0023C 00000000
00240 00000000
00244 00000000
00248 00000000
0024C 00000000
00250 00000000
00254 00000000
00258 00000000
0025C 00000000
00260 00000000
00264 00000000
00268 00000000
0026C 00000000
00270 00000000
00274 00000000
00278 00000000
0027C 00000000
00280 00000000
00284 00000000
00288 00000000
0028C 00000000
00290 00000000
00294 00000000
00298 00000000
0029C 00000000
002A0 00000000
002A4 00000000
002A8 00000000
002AC 00000000
002B0 00000000
002B4 00000000
002B8 00000000
002BC 00000000
002C0 00000000
002C4 00000000
002C8 00000000
002CC 00000000
002D0 00000000
002D4 00000000
002D8 00000000
002DC 00000000
002E0 00000000
002E4 00000000
002E8 00000000
002EC 00000000
002F0 00000000
002F4 00000000
002F8 00000000
002FC 00000000
00300 00000000
00304 00000000
00308 00000000
0030C 00000000
00310 00000000
00314 00000000
00318 00000000
0031C 00000000
00320 00000000
00324 00000000
00328 00000000
0032C 00000000
00330 00000000
00334 00000000
00338 00000000
0033C 00000000
00340 00000000
00344 00000000
00348 00000000
0034C 00000000
00350 00000000
00354 00000000
00358 00000000
0035C 00000000
00360 00000000
00364 00000000
00368 00000000
0036C 00000000
00370 00000000
00374 00000000
00378 00000000
0037C 00000000
00380 00000000
00384 00000000
00388 00000000
0038C 00000000
00390 00000000
00394 00000000
00398 00000000
0039C 00000000
003A0 00000000
003A4 00000000
003A8 00000000
003AC 00000000
003B0 00000000
003B4 00000000
003B8 00000000
003BC 00000000
003C0 00000000
003C4 00000000
003C8 00000000
003CC 00000000
003D0 00000000
003D4 00000000
003D8 00000000
003DC 00000000
003E0 00000000
003E4 00000000
003E8 00000000
003EC 00000000
003F0 00000000
003F4 00000000
003F8 00000000
003FC 00000000
00400 FCE3FE6C
00404 F980EB23
00408 F4CFE36A
0040C 0AD1F8F6
00410 E87B28C7
00414 E5A1156F
00418 F04CF513
0041C EF1A2840
00420 F24B1D59
00424 049C1BB7
00428 091109A8
0042C E8DC0A14
00430 03361EEB
00434 099DDF4B
00438 F5741F1C
0043C 1EC2FB5D
00440 15C3DBD9
00444 0A0B0E06
00448 EDE70BF6
0044C F743D4BB
00450 18A1F3C1
00454 1F3B082F
00458 0D2AF091
0045C E8481962
00460 004AFFB4
00464 06E9FCB0
00468 2C861137
0046C F031F8D2
00470 03CF1B0B
00474 037007A7
00478 F1970E7E
0047C EB60F4ED
00480 F0D0FED4
00484 03571A2E
00488 1436DFA1
0048C FF701690
00490 0590EE88
00494 0894ECBB
00498 D4B11309
0049C F3D8EA2E
004A0 E4FA0CC2
004A4 D1070D2D
004A8 FF431737
004AC 1B7503C7
004B0 F64E108F
004B4 04E1FFA7
004B8 ED33FBC1
004BC FB8501C7
004C0 20C91B0F
004C4 181513BC
004C8 0AA1E68F
004CC E94BEDF0
004D0 0275E224
004D4 F87BF937
004D8 3939FDB1
004DC 03B1F516
004E0 0CBE16C2
004E4 FB0B149E
004E8 1582EE2B
004EC 132C1034
004F0 F49DD907
004F4 E3D201CD
004F8 2414085C
004FC FC90E141
00500 0645F86F
00504 248B0BC8
00508 FB5BF8DB
0050C EC8AFEB1
00510 0F57D206
00514 09ECE3FD
00518 03540CC4
0051C 1CC1F8AF
00520 F9F02021
00524 D71812CE
00528 04EA0355
0052C 0388F9F3
00530 E4C8004D
00534 01DDF5D8
00538 185AFD67
0053C 12890347
00540 2570F229
00544 EA322B59
00548 11F51140
0054C 26B4F7C7
00550 E63CD6D5
00554 ECB8F4C4
00558 37C4FE3E
0055C E90CFDF9
00560 F166E90D
00564 04760C5D
00568 00FC0322
0056C 0D62193A
00570 1007FF92
00574 F2FA1535
00578 E507213E
0057C F12EE6C4
00580 22CAE200
00584 03871A7F
00588 32DE1423
0058C 1E901CE6
00590 2F30C597
00594 0B26FC48
00598 0F2900EA
0059C F0C5C69B
005A0 FF3EE7B3
005A4 030BFE20
005A8 E8D303A6
005AC FF710788
005B0 12A90DC4
005B4 1A6EFD25
005B8 F82B0524
005BC 1EE12136
005C0 32ABF938
005C4 1CFB039B
005C8 F08FEEEA
005CC F4CDEE5C
005D0 EC71CC1F
005D4 F78CDCD0
005D8 37A2EA37
005DC 02C3FE89
005E0 0B6DFCE4
005E4 09EFD279
005E8 1B5FF3FB
005EC 036F12F6
005F0 F15E0DC7
005F4 E6B4FE11
005F8 F546EC5A
005FC FEF9F00D
00600 00000000
00604 00000000
00608 00000000
0060C 00000000
00610 00000000
00614 00000000
00618 00000000
0061C 00000000
00620 00000000
00624 00000000
00628 00000000
0062C 00000000
00630 00000000
00634 00000000
00638 00000000
0063C 00000000
00640 00000000
00644 00000000
00648 00000000
0064C 00000000
00650 00000000
00654 00000000
00658 00000000
0065C 00000000
00660 00000000
00664 00000000
00668 00000000
0066C 00000000
00670 00000000
00674 00000000
00678 00000000
0067C 00000000
00680 00000000
00684 00000000
00688 00000000
0068C 00000000
00690 00000000
00694 00000000
00698 00000000
0069C 00000000
006A0 00000000
006A4 00000000
006A8 00000000
006AC 00000000
006B0 00000000
006B4 00000000
006B8 00000000
006BC 00000000
006C0 00000000
006C4 00000000
006C8 00000000
006CC 00000000
006D0 00000000
006D4 00000000
006D8 00000000
006DC 00000000
006E0 00000000
006E4 00000000
006E8 00000000
006EC 00000000
006F0 00000000
006F4 00000000
006F8 00000000
006FC 00000000
00700 00000000
00704 00000000
00708 00000000
0070C 00000000
00710 00000000
00714 00000000
00718 00000000
0071C 00000000
00720 00000000
00724 00000000
00728 00000000
0072C 00000000
00730 00000000
00734 00000000
00738 00000000
0073C 00000000
00740 00000000
00744 00000000
00748 00000000
0074C 00000000
00750 00000000
00754 00000000
00758 00000000
0075C 00000000
00760 00000000
00764 00000000
00768 00000000
0076C 00000000
00770 00000000
00774 00000000
00778 00000000
0077C 00000000
00780 00000000
00784 00000000
00788 00000000
0078C 00000000
00790 00000000
00794 00000000
00798 00000000
0079C 00000000
007A0 00000000
007A4 00000000
007A8 00000000
007AC 00000000
007B0 00000000
007B4 00000000
007B8 00000000
007BC 00000000
007C0 00000000
007C4 00000000
007C8 00000000
007CC 00000000
007D0 00000000
007D4 00000000
007D8 00000000
007DC 00000000
007E0 00000000
007E4 00000000
007E8 00000000
007EC 00000000
007F0 00000000
007F4 00000000
007F8 00000000
007FC 00000000
00800 00000000
00804 00000000
00808 00000000
0080C 00000000
00810 00000000
00814 00000000
00818 00000000
0081C 00000000
00820 00000000
00824 00000000
00828 00000000
0082C 00000000
00830 00000000
00834 00000000
00838 00000000
0083C 00000000
00840 00000000
00844 00000000
00848 00000000
0084C 00000000
00850 00000000
00854 00000000
00858 00000000
0085C 00000000
00860 00000000
00864 00000000
00868 00000000
0086C 00000000
00870 00000000
00874 00000000
00878 00000000
0087C 00000000
00880 00000000
00884 00000000
00888 00000000
0088C 00000000
00890 00000000
00894 00000000
00898 00000000
0089C 00000000
008A0 00000000
008A4 00000000
008A8 00000000
008AC 00000000
008B0 00000000
008B4 00000000
008B8 00000000
008BC 00000000
008C0 00000000
008C4 00000000
008C8 00000000
008CC 00000000
008D0 00000000
008D4 00000000
008D8 00000000
008DC 00000000
008E0 00000000
008E4 00000000
008E8 00000000
008EC 00000000
008F0 00000000
008F4 00000000
008F8 00000000
008FC 00000000
00900 00000000
00904 00000000
00908 00000000
0090C 00000000
00910 00000000
00914 00000000
00918 00000000
0091C 00000000
00920 00000000
00924 00000000
00928 00000000
0092C 00000000
00930 00000000
00934 00000000
00938 00000000
0093C 00000000
00940 00000000
00944 00000000
00948 00000000
0094C 00000000
00950 00000000
00954 00000000
00958 00000000
0095C 00000000
00960 00000000
00964 00000000
00968 00000000
0096C 00000000
00970 00000000
00974 00000000
00978 00000000
0097C 00000000
00980 00000000
00984 00000000
00988 00000000
0098C 00000000
00990 00000000
00994 00000000
00998 00000000
0099C 00000000
009A0 00000000
009A4 00000000
009A8 00000000
009AC 00000000
009B0 00000000
009B4 00000000
009B8 00000000
009BC 00000000
009C0 00000000
009C4 00000000
009C8 00000000
009CC 00000000
009D0 00000000
009D4 00000000
009D8 00000000
009DC 00000000
009E0 00000000
009E4 00000000
009E8 00000000
009EC 00000000
009F0 00000000
009F4 00000000
009F8 00000000
009FC 00000000
00A00 00000000
00A04 00000000
00A08 00000000
00A0C 00000000
00A10 00000000
00A14 00000000
00A18 00000000
00A1C 00000000
00A20 00000000
00A24 00000000
00A28 00000000
00A2C 00000000
00A30 00000000
00A34 00000000
00A38 00000000
00A3C 00000000
00A40 00000000
00A44 00000000
00A48 00000000
00A4C 00000000
00A50 00000000
00A54 00000000
00A58 00000000
00A5C 00000000
00A60 00000000
00A64 00000000
00A68 00000000
00A6C 00000000
00A70 00000000
00A74 00000000
00A78 00000000
00A7C 00000000
00A80 00000000
00A84 00000000
00A88 00000000
00A8C 00000000
00A90 00000000
00A94 00000000
00A98 00000000
00A9C 00000000
00AA0 00000000
00AA4 00000000
00AA8 00000000
00AAC 00000000
00AB0 00000000
00AB4 00000000
00AB8 00000000
00ABC 00000000
00AC0 00000000
00AC4 00000000
00AC8 00000000
00ACC 00000000
00AD0 00000000
00AD4 00000000
00AD8 00000000
00ADC 00000000
00AE0 00000000
00AE4 00000000
00AE8 00000000
00AEC 00000000
00AF0 00000000
00AF4 00000000
00AF8 00000000
00AFC 00000000
00B00 00000000
00B04 00000000
00B08 00000000
00B0C 00000000
00B10 00000000
00B14 00000000
00B18 00000000
00B1C 00000000
00B20 00000000
00B24 00000000
00B28 00000000
00B2C 00000000
00B30 00000000
00B34 00000000
00B38 00000000
00B3C 00000000
00B40 00000000
00B44 00000000
00B48 00000000
00B4C 00000000
00B50 00000000
00B54 00000000
00B58 00000000
00B5C 00000000
00B60 00000000
00B64 00000000
00B68 00000000
00B6C 00000000
00B70 00000000
00B74 00000000
00B78 00000000
00B7C 00000000
00B80 00000000
00B84 00000000
00B88 00000000
00B8C 00000000
00B90 00000000
00B94 00000000
00B98 00000000
00B9C 00000000
00BA0 00000000
00BA4 00000000
00BA8 00000000
00BAC 00000000
00BB0 00000000
00BB4 00000000
00BB8 00000000
00BBC 00000000
00BC0 00000000
00BC4 00000000
00BC8 00000000
00BCC 00000000
00BD0 00000000
00BD4 00000000
00BD8 00000000
00BDC 00000000
00BE0 00000000
00BE4 00000000
00BE8 00000000
00BEC 00000000
00BF0 00000000
00BF4 00000000
00BF8 00000000
00BFC 00000000
00C00 00000000
00C04 00000000
00C08 00000000
00C0C 00000000
00C10 00000000
00C14 00000000
00C18 00000000
00C1C 00000000
00C20 00000000
00C24 00000000
00C28 00000000
00C2C 00000000
00C30 00000000
00C34 00000000
00C38 00000000
00C3C 00000000
00C40 00000000
00C44 00000000
00C48 00000000
00C4C 00000000
00C50 00000000
00C54 00000000
00C58 00000000
00C5C 00000000
00C60 00000000
00C64 00000000
00C68 00000000
00C6C 00000000
00C70 00000000
00C74 00000000
00C78 00000000
00C7C 00000000
00C80 00000000
00C84 00000000
00C88 00000000
00C8C 00000000
00C90 00000000
00C94 00000000
00C98 00000000
00C9C 00000000
00CA0 00000000
00CA4 00000000
00CA8 00000000
00CAC 00000000
00CB0 00000000
00CB4 00000000
00CB8 00000000
00CBC 00000000
00CC0 00000000
00CC4 00000000
00CC8 00000000
00CCC 00000000
00CD0 00000000
00CD4 00000000
00CD8 00000000
00CDC 00000000
00CE0 00000000
00CE4 00000000
00CE8 00000000
00CEC 00000000
00CF0 00000000
00CF4 00000000
00CF8 00000000
00CFC 00000000
00D00 00000000
00D04 00000000
00D08 00000000
00D0C 00000000
00D10 00000000
00D14 00000000
00D18 00000000
00D1C 00000000
00D20 00000000
00D24 00000000
00D28 00000000
00D2C 00000000
00D30 00000000
00D34 00000000
00D38 00000000
00D3C 00000000
00D40 00000000
00D44 00000000
00D48 00000000
00D4C 00000000
00D50 00000000
00D54 00000000
00D58 00000000
00D5C 00000000
00D60 00000000
00D64 00000000
00D68 00000000
00D6C 00000000
00D70 00000000
00D74 00000000
00D78 00000000
00D7C 00000000
00D80 00000000
00D84 00000000
00D88 00000000
00D8C 00000000
00D90 00000000
00D94 00000000
00D98 00000000
00D9C 00000000
00DA0 00000000
00DA4 00000000
00DA8 00000000
00DAC 00000000
00DB0 00000000
00DB4 00000000
00DB8 00000000
00DBC 00000000
00DC0 00000000
00DC4 00000000
00DC8 00000000
00DCC 00000000
00DD0 00000000
00DD4 00000000
00DD8 00000000
00DDC 00000000
00DE0 00000000
00DE4 00000000
00DE8 00000000
00DEC 00000000
00DF0 00000000
00DF4 00000000
00DF8 00000000
00DFC 00000000
00E00 00000000
00E04 00000000
00E08 00000000
00E0C 00000000
00E10 00000000
00E14 00000000
00E18 00000000
00E1C 00000000
00E20 00000000
00E24 00000000
00E28 00000000
00E2C 00000000
00E30 00000000
00E34 00000000
00E38 00000000
00E3C 00000000
00E40 00000000
00E44 00000000
00E48 00000000
00E4C 00000000
00E50 00000000
00E54 00000000
00E58 00000000
00E5C 00000000
00E60 00000000
00E64 00000000
00E68 00000000
00E6C 00000000
00E70 00000000
00E74 00000000
00E78 00000000
00E7C 00000000
00E80 00000000
00E84 00000000
00E88 00000000
00E8C 00000000
00E90 00000000
00E94 00000000
00E98 00000000
00E9C 00000000
00EA0 00000000
00EA4 00000000
00EA8 00000000
00EAC 00000000
00EB0 00000000
00EB4 00000000
00EB8 00000000
00EBC 00000000
00EC0 00000000
00EC4 00000000
00EC8 00000000
00ECC 00000000
00ED0 00000000
00ED4 00000000
00ED8 00000000
00EDC 00000000
00EE0 00000000
00EE4 00000000
00EE8 00000000
00EEC 00000000
00EF0 00000000
00EF4 00000000
00EF8 00000000
00EFC 00000000
00F00 00000000
00F04 00000000
00F08 00000000
00F0C 00000000
00F10 00000000
00F14 00000000
00F18 00000000
00F1C 00000000
00F20 00000000
00F24 00000000
00F28 00000000
00F2C 00000000
00F30 00000000
00F34 00000000
00F38 00000000
00F3C 00000000
00F40 00000000
00F44 00000000
00F48 00000000
00F4C 00000000
00F50 00000000
00F54 00000000
00F58 00000000
00F5C 00000000
00F60 00000000
00F64 00000000
00F68 00000000
00F6C 00000000
00F70 00000000
00F74 00000000
00F78 00000000
00F7C 00000000
00F80 00000000
00F84 00000000
00F88 00000000
00F8C 00000000
00F90 00000000
00F94 00000000
00F98 00000000
00F9C 00000000
00FA0 00000000
00FA4 00000000
00FA8 00000000
00FAC 00000000
00FB0 00000000
00FB4 00000000
00FB8 00000000
00FBC 00000000
00FC0 00000000
00FC4 00000000
00FC8 00000000
00FCC 00000000
00FD0 00000000
00FD4 00000000
00FD8 00000000
00FDC 00000000
00FE0 00000000
00FE4 00000000
00FE8 00000000
00FEC 00000000
00FF0 00000000
00FF4 00000000
00FF8 00000000
00FFC 00000000
01000 00000000
01004 00000000
01008 00000000
0100C 00000000
01010 00000000
01014 00000000
01018 00000000
0101C 00000000
01020 00000000
01024 00000000
01028 00000000
0102C 00000000
01030 00000000
01034 00000000
01038 00000000
0103C 00000000
01040 00000000
01044 00000000
01048 00000000
0104C 00000000
01050 00000000
01054 00000000
01058 00000000
0105C 00000000
01060 00000000
01064 00000000
01068 00000000
0106C 00000000
01070 00000000
01074 00000000
01078 00000000
0107C 00000000
01080 00000000
01084 00000000
01088 00000000
0108C 00000000
01090 00000000
01094 00000000
01098 00000000
0109C 00000000
010A0 00000000
010A4 00000000
010A8 00000000
010AC 00000000
010B0 00000000
010B4 00000000
010B8 00000000
010BC 00000000
010C0 00000000
010C4 00000000
010C8 00000000
010CC 00000000
010D0 00000000
010D4 00000000
010D8 00000000
010DC 00000000
010E0 00000000
010E4 00000000
010E8 00000000
010EC 00000000
010F0 00000000
010F4 00000000
010F8 00000000
010FC 00000000
01100 00000000
01104 00000000
01108 00000000
0110C 00000000
01110 00000000
01114 00000000
01118 00000000
0111C 00000000
01120 00000000
01124 00000000
01128 00000000
0112C 00000000
01130 00000000
01134 00000000
01138 00000000
0113C 00000000
01140 00000000
01144 00000000
01148 00000000
0114C 00000000
01150 00000000
01154 00000000
01158 00000000
0115C 00000000
01160 00000000
01164 00000000
01168 00000000
0116C 00000000
01170 00000000
01174 00000000
01178 00000000
0117C 00000000
01180 00000000
01184 00000000
01188 00000000
0118C 00000000
01190 00000000
01194 00000000
01198 00000000
0119C 00000000
011A0 00000000
011A4 00000000
011A8 00000000
011AC 00000000
011B0 00000000
011B4 00000000
011B8 00000000
011BC 00000000
011C0 00000000
011C4 00000000
011C8 00000000
011CC 00000000
011D0 00000000
011D4 00000000
011D8 00000000
011DC 00000000
011E0 00000000
011E4 00000000
011E8 00000000
011EC 00000000
011F0 00000000
011F4 00000000
011F8 00000000
011FC 00000000
01200 00000000
01204 00000000
01208 00000000
0120C 00000000
01210 00000000
01214 00000000
01218 00000000
0121C 00000000
01220 00000000
01224 00000000
01228 00000000
0122C 00000000
01230 00000000
01234 00000000
01238 00000000
0123C 00000000
01240 00000000
01244 00000000
01248 00000000
0124C 00000000
01250 00000000
01254 00000000
01258 00000000
0125C 00000000
01260 00000000
01264 00000000
01268 00000000
0126C 00000000
01270 00000000
01274 00000000
01278 00000000
0127C 00000000
01280 00000000
01284 00000000
01288 00000000
0128C 00000000
01290 00000000
01294 00000000
01298 00000000
0129C 00000000
012A0 00000000
012A4 00000000
012A8 00000000
012AC 00000000
012B0 00000000
012B4 00000000
012B8 00000000
012BC 00000000
012C0 00000000
012C4 00000000
012C8 00000000
012CC 00000000
012D0 00000000
012D4 00000000
012D8 00000000
012DC 00000000
012E0 00000000
012E4 00000000
012E8 00000000
012EC 00000000
012F0 00000000
012F4 00000000
012F8 00000000
012FC 00000000
01300 00000000
01304 00000000
01308 00000000
0130C 00000000
01310 00000000
01314 00000000
01318 00000000
0131C 00000000
01320 00000000
01324 00000000
01328 00000000
0132C 00000000
01330 00000000
01334 00000000
01338 00000000
0133C 00000000
01340 00000000
01344 00000000
01348 00000000
0134C 00000000
01350 00000000
01354 00000000
01358 00000000
0135C 00000000
01360 00000000
01364 00000000
01368 00000000
0136C 00000000
01370 00000000
01374 00000000
01378 00000000
0137C 00000000
01380 00000000
01384 00000000
01388 00000000
0138C 00000000
01390 00000000
01394 00000000
01398 00000000
0139C 00000000
013A0 00000000
013A4 00000000
013A8 00000000
013AC 00000000
013B0 00000000
013B4 00000000
013B8 00000000
013BC 00000000
013C0 00000000
013C4 00000000
013C8 00000000
013CC 00000000
013D0 00000000
013D4 00000000
013D8 00000000
013DC 00000000
013E0 00000000
013E4 00000000
013E8 00000000
013EC 00000000
013F0 00000000
013F4 00000000
013F8 00000000
013FC 00000000
01400 00000000
01404 00000000
01408 00000000
0140C 00000000
01410 00000000
01414 00000000
01418 00000000
0141C 00000000
01420 00000000
01424 00000000
01428 00000000
0142C 00000000
01430 00000000
01434 00000000
01438 00000000
0143C 00000000
01440 00000000
01444 00000000
01448 00000000
0144C 00000000
01450 00000000
01454 00000000
01458 00000000
0145C 00000000
01460 00000000
01464 00000000
01468 00000000
0146C 00000000
01470 00000000
01474 00000000
01478 00000000
0147C 00000000
01480 00000000
01484 00000000
01488 00000000
0148C 00000000
01490 00000000
01494 00000000
01498 00000000
0149C 00000000
014A0 00000000
014A4 00000000
014A8 00000000
014AC 00000000
014B0 00000000
014B4 00000000
014B8 00000000
014BC 00000000
014C0 00000000
014C4 00000000
014C8 00000000
014CC 00000000
014D0 00000000
014D4 00000000
014D8 00000000
014DC 00000000
014E0 00000000
014E4 00000000
014E8 00000000
014EC 00000000
014F0 00000000
014F4 00000000
014F8 00000000
014FC 00000000
01500 00000000
01504 00000000
01508 00000000
0150C 00000000
01510 00000000
01514 00000000
01518 00000000
0151C 00000000
01520 00000000
01524 00000000
01528 00000000
0152C 00000000
01530 00000000
01534 00000000
01538 00000000
0153C 00000000
01540 00000000
01544 00000000
01548 00000000
0154C 00000000
01550 00000000
01554 00000000
01558 00000000
0155C 00000000
01560 00000000
01564 00000000
01568 00000000
0156C 00000000
01570 00000000
01574 00000000
01578 00000000
0157C 00000000
01580 00000000
01584 00000000
01588 00000000
0158C 00000000
01590 00000000
01594 00000000
01598 00000000
0159C 00000000
015A0 00000000
015A4 00000000
015A8 00000000
015AC 00000000
015B0 00000000
015B4 00000000
015B8 00000000
015BC 00000000
015C0 00000000
015C4 00000000
015C8 00000000
015CC 00000000
015D0 00000000
015D4 00000000
015D8 00000000
015DC 00000000
015E0 00000000
015E4 00000000
015E8 00000000
015EC 00000000
015F0 00000000
015F4 00000000
015F8 00000000
015FC 00000000
01600 00000000
01604 00000000
01608 00000000
0160C 00000000
01610 00000000
01614 00000000
01618 00000000
0161C 00000000
01620 00000000
01624 00000000
01628 00000000
0162C 00000000
01630 00000000
01634 00000000
01638 00000000
0163C 00000000
01640 00000000
01644 00000000
01648 00000000
0164C 00000000
01650 00000000
01654 00000000
01658 00000000
0165C 00000000
01660 00000000
01664 00000000
01668 00000000
0166C 00000000
01670 00000000
01674 00000000
01678 00000000
0167C 00000000
01680 00000000
01684 00000000
01688 00000000
0168C 00000000
01690 00000000
01694 00000000
01698 00000000
0169C 00000000
016A0 00000000
016A4 00000000
016A8 00000000
016AC 00000000
016B0 00000000
016B4 00000000
016B8 00000000
016BC 00000000
016C0 00000000
016C4 00000000
016C8 00000000
016CC 00000000
016D0 00000000
016D4 00000000
016D8 00000000
016DC 00000000
016E0 00000000
016E4 00000000
016E8 00000000
016EC 00000000
016F0 00000000
016F4 00000000
016F8 00000000
016FC 00000000
01700 00000000
01704 00000000
01708 00000000
0170C 00000000
01710 00000000
01714 00000000
01718 00000000
0171C 00000000
01720 00000000
01724 00000000
01728 00000000
0172C 00000000
01730 00000000
01734 00000000
01738 00000000
0173C 00000000
01740 00000000
01744 00000000
01748 00000000
0174C 00000000
01750 00000000
01754 00000000
01758 00000000
0175C 00000000
01760 00000000
01764 00000000
01768 00000000
0176C 00000000
01770 00000000
01774 00000000
01778 00000000
0177C 00000000
01780 00000000
01784 00000000
01788 00000000
0178C 00000000
01790 00000000
01794 00000000
01798 00000000
0179C 00000000
017A0 00000000
017A4 00000000
017A8 00000000
017AC 00000000
017B0 00000000
017B4 00000000
017B8 00000000
017BC 00000000
017C0 00000000
017C4 00000000
017C8 00000000
017CC 00000000
017D0 00000000
017D4 00000000
017D8 00000000
017DC 00000000
017E0 00000000
017E4 00000000
017E8 00000000
017EC 00000000
017F0 00000000
017F4 00000000
017F8 00000000
017FC 00000000
01800 00000000
01804 00000000
01808 00000000
0180C 00000000
01810 00000000
01814 00000000
01818 00000000
0181C 00000000
01820 00000000
01824 00000000
01828 00000000
0182C 00000000
01830 00000000
01834 00000000
01838 00000000
0183C 00000000
01840 00000000
01844 00000000
01848 00000000
0184C 00000000
01850 00000000
01854 00000000
01858 00000000
0185C 00000000
01860 00000000
01864 00000000
01868 00000000
0186C 00000000
01870 00000000
01874 00000000
01878 00000000
0187C 00000000
01880 00000000
01884 00000000
01888 00000000
0188C 00000000
01890 00000000
01894 00000000
01898 00000000
0189C 00000000
018A0 00000000
018A4 00000000
018A8 00000000
018AC 00000000
018B0 00000000
018B4 00000000
018B8 00000000
018BC 00000000
018C0 00000000
018C4 00000000
018C8 00000000
018CC 00000000
018D0 00000000
018D4 00000000
018D8 00000000
018DC 00000000
018E0 00000000
018E4 00000000
018E8 00000000
018EC 00000000
018F0 00000000
018F4 00000000
018F8 00000000
018FC 00000000
01900 00000000
01904 00000000
01908 00000000
0190C 00000000
01910 00000000
01914 00000000
01918 00000000
0191C 00000000
01920 00000000
01924 00000000
01928 00000000
0192C 00000000
01930 00000000
01934 00000000
01938 00000000
0193C 00000000
01940 00000000
01944 00000000
01948 00000000
0194C 00000000
01950 00000000
01954 00000000
01958 00000000
0195C 00000000
01960 00000000
01964 00000000
01968 00000000
0196C 00000000
01970 00000000
01974 00000000
01978 00000000
0197C 00000000
01980 00000000
01984 00000000
01988 00000000
0198C 00000000
01990 00000000
01994 00000000
01998 00000000
0199C 00000000
019A0 00000000
019A4 00000000
019A8 00000000
019AC 00000000
019B0 00000000
019B4 00000000
019B8 00000000
019BC 00000000
019C0 00000000
019C4 00000000
019C8 00000000
019CC 00000000
019D0 00000000
019D4 00000000
019D8 00000000
019DC 00000000
019E0 00000000
019E4 00000000
019E8 00000000
019EC 00000000
019F0 00000000
019F4 00000000
019F8 00000000
019FC 00000000
01A00 00000000
01A04 00000000
01A08 00000000
01A0C 00000000
01A10 00000000
01A14 00000000
01A18 00000000
01A1C 00000000
01A20 00000000
01A24 00000000
01A28 00000000
01A2C 00000000
01A30 00000000
01A34 00000000
01A38 00000000
01A3C 00000000
01A40 00000000
01A44 00000000
01A48 00000000
01A4C 00000000
01A50 00000000
01A54 00000000
01A58 00000000
01A5C 00000000
01A60 00000000
01A64 00000000
01A68 00000000
01A6C 00000000
01A70 00000000
01A74 00000000
01A78 00000000
01A7C 00000000
01A80 00000000
01A84 00000000
01A88 00000000
01A8C 00000000
01A90 00000000
01A94 00000000
01A98 00000000
01A9C 00000000
01AA0 00000000
01AA4 00000000
01AA8 00000000
01AAC 00000000
01AB0 00000000
01AB4 00000000
01AB8 00000000
01ABC 00000000
01AC0 00000000
01AC4 00000000
01AC8 00000000
01ACC 00000000
01AD0 00000000
01AD4 00000000
01AD8 00000000
01ADC 00000000
01AE0 00000000
01AE4 00000000
01AE8 00000000
01AEC 00000000
01AF0 00000000
01AF4 00000000
01AF8 00000000
01AFC 00000000
01B00 00000000
01B04 00000000
01B08 00000000
01B0C 00000000
01B10 00000000
01B14 00000000
01B18 00000000
01B1C 00000000
01B20 00000000
01B24 00000000
01B28 00000000
01B2C 00000000
01B30 00000000
01B34 00000000
01B38 00000000
01B3C 00000000
01B40 00000000
01B44 00000000
01B48 00000000
01B4C 00000000
01B50 00000000
01B54 00000000
01B58 00000000
01B5C 00000000
01B60 00000000
01B64 00000000
01B68 00000000
01B6C 00000000
01B70 00000000
01B74 00000000
01B78 00000000
01B7C 00000000
01B80 00000000
01B84 00000000
01B88 00000000
01B8C 00000000
01B90 00000000
01B94 00000000
01B98 00000000
01B9C 00000000
01BA0 00000000
01BA4 00000000
01BA8 00000000
01BAC 00000000
01BB0 00000000
01BB4 00000000
01BB8 00000000
01BBC 00000000
01BC0 00000000
01BC4 00000000
01BC8 00000000
01BCC 00000000
01BD0 00000000
01BD4 00000000
01BD8 00000000
01BDC 00000000
01BE0 00000000
01BE4 00000000
01BE8 00000000
01BEC 00000000
01BF0 00000000
01BF4 00000000
01BF8 00000000
01BFC 00000000
01C00 00000000
01C04 00000000
01C08 00000000
01C0C 00000000
01C10 00000000
01C14 00000000
01C18 00000000
01C1C 00000000
01C20 00000000
01C24 00000000
01C28 00000000
01C2C 00000000
01C30 00000000
01C34 00000000
01C38 00000000
01C3C 00000000
01C40 00000000
01C44 00000000
01C48 00000000
01C4C 00000000
01C50 00000000
01C54 00000000
01C58 00000000
01C5C 00000000
01C60 00000000
01C64 00000000
01C68 00000000
01C6C 00000000
01C70 00000000
01C74 00000000
01C78 00000000
01C7C 00000000
01C80 00000000
01C84 00000000
01C88 00000000
01C8C 00000000
01C90 00000000
01C94 00000000
01C98 00000000
01C9C 00000000
01CA0 00000000
01CA4 00000000
01CA8 00000000
01CAC 00000000
01CB0 00000000
01CB4 00000000
01CB8 00000000
01CBC 00000000
01CC0 00000000
01CC4 00000000
01CC8 00000000
01CCC 00000000
01CD0 00000000
01CD4 00000000
01CD8 00000000
01CDC 00000000
01CE0 00000000
01CE4 00000000
01CE8 00000000
01CEC 00000000
01CF0 00000000
01CF4 00000000
01CF8 00000000
01CFC 00000000
01D00 00000000
01D04 00000000
01D08 00000000
01D0C 00000000
01D10 00000000
01D14 00000000
01D18 00000000
01D1C 00000000
01D20 00000000
01D24 00000000
01D28 00000000
01D2C 00000000
01D30 00000000
01D34 00000000
01D38 00000000
01D3C 00000000
01D40 00000000
01D44 00000000
01D48 00000000
01D4C 00000000
01D50 00000000
01D54 00000000
01D58 00000000
01D5C 00000000
01D60 00000000
01D64 00000000
01D68 00000000
01D6C 00000000
01D70 00000000
01D74 00000000
01D78 00000000
01D7C 00000000
01D80 00000000
01D84 00000000
01D88 00000000
01D8C 00000000
01D90 00000000
01D94 00000000
01D98 00000000
01D9C 00000000
01DA0 00000000
01DA4 00000000
01DA8 00000000
01DAC 00000000
01DB0 00000000
01DB4 00000000
01DB8 00000000
01DBC 00000000
01DC0 00000000
01DC4 00000000
01DC8 00000000
01DCC 00000000
01DD0 00000000
01DD4 00000000
01DD8 00000000
01DDC 00000000
01DE0 00000000
01DE4 00000000
01DE8 00000000
01DEC 00000000
01DF0 00000000
01DF4 00000000
01DF8 00000000
01DFC 00000000
01E00 00000000
01E04 00000000
01E08 00000000
01E0C 00000000
01E10 00000000
01E14 00000000
01E18 00000000
01E1C 00000000
01E20 00000000
01E24 00000000
01E28 00000000
01E2C 00000000
01E30 00000000
01E34 00000000
01E38 00000000
01E3C 00000000
01E40 00000000
01E44 00000000
01E48 00000000
01E4C 00000000
01E50 00000000
01E54 00000000
01E58 00000000
01E5C 00000000
01E60 00000000
01E64 00000000
01E68 00000000
01E6C 00000000
01E70 00000000
01E74 00000000
01E78 00000000
01E7C 00000000
01E80 00000000
01E84 00000000
01E88 00000000
01E8C 00000000
01E90 00000000
01E94 00000000
01E98 00000000
01E9C 00000000
01EA0 00000000
01EA4 00000000
01EA8 00000000
01EAC 00000000
01EB0 00000000
01EB4 00000000
01EB8 00000000
01EBC 00000000
01EC0 00000000
01EC4 00000000
01EC8 00000000
01ECC 00000000
01ED0 00000000
01ED4 00000000
01ED8 00000000
01EDC 00000000
01EE0 00000000
01EE4 00000000
01EE8 00000000
01EEC 00000000
01EF0 00000000
01EF4 00000000
01EF8 00000000
01EFC 00000000
01F00 00000000
01F04 00000000
01F08 00000000
01F0C 00000000
01F10 00000000
01F14 00000000
01F18 00000000
01F1C 00000000
01F20 00000000
01F24 00000000
01F28 00000000
01F2C 00000000
01F30 00000000
01F34 00000000
01F38 00000000
01F3C 00000000
01F40 00000000
01F44 00000000
01F48 00000000
01F4C 00000000
01F50 00000000
01F54 00000000
01F58 00000000
01F5C 00000000
01F60 00000000
01F64 00000000
01F68 00000000
01F6C 00000000
01F70 00000000
01F74 00000000
01F78 00000000
01F7C 00000000
01F80 00000000
01F84 00000000
01F88 00000000
01F8C 00000000
01F90 00000000
01F94 00000000
01F98 00000000
01F9C 00000000
01FA0 00000000
01FA4 00000000
01FA8 00000000
01FAC 00000000
01FB0 00000000
01FB4 00000000
01FB8 00000000
01FBC 00000000
01FC0 00000000
01FC4 00000000
01FC8 00000000
01FCC 00000000
01FD0 00000000
01FD4 00000000
01FD8 00000000
01FDC 00000000
01FE0 00000000
01FE4 00000000
01FE8 00000000
01FEC 00000000
01FF0 00000000
01FF4 00000000
01FF8 00000000
01FFC 00000000
02000 00000000
02004 00000000
02008 00000000
0200C 00000000
02010 00000000
02014 00000000
02018 00000000
0201C 00000000
02020 00000000
02024 00000000
02028 00000000
0202C 00000000
02030 00000000
02034 00000000
02038 00000000
0203C 00000000
02040 00000000
02044 00000000
02048 00000000
0204C 00000000
02050 00000000
02054 00000000
02058 00000000
0205C 00000000
02060 00000000
02064 00000000
02068 00000000
0206C 00000000
02070 00000000
02074 00000000
02078 00000000
0207C 00000000
02080 00000000
02084 00000000
02088 00000000
0208C 00000000
02090 00000000
02094 00000000
02098 00000000
0209C 00000000
020A0 00000000
020A4 00000000
020A8 00000000
020AC 00000000
020B0 00000000
020B4 00000000
020B8 00000000
020BC 00000000
020C0 00000000
020C4 00000000
020C8 00000000
020CC 00000000
020D0 00000000
020D4 00000000
020D8 00000000
020DC 00000000
020E0 00000000
020E4 00000000
020E8 00000000
020EC 00000000
020F0 00000000
020F4 00000000
020F8 00000000
020FC 00000000
02100 00000000
02104 00000000
02108 00000000
0210C 00000000
02110 00000000
02114 00000000
02118 00000000
0211C 00000000
02120 00000000
02124 00000000
02128 00000000
0212C 00000000
02130 00000000
02134 00000000
02138 00000000
0213C 00000000
02140 00000000
02144 00000000
02148 00000000
0214C 00000000
02150 00000000
02154 00000000
02158 00000000
0215C 00000000
02160 00000000
02164 00000000
02168 00000000
0216C 00000000
02170 00000000
02174 00000000
02178 00000000
0217C 00000000
02180 00000000
02184 00000000
02188 00000000
0218C 00000000
02190 00000000
02194 00000000
02198 00000000
0219C 00000000
021A0 00000000
021A4 00000000
021A8 00000000
021AC 00000000
021B0 00000000
021B4 00000000
021B8 00000000
021BC 00000000
021C0 00000000
021C4 00000000
021C8 00000000
021CC 00000000
021D0 00000000
021D4 00000000
021D8 00000000
021DC 00000000
021E0 00000000
021E4 00000000
021E8 00000000
021EC 00000000
021F0 00000000
021F4 00000000
021F8 00000000
021FC 00000000
02200 00000000
02204 00000000
02208 00000000
0220C 00000000
02210 00000000
02214 00000000
02218 00000000
0221C 00000000
02220 00000000
02224 00000000
02228 00000000
0222C 00000000
02230 00000000
02234 00000000
02238 00000000
0223C 00000000
02240 00000000
02244 00000000
02248 00000000
0224C 00000000
02250 00000000
02254 00000000
02258 00000000
0225C 00000000
02260 00000000
02264 00000000
02268 00000000
0226C 00000000
02270 00000000
02274 00000000
02278 00000000
0227C 00000000
02280 00000000
02284 00000000
02288 00000000
0228C 00000000
02290 00000000
02294 00000000
02298 00000000
0229C 00000000
022A0 00000000
022A4 00000000
022A8 00000000
022AC 00000000
022B0 00000000
022B4 00000000
022B8 00000000
022BC 00000000
022C0 00000000
022C4 00000000
022C8 00000000
022CC 00000000
022D0 00000000
022D4 00000000
022D8 00000000
022DC 00000000
022E0 00000000
022E4 00000000
022E8 00000000
022EC 00000000
022F0 00000000
022F4 00000000
022F8 00000000
022FC 00000000
02300 00000000
02304 00000000
02308 00000000
0230C 00000000
02310 00000000
02314 00000000
02318 00000000
0231C 00000000
02320 00000000
02324 00000000
02328 00000000
0232C 00000000
02330 00000000
02334 00000000
02338 00000000
0233C 00000000
02340 00000000
02344 00000000
02348 00000000
0234C 00000000
02350 00000000
02354 00000000
02358 00000000
0235C 00000000
02360 00000000
02364 00000000
02368 00000000
0236C 00000000
02370 00000000
02374 00000000
02378 00000000
0237C 00000000
02380 00000000
02384 00000000
02388 00000000
0238C 00000000
02390 00000000
02394 00000000
02398 00000000
0239C 00000000
023A0 00000000
023A4 00000000
023A8 00000000
023AC 00000000
023B0 00000000
023B4 00000000
023B8 00000000
023BC 00000000
023C0 00000000
023C4 00000000
023C8 00000000
023CC 00000000
023D0 00000000
023D4 00000000
023D8 00000000
023DC 00000000
023E0 00000000
023E4 00000000
023E8 00000000
023EC 00000000
023F0 00000000
023F4 00000000
023F8 00000000
023FC 00000000
02400 00000000
02404 00000000
02408 00000000
0240C 00000000
02410 00000000
02414 00000000
02418 00000000
0241C 00000000
02420 00000000
02424 00000000
02428 00000000
0242C 00000000
02430 00000000
02434 00000000
02438 00000000
0243C 00000000
02440 00000000
02444 00000000
02448 00000000
0244C 00000000
02450 00000000
02454 00000000
02458 00000000
0245C 00000000
02460 00000000
02464 00000000
02468 00000000
0246C 00000000
02470 00000000
02474 00000000
02478 00000000
0247C 00000000
02480 00000000
02484 00000000
02488 00000000
0248C 00000000
02490 00000000
02494 00000000
02498 00000000
0249C 00000000
024A0 00000000
024A4 00000000
024A8 00000000
024AC 00000000
024B0 00000000
024B4 00000000
024B8 00000000
024BC 00000000
024C0 00000000
024C4 00000000
024C8 00000000
024CC 00000000
024D0 00000000
024D4 00000000
024D8 00000000
024DC 00000000
024E0 00000000
024E4 00000000
024E8 00000000
024EC 00000000
024F0 00000000
024F4 00000000
024F8 00000000
024FC 00000000
02500 00000000
02504 00000000
02508 00000000
0250C 00000000
02510 00000000
02514 00000000
02518 00000000
0251C 00000000
02520 00000000
02524 00000000
02528 00000000
0252C 00000000
02530 00000000
02534 00000000
02538 00000000
0253C 00000000
02540 00000000
02544 00000000
02548 00000000
0254C 00000000
02550 00000000
02554 00000000
02558 00000000
0255C 00000000
02560 00000000
02564 00000000
02568 00000000
0256C 00000000
02570 00000000
02574 00000000
02578 00000000
0257C 00000000
02580 00000000
02584 00000000
02588 00000000
0258C 00000000
02590 00000000
02594 00000000
02598 00000000
0259C 00000000
025A0 00000000
025A4 00000000
025A8 00000000
025AC 00000000
025B0 00000000
025B4 00000000
025B8 00000000
025BC 00000000
025C0 00000000
025C4 00000000
025C8 00000000
025CC 00000000
025D0 00000000
025D4 00000000
025D8 00000000
025DC 00000000
025E0 00000000
025E4 00000000
025E8 00000000
025EC 00000000
025F0 00000000
025F4 00000000
025F8 00000000
025FC 00000000
02600 00000000
02604 00000000
02608 00000000
0260C 00000000
02610 00000000
02614 00000000
02618 00000000
0261C 00000000
02620 00000000
02624 00000000
02628 00000000
0262C 00000000
02630 00000000
02634 00000000
02638 00000000
0263C 00000000
02640 00000000
02644 00000000
02648 00000000
0264C 00000000
02650 00000000
02654 00000000
02658 00000000
0265C 00000000
02660 00000000
02664 00000000
02668 00000000
0266C 00000000
02670 00000000
02674 00000000
02678 00000000
0267C 00000000
02680 00000000
02684 00000000
02688 00000000
0268C 00000000
02690 00000000
02694 00000000
02698 00000000
0269C 00000000
026A0 00000000
026A4 00000000
026A8 00000000
026AC 00000000
026B0 00000000
026B4 00000000
026B8 00000000
026BC 00000000
026C0 00000000
026C4 00000000
026C8 00000000
026CC 00000000
026D0 00000000
026D4 00000000
026D8 00000000
026DC 00000000
026E0 00000000
026E4 00000000
026E8 00000000
026EC 00000000
026F0 00000000
026F4 00000000
026F8 00000000
026FC 00000000
02700 00000000
02704 00000000
02708 00000000
0270C 00000000
02710 00000000
02714 00000000
02718 00000000
0271C 00000000
02720 00000000
02724 00000000
02728 00000000
0272C 00000000
02730 00000000
02734 00000000
02738 00000000
0273C 00000000
02740 00000000
02744 00000000
02748 00000000
0274C 00000000
02750 00000000
02754 00000000
02758 00000000
0275C 00000000
02760 00000000
02764 00000000
02768 00000000
0276C 00000000
02770 00000000
02774 00000000
02778 00000000
0277C 00000000
02780 00000000
02784 00000000
02788 00000000
0278C 00000000
02790 00000000
02794 00000000
02798 00000000
0279C 00000000
027A0 00000000
027A4 00000000
027A8 00000000
027AC 00000000
027B0 00000000
027B4 00000000
027B8 00000000
027BC 00000000
027C0 00000000
027C4 00000000
027C8 00000000
027CC 00000000
027D0 00000000
027D4 00000000
027D8 00000000
027DC 00000000
027E0 00000000
027E4 00000000
027E8 00000000
027EC 00000000
027F0 00000000
027F4 00000000
027F8 00000000
027FC 00000000
02800 00000000
02804 00000000
02808 00000000
0280C 00000000
02810 00000000
02814 00000000
02818 00000000
0281C 00000000
02820 00000000
02824 00000000
02828 00000000
0282C 00000000
02830 00000000
02834 00000000
02838 00000000
0283C 00000000
02840 00000000
02844 00000000
02848 00000000
0284C 00000000
02850 00000000
02854 00000000
02858 00000000
0285C 00000000
02860 00000000
02864 00000000
02868 00000000
0286C 00000000
02870 00000000
02874 00000000
02878 00000000
0287C 00000000
02880 00000000
02884 00000000
02888 00000000
0288C 00000000
02890 00000000
02894 00000000
02898 00000000
0289C 00000000
028A0 00000000
028A4 00000000
028A8 00000000
028AC 00000000
028B0 00000000
028B4 00000000
028B8 00000000
028BC 00000000
028C0 00000000
028C4 00000000
028C8 00000000
028CC 00000000
028D0 00000000
028D4 00000000
028D8 00000000
028DC 00000000
028E0 00000000
028E4 00000000
028E8 00000000
028EC 00000000
028F0 00000000
028F4 00000000
028F8 00000000
028FC 00000000
02900 00000000
02904 00000000
02908 00000000
0290C 00000000
02910 00000000
02914 00000000
02918 00000000
0291C 00000000
02920 00000000
02924 00000000
02928 00000000
0292C 00000000
02930 00000000
02934 00000000
02938 00000000
0293C 00000000
02940 00000000
02944 00000000
02948 00000000
0294C 00000000
02950 00000000
02954 00000000
02958 00000000
0295C 00000000
02960 00000000
02964 00000000
02968 00000000
0296C 00000000
02970 00000000
02974 00000000
02978 00000000
0297C 00000000
02980 00000000
02984 00000000
02988 00000000
0298C 00000000
02990 00000000
02994 00000000
02998 00000000
0299C 00000000
029A0 00000000
029A4 00000000
029A8 00000000
029AC 00000000
029B0 00000000
029B4 00000000
029B8 00000000
029BC 00000000
029C0 00000000
029C4 00000000
029C8 00000000
029CC 00000000
029D0 00000000
029D4 00000000
029D8 00000000
029DC 00000000
029E0 00000000
029E4 00000000
029E8 00000000
029EC 00000000
029F0 00000000
029F4 00000000
029F8 00000000
029FC 00000000
02A00 00000000
02A04 00000000
02A08 00000000
02A0C 00000000
02A10 00000000
02A14 00000000
02A18 00000000
02A1C 00000000
02A20 00000000
02A24 00000000
02A28 00000000
02A2C 00000000
02A30 00000000
02A34 00000000
02A38 00000000
02A3C 00000000
02A40 00000000
02A44 00000000
02A48 00000000
02A4C 00000000
02A50 00000000
02A54 00000000
02A58 00000000
02A5C 00000000
02A60 00000000
02A64 00000000
02A68 00000000
02A6C 00000000
02A70 00000000
02A74 00000000
02A78 00000000
02A7C 00000000
02A80 00000000
02A84 00000000
02A88 00000000
02A8C 00000000
02A90 00000000
02A94 00000000
02A98 00000000
02A9C 00000000
02AA0 00000000
02AA4 00000000
02AA8 00000000
02AAC 00000000
02AB0 00000000
02AB4 00000000
02AB8 00000000
02ABC 00000000
02AC0 00000000
02AC4 00000000
02AC8 00000000
02ACC 00000000
02AD0 00000000
02AD4 00000000
02AD8 00000000
02ADC 00000000
02AE0 00000000
02AE4 00000000
02AE8 00000000
02AEC 00000000
02AF0 00000000
02AF4 00000000
02AF8 00000000
02AFC 00000000
02B00 00000000
02B04 00000000
02B08 00000000
02B0C 00000000
02B10 00000000
02B14 00000000
02B18 00000000
02B1C 00000000
02B20 00000000
02B24 00000000
02B28 00000000
02B2C 00000000
02B30 00000000
02B34 00000000
02B38 00000000
02B3C 00000000
02B40 00000000
02B44 00000000
02B48 00000000
02B4C 00000000
02B50 00000000
02B54 00000000
02B58 00000000
02B5C 00000000
02B60 00000000
02B64 00000000
02B68 00000000
02B6C 00000000
02B70 00000000
02B74 00000000
02B78 00000000
02B7C 00000000
02B80 00000000
02B84 00000000
02B88 00000000
02B8C 00000000
02B90 00000000
02B94 00000000
02B98 00000000
02B9C 00000000
02BA0 00000000
02BA4 00000000
02BA8 00000000
02BAC 00000000
02BB0 00000000
02BB4 00000000
02BB8 00000000
02BBC 00000000
02BC0 00000000
02BC4 00000000
02BC8 00000000
02BCC 00000000
02BD0 00000000
02BD4 00000000
02BD8 00000000
02BDC 00000000
02BE0 00000000
02BE4 00000000
02BE8 00000000
02BEC 00000000
02BF0 00000000
02BF4 00000000
02BF8 00000000
02BFC 00000000
02C00 00000000
02C04 00000000
02C08 00000000
02C0C 00000000
02C10 00000000
02C14 00000000
02C18 00000000
02C1C 00000000
02C20 00000000
02C24 00000000
02C28 00000000
02C2C 00000000
02C30 00000000
02C34 00000000
02C38 00000000
02C3C 00000000
02C40 00000000
02C44 00000000
02C48 00000000
02C4C 00000000
02C50 00000000
02C54 00000000
02C58 00000000
02C5C 00000000
02C60 00000000
02C64 00000000
02C68 00000000
02C6C 00000000
02C70 00000000
02C74 00000000
02C78 00000000
02C7C 00000000
02C80 00000000
02C84 00000000
02C88 00000000
02C8C 00000000
02C90 00000000
02C94 00000000
02C98 00000000
02C9C 00000000
02CA0 00000000
02CA4 00000000
02CA8 00000000
02CAC 00000000
02CB0 00000000
02CB4 00000000
02CB8 00000000
02CBC 00000000
02CC0 00000000
02CC4 00000000
02CC8 00000000
02CCC 00000000
02CD0 00000000
02CD4 00000000
02CD8 00000000
02CDC 00000000
02CE0 00000000
02CE4 00000000
02CE8 00000000
02CEC 00000000
02CF0 00000000
02CF4 00000000
02CF8 00000000
02CFC 00000000
02D00 00000000
02D04 00000000
02D08 00000000
02D0C 00000000
02D10 00000000
02D14 00000000
02D18 00000000
02D1C 00000000
02D20 00000000
02D24 00000000
02D28 00000000
02D2C 00000000
02D30 00000000
02D34 00000000
02D38 00000000
02D3C 00000000
02D40 00000000
02D44 00000000
02D48 00000000
02D4C 00000000
02D50 00000000
02D54 00000000
02D58 00000000
02D5C 00000000
02D60 00000000
02D64 00000000
02D68 00000000
02D6C 00000000
02D70 00000000
02D74 00000000
02D78 00000000
02D7C 00000000
02D80 00000000
02D84 00000000
02D88 00000000
02D8C 00000000
02D90 00000000
02D94 00000000
02D98 00000000
02D9C 00000000
02DA0 00000000
02DA4 00000000
02DA8 00000000
02DAC 00000000
02DB0 00000000
02DB4 00000000
02DB8 00000000
02DBC 00000000
02DC0 00000000
02DC4 00000000
02DC8 00000000
02DCC 00000000
02DD0 00000000
02DD4 00000000
02DD8 00000000
02DDC 00000000
02DE0 00000000
02DE4 00000000
02DE8 00000000
02DEC 00000000
02DF0 00000000
02DF4 00000000
02DF8 00000000
02DFC 00000000
02E00 00000000
02E04 00000000
02E08 00000000
02E0C 00000000
02E10 00000000
02E14 00000000
02E18 00000000
02E1C 00000000
02E20 00000000
02E24 00000000
02E28 00000000
02E2C 00000000
02E30 00000000
02E34 00000000
02E38 00000000
02E3C 00000000
02E40 00000000
02E44 00000000
02E48 00000000
02E4C 00000000
02E50 00000000
02E54 00000000
02E58 00000000
02E5C 00000000
02E60 00000000
02E64 00000000
02E68 00000000
02E6C 00000000
02E70 00000000
02E74 00000000
02E78 00000000
02E7C 00000000
02E80 00000000
02E84 00000000
02E88 00000000
02E8C 00000000
02E90 00000000
02E94 00000000
02E98 00000000
02E9C 00000000
02EA0 00000000
02EA4 00000000
02EA8 00000000
02EAC 00000000
02EB0 00000000
02EB4 00000000
02EB8 00000000
02EBC 00000000
02EC0 00000000
02EC4 00000000
02EC8 00000000
02ECC 00000000
02ED0 00000000
02ED4 00000000
02ED8 00000000
02EDC 00000000
02EE0 00000000
02EE4 00000000
02EE8 00000000
02EEC 00000000
02EF0 00000000
02EF4 00000000
02EF8 00000000
02EFC 00000000
02F00 00000000
02F04 00000000
02F08 00000000
02F0C 00000000
02F10 00000000
02F14 00000000
02F18 00000000
02F1C 00000000
02F20 00000000
02F24 00000000
02F28 00000000
02F2C 00000000
02F30 00000000
02F34 00000000
02F38 00000000
02F3C 00000000
02F40 00000000
02F44 00000000
02F48 00000000
02F4C 00000000
02F50 00000000
02F54 00000000
02F58 00000000
02F5C 00000000
02F60 00000000
02F64 00000000
02F68 00000000
02F6C 00000000
02F70 00000000
02F74 00000000
02F78 00000000
02F7C 00000000
02F80 00000000
02F84 00000000
02F88 00000000
02F8C 00000000
02F90 00000000
02F94 00000000
02F98 00000000
02F9C 00000000
02FA0 00000000
02FA4 00000000
02FA8 00000000
02FAC 00000000
02FB0 00000000
02FB4 00000000
02FB8 00000000
02FBC 00000000
02FC0 00000000
02FC4 00000000
02FC8 00000000
02FCC 00000000
02FD0 00000000
02FD4 00000000
02FD8 00000000
02FDC 00000000
02FE0 00000000
02FE4 00000000
02FE8 00000000
02FEC 00000000
02FF0 00000000
02FF4 00000000
02FF8 00000000
02FFC 00000000
03000 00000000
03004 00000000
