00000 FE0B08C4
00004 06510B7A
00008 0F38F304
0000C 0927085B
00010 FE6AF41A
00014 0DA8FBDE
00018 0A54049B
0001C F746FE30
00020 F20B01BF
00024 04370A7C
00028 FB580842
0002C 0C940F10
00030 F63A08E9
00034 F167FEEF
00038 05DCF4F0
0003C 0EF607D5
00040 FBDBFA6D
00044 F610FF07
00048 FF39F428
0004C 056FF743
00050 0AA5FDFD
00054 F9FF0669
00058 09C10AA2
0005C F93AFC66
00060 F47905D7
00064 F03CF666
00068 0546092E
0006C 08FC0691
00070 0233FEAF
00074 F3AAF479
00078 FF130564
0007C 087B0216
00080 01B70450
00084 F9BA01E5
00088 FDFAF0FC
0008C FD13F6DE
00090 F77C0B4F
00094 F901F1DE
00098 052EF965
0009C 091601D3
000A0 FD010542
000A4 F5580A0C
000A8 F2E2F0BA
000AC FEC8071E
000B0 0009F529
000B4 0648F4E0
000B8 FC31FE47
000BC 042BF9A6
000C0 F2CEFB94
000C4 0EC8F3C7
000C8 06640D13
000CC 0F03F882
000D0 06F108EC
000D4 F8B6FE61
000D8 0CE2F316
000DC F67AFE96
000E0 0289F9CA
000E4 0B69F5A8
000E8 07060846
000EC 0413FDD4
000F0 04CC02B1
000F4 FD4EF2B4
000F8 FFCFF155
000FC F4A0FA8E
00100 02CEF34F
00104 0D9BF575
00108 FB1A0298
0010C F0BB02E9
00110 FF6F0EAD
00114 F2A6090C
00118 FFB4FF93
0011C 024C0E03
00120 F88BFF27
00124 00A9FA9C
00128 F0B1FE0C
0012C 0CAD0A71
00130 01BBF47D
00134 0583F379
00138 051AF900
0013C 08990744
00140 0D50F373
00144 F132F75E
00148 FBDF01C1
0014C 09DD0A8E
00150 0E7EFA26
00154 007BF94F
00158 0DF4F831
0015C F170F544
00160 0FC2FDEC
00164 07F50C89
00168 0C970C81
0016C FA1C009A
00170 052C08B4
00174 F306FBF5
00178 F86607E6
0017C F7B60DFA
00180 0A98F3EE
00184 F5BDF4E8
00188 0BFC032E
0018C F9EEF649
00190 0F1908E1
00194 F49B0006
00198 F759F072
0019C 05AFF438
001A0 0034F3E6
001A4 02990637
001A8 09BBF665
001AC 07A606E5
001B0 F3F6F432
001B4 FCB90DAF
001B8 FFA2F9A1
001BC 0E940536
001C0 0D98F92B
001C4 01C4F0CC
001C8 F364044A
001CC FD69F47E
001D0 03130EEB
001D4 09BD0DDB
001D8 091DFEF5
001DC F37EF092
001E0 09800A8B
001E4 00FCF772
001E8 0BC50364
001EC FD34034D
001F0 FDA1FBF9
001F4 0BC204DD
001F8 F7EEFE86
001FC 07DFF793
00200 F1B50A21
00204 0B7100C3
00208 F30B0D53
0020C FAAD0214
00210 F9A9FC0B
00214 0657F494
00218 027FF1BE
0021C FDCEFD15
00220 02EBF35E
00224 FECFF341
00228 0739FF64
0022C 0CBF0251
00230 0D640F92
00234 0AD108DB
00238 066503B9
0023C 0408F6F7
00240 05C8F221
00244 FC530AAC
00248 F2B4FA82
0024C 0867FEE9
00250 090006F8
00254 F149F658
00258 04C7F15B
0025C FB8B02D3
00260 FC990306
00264 0477F1AA
00268 0DF30122
0026C F8A800B9
00270 F38A0E70
00274 F6750D24
00278 0E190C4B
0027C 0068FA25
00280 FA2DF4AD
00284 F8870D98
00288 F4660B27
0028C FBA70872
00290 0FE8F3CB
00294 F3FF0500
00298 F4C006B5
0029C 0793F127
002A0 00250A64
002A4 F479F32C
002A8 0EAF04E2
002AC FA100993
002B0 0C220B38
002B4 0025F128
002B8 0044F58A
002BC 0C5DFD64
002C0 0C00F9EE
002C4 FF4B0AFF
002C8 09A109BE
002CC F50BFFC0
002D0 F9160463
002D4 07D9F02C
002D8 FCEEF2EF
002DC 0D79FF2C
002E0 0B3CF49B
002E4 FD570CE3
002E8 02FF010C
002EC F4BB0330
002F0 0AC8F3E7
002F4 0429F1A7
002F8 FF2CF5E0
002FC 001EF738
00300 F1640D79
00304 F7710F59
00308 090B0441
0030C 0DF50DCD
00310 F36802D3
00314 0B3C0364
00318 F3D10F5C
0031C 00A60252
00320 F5CFF54C
00324 FBC309AA
00328 0972F939
0032C FE03F3D5
00330 0FF905F5
00334 F4F809A6
00338 F44BFEAD
0033C 0999021B
00340 F793F91C
00344 FBB908F1
00348 0E460784
0034C FC44F3BF
00350 054DF065
00354 0782F7A2
00358 F8E60917
0035C FA100677
00360 F7FBF4EA
00364 FA7B048F
00368 F81CF67A
0036C 075AF2CF
00370 04CEFE8A
00374 F62D0B2E
00378 F9C0045D
0037C 0ACC04BC
00380 0248F3B2
00384 FC2508EE
00388 02E2063C
0038C 01B2050D
00390 F2E50A6A
00394 F8AAF1D5
00398 FDB10251
0039C FFD004E1
003A0 FD52F0AD
003A4 05F2F44E
003A8 F30B0B8B
003AC 0DF5FD65
003B0 0CB4F974
003B4 06B809A1
003B8 038DF4A5
003BC F3B5FA1E
003C0 F193F1C6
003C4 F9800127
003C8 03B8F43A
003CC 08F808C7
003D0 F0EEFEAC
003D4 0F5E0DB1
003D8 044F0E46
003DC F24E0933
003E0 FBF5F597
003E4 0E5D0075
003E8 F57B03A9
003EC FF57057B
003F0 F7B5FE27
003F4 039208B5
003F8 FD2EF9A5
003FC 0AF20193
00400 FF1C7366
00404 FF8FAC4D
00408 FFAB1318
0040C FF5892BA
00410 FFA0B6A2
00414 007C4233
00418 FF078482
0041C 00A78346
00420 00B68D76
00424 FFBE9912
00428 FF4EA65A
0042C 0033A15B
00430 FF3D45B9
00434 FFBAD6B6
00438 00EAB73B
0043C 00FDAD85
00440 008B5155
00444 FF9F3659
00448 006015A2
0044C 00692B06
00450 FFC69330
00454 0048228E
00458 FF057E18
0045C FF6B099B
00460 000CD860
00464 FF53D736
00468 FF54F1BF
0046C 00AC3013
00470 00FA6FA4
00474 001CA806
00478 00AD9A8C
0047C 00FB0B71
00480 FF487F42
00484 FFE58073
00488 FFC8FF4A
0048C FF28FC38
00490 0082BAA3
00494 FFDE1849
00498 FFF04B9F
0049C FF4D2502
004A0 FF5CA26B
004A4 00D06FE3
004A8 FF16DC3F
004AC FF77386A
004B0 FF9588CD
004B4 FFFAFB2C
004B8 002C428B
004BC FFFC9081
004C0 FF2B112A
004C4 FF7CC1FB
004C8 00AFEAD1
004CC 00467207
004D0 004C5D44
004D4 005724E2
004D8 00869B39
004DC FF1DC065
004E0 FFBBB418
004E4 00143CF1
004E8 FFAD4A2B
004EC 00B05F89
004F0 FFF713BE
004F4 0089898E
004F8 00B43B61
004FC 00027407
00500 00D1B0D5
00504 002C9B82
00508 00B35727
0050C FFAE61EB
00510 FFFF64F0
00514 0010151C
00518 FF35BFE7
0051C FFCC0F13
00520 00D5AD49
00524 0042FC72
00528 FF5AE225
0052C FFAD7E7C
00530 FF6219CA
00534 FF0CB59E
00538 00DADC19
0053C FFE57B6E
00540 FF9D753D
00544 00326B9A
00548 FF03BEB8
0054C FF8E58EA
00550 0067F401
00554 00447D79
00558 00F6AF45
0055C 003D9F87
00560 FFF47BA6
00564 0085DA7D
00568 00CE80FE
0056C 0070FF0F
00570 00ED2A06
00574 009062FB
00578 00BBCD66
0057C FF3A6BD9
00580 0076FEE7
00584 FFE1534E
00588 001B306C
0058C 004EE683
00590 00F08B9B
00594 00F81A9E
00598 FF9392A7
0059C 0077AE8A
005A0 007FFDD8
005A4 FFB16783
005A8 FF3F6BDC
005AC FF14F700
005B0 008DFFEB
005B4 FFFAB9ED
005B8 00F898B9
005BC FFEE1100
005C0 00F4B189
005C4 FFD2BA17
005C8 00965D82
005CC FF2B6D6F
005D0 001C657A
005D4 009AA795
005D8 00D9727F
005DC 00A5299C
005E0 FF12EDD4
005E4 FFBED2D7
005E8 FF18EF02
005EC FF37F3D9
005F0 0059C1A9
005F4 006D302E
005F8 008C251E
005FC 00BB1D1F
00600 007A96C3
00604 009A0BD7
00608 FF1911C5
0060C FF7814FE
00610 003E6963
00614 00B75C33
00618 FF024DD7
0061C 00077D7F
00620 005AC56A
00624 FF0F28B0
00628 FFCD7E7A
0062C 00CA90A8
00630 0057DDA2
00634 FF79AE5B
00638 00B49FBA
0063C FFB2312D
00640 00B4E998
00644 FF990F24
00648 002E3E75
0064C FFCB3BBB
00650 FF8CB5DE
00654 00C5EADF
00658 FF600C47
0065C FF2B6C6D
00660 FFAF110C
00664 006F6E66
00668 009D67AD
0066C 00FF5B4A
00670 FF97BCC4
00674 FFD0DDC4
00678 FF460D70
0067C 0026559D
00680 00FEC2D0
00684 0066D9E0
00688 0030BFBD
0068C FFC8E49A
00690 00D4A20A
00694 FFFE6BDA
00698 FF44CBBD
0069C FFBB12E3
006A0 FF2263AB
006A4 FF6769CC
006A8 FF090BE2
006AC FFE8144E
006B0 0044E276
006B4 FFAFC408
006B8 FFD73C48
006BC 00EB1D7A
006C0 0081014F
006C4 0014EB29
006C8 FF91AF57
006CC 00CB432A
006D0 FF785EA6
006D4 FFA69353
006D8 00D170F1
006DC 000F2023
006E0 007C1119
006E4 002E761A
006E8 004E8F96
006EC FF9948C4
006F0 FF7B951E
006F4 FFA51DB8
006F8 FF4F9609
006FC 00BFA622
00700 FF9105BE
00704 001F7B8A
00708 00957DAC
0070C 00915165
00710 FFE0742A
00714 FFF3D7FF
00718 00FD498C
0071C 005964D7
00720 00A1184A
00724 00CE1B8E
00728 00933EFA
0072C FF5ECFD4
00730 001FD4D8
00734 FF342B79
00738 004E4BCF
0073C 00E9238F
00740 000684D1
00744 FFDDAE92
00748 FF1259FB
0074C 00EB6791
00750 FF34BCC5
00754 FF150852
00758 FF7DFC71
0075C FF218D34
00760 FFE90535
00764 00083CA9
00768 FFA0092B
0076C FF1A177E
00770 FF3923AF
00774 FFC4DDC2
00778 FF1EFD96
0077C 00657920
00780 FF69FE99
00784 FF9AA920
00788 FFC9CADB
0078C FFD54DDC
00790 FF00D9AC
00794 FF39614A
00798 00B9BC47
0079C FF00A19F
007A0 00042E83
007A4 FFFAA002
007A8 FFAA8B51
007AC FFDCD6E5
007B0 008FA855
007B4 00AEB241
007B8 FF854C67
007BC FFA51D78
007C0 FF7C26B6
007C4 FFF5B0A8
007C8 005DD40A
007CC FF74DD90
007D0 FFA95632
007D4 00DC5B5F
007D8 FF18DE13
007DC FFEBE9FE
007E0 006C5156
007E4 FF4D084F
007E8 FF184168
007EC FF46C2DB
007F0 00D66FFE
007F4 FF04BDB3
007F8 FF606BBD
007FC FF100465
00800 FF0023CD
00804 FF6043B8
00808 FE579D7A
0080C FEFA731C
00810 FDD6002E
00814 FFC6BDE4
00818 FE959FF5
0081C 014EE584
00820 034592D1
00824 FE436DCF
00828 00A06824
0082C FE8E60C3
00830 FE8A9562
00834 FEBC0333
00838 03715A4B
0083C FFF594C6
00840 02626313
00844 FEC4ADEA
00848 021A1132
0084C 00ABEA60
00850 006056EE
00854 00DF9235
00858 FFA45CEF
0085C FDF8BD88
00860 01FCC509
00864 FF887644
00868 FD46644D
0086C 01466526
00870 02ED4563
00874 FF734D6A
00878 00604C6F
0087C 02E5206B
00880 FD055463
00884 013CE8BF
00888 00AE336F
0088C FFCBB9FB
00890 014049BA
00894 FEBD03FF
00898 FD405B02
0089C FEC56ED7
008A0 FE944FE0
008A4 0254C2AD
008A8 FF961A22
008AC 016ACA70
008B0 FEA1E0CF
008B4 00CBE2B8
008B8 01BE96C6
008BC FE807278
008C0 FF27ED7F
008C4 FF7BA9B9
008C8 0077BAD3
008CC 00B595CA
008D0 01579326
008D4 0326D97B
008D8 00101EED
008DC FE2392D2
008E0 016C7138
008E4 0050B445
008E8 0028BFC7
008EC 00E946AB
008F0 00DF4AA0
008F4 FFA112AB
008F8 0001D067
008FC FEB5D95D
00900 00BD6B6D
00904 FF3C7290
00908 02532CB1
0090C FFE753F7
00910 FDFBCA2E
00914 015A6CC6
00918 009A9362
0091C FFBE0E2B
00920 FFC2AC20
00924 009F2A8F
00928 FE20BA44
0092C 0037F70E
00930 00906202
00934 FC5C1A46
00938 FF7F4678
0093C FF260124
00940 0068FFD9
00944 FE83F319
00948 FFD27A7B
0094C FC9F9755
00950 01E457D7
00954 0036CFCD
00958 0132807E
0095C 01F52068
00960 00FFCF04
00964 FFEAAAC9
00968 00C96C56
0096C 00BE9B3F
00970 00A88129
00974 FF67C0D4
00978 00DD366E
0097C FEF7D587
00980 0228D439
00984 01E465F5
00988 0155A9B7
0098C 01C9CA51
00990 FF5833D7
00994 019F40CE
00998 FE732AB3
0099C FF0BFFC9
009A0 FEA4405D
009A4 FFD433C4
009A8 FED0B7EA
009AC FE9C2D1D
009B0 00655425
009B4 038CCA18
009B8 00445643
009BC 002AEA19
009C0 025C7D22
009C4 009E2BEA
009C8 01DBD07C
009CC FEDD7017
009D0 FEFC9AD3
009D4 01F68939
009D8 01DF59CF
009DC 01D78255
009E0 FCA442B0
009E4 FF06D9C9
009E8 FF35B816
009EC FD7446C2
009F0 00DAB9D8
009F4 02B05293
009F8 FEA03452
009FC 00850570
00A00 0003E6F8
00A04 00FBAEB9
00A08 FFD6A77F
00A0C 01C39BB4
00A10 FFCCB79D
00A14 006B54EF
00A18 FEEA456C
00A1C FECDBDB4
00A20 FD7AACE0
00A24 00067FE3
00A28 FE0B0229
00A2C 0168332E
00A30 0124589B
00A34 FFACCCB5
00A38 0039CB05
00A3C 017C0CB0
00A40 02B5F872
00A44 FF367EB1
00A48 015CA50F
00A4C FD3ACF92
00A50 FFC492B9
00A54 0118793F
00A58 FF08BA45
00A5C FF690CE2
00A60 FFB06180
00A64 FEC2C059
00A68 FFFDAAC8
00A6C 011EE9D2
00A70 FF70BA4A
00A74 0155410C
00A78 FF7C21D7
00A7C 01543C42
00A80 001BE3DF
00A84 02B6865F
00A88 02E58863
00A8C FE6EF81D
00A90 01E6ADCF
00A94 011CB3F2
00A98 FEC696FF
00A9C 0224D49E
00AA0 FC91DC3D
00AA4 FDCDD929
00AA8 FE584EBD
00AAC FEB54BF4
00AB0 002B3658
00AB4 032EDB36
00AB8 FFBB9ECB
00ABC FF789D1C
00AC0 FF11EA63
00AC4 FF27391B
00AC8 00598624
00ACC 010D4DB6
00AD0 FFA6E9BC
00AD4 FFB05167
00AD8 02644222
00ADC 00E86E67
00AE0 007C34ED
00AE4 012D1640
00AE8 01A3CF30
00AEC FECA947E
00AF0 018E9400
00AF4 FDFA7611
00AF8 FDBA6BFF
00AFC FFD01E2F
00B00 FDAF6CCF
00B04 024ABFB2
00B08 023D4E1D
00B0C 00C98ADD
00B10 0121BB28
00B14 03214F3B
00B18 02CB2CF8
00B1C 02475A54
00B20 FCEE3D4C
00B24 03BD2370
00B28 0058658E
00B2C 000FFB77
00B30 002B4AFC
00B34 002E2B3A
00B38 FCB6E975
00B3C FFF0AB27
00B40 FE87B77C
00B44 FFD0C42D
00B48 FEF70D2D
00B4C 0114E196
00B50 FF71703F
00B54 FDA551B0
00B58 FFF896DA
00B5C FF199895
00B60 00BD3610
00B64 0137D587
00B68 FF70F275
00B6C 00C5BB83
00B70 FF8DBE29
00B74 FF47A0F1
00B78 012EBF6B
00B7C 025862D1
00B80 FEFC95AD
00B84 02C3CF7F
00B88 000AD2CA
00B8C 01A70821
00B90 FDF3640D
00B94 FE3B6067
00B98 FFA0BF67
00B9C FE4D3A46
00BA0 FCBB2F91
00BA4 FEBE32C5
00BA8 FD738730
00BAC FF528747
00BB0 FF32FA49
00BB4 042AF39C
00BB8 FF6EB81D
00BBC FFD0C2CA
00BC0 FF4882F3
00BC4 00AD91DE
00BC8 FD802FF2
00BCC 00161C05
00BD0 FEE4816E
00BD4 028F6A98
00BD8 00476660
00BDC 0021575E
00BE0 01477DC4
00BE4 FE63B49A
00BE8 FEFAE166
00BEC FDB27158
00BF0 FF9BCBA2
00BF4 FE519E4C
00BF8 FE680FEC
00BFC FF0314E0
00C00 00000000
00C04 00000000
00C08 00000000
00C0C 00000000
00C10 00000000
00C14 00000000
00C18 00000000
00C1C 00000000
00C20 00000000
00C24 00000000
00C28 00000000
00C2C 00000000
00C30 00000000
00C34 00000000
00C38 00000000
00C3C 00000000
00C40 00000000
00C44 00000000
00C48 00000000
00C4C 00000000
00C50 00000000
00C54 00000000
00C58 00000000
00C5C 00000000
00C60 00000000
00C64 00000000
00C68 00000000
00C6C 00000000
00C70 00000000
00C74 00000000
00C78 00000000
00C7C 00000000
00C80 00000000
00C84 00000000
00C88 00000000
00C8C 00000000
00C90 00000000
00C94 00000000
00C98 00000000
00C9C 00000000
00CA0 00000000
00CA4 00000000
00CA8 00000000
00CAC 00000000
00CB0 00000000
00CB4 00000000
00CB8 00000000
00CBC 00000000
00CC0 00000000
00CC4 00000000
00CC8 00000000
00CCC 00000000
00CD0 00000000
00CD4 00000000
00CD8 00000000
00CDC 00000000
00CE0 00000000
00CE4 00000000
00CE8 00000000
00CEC 00000000
00CF0 00000000
00CF4 00000000
00CF8 00000000
00CFC 00000000
00D00 00000000
00D04 00000000
00D08 00000000
00D0C 00000000
00D10 00000000
00D14 00000000
00D18 00000000
00D1C 00000000
00D20 00000000
00D24 00000000
00D28 00000000
00D2C 00000000
00D30 00000000
00D34 00000000
00D38 00000000
00D3C 00000000
00D40 00000000
00D44 00000000
00D48 00000000
00D4C 00000000
00D50 00000000
00D54 00000000
00D58 00000000
00D5C 00000000
00D60 00000000
00D64 00000000
00D68 00000000
00D6C 00000000
00D70 00000000
00D74 00000000
00D78 00000000
00D7C 00000000
00D80 00000000
00D84 00000000
00D88 00000000
00D8C 00000000
00D90 00000000
00D94 00000000
00D98 00000000
00D9C 00000000
00DA0 00000000
00DA4 00000000
00DA8 00000000
00DAC 00000000
00DB0 00000000
00DB4 00000000
00DB8 00000000
00DBC 00000000
00DC0 00000000
00DC4 00000000
00DC8 00000000
00DCC 00000000
00DD0 00000000
00DD4 00000000
00DD8 00000000
00DDC 00000000
00DE0 00000000
00DE4 00000000
00DE8 00000000
00DEC 00000000
00DF0 00000000
00DF4 00000000
00DF8 00000000
00DFC 00000000
00E00 00000000
00E04 00000000
00E08 00000000
00E0C 00000000
00E10 00000000
00E14 00000000
00E18 00000000
00E1C 00000000
00E20 00000000
00E24 00000000
00E28 00000000
00E2C 00000000
00E30 00000000
00E34 00000000
00E38 00000000
00E3C 00000000
00E40 00000000
00E44 00000000
00E48 00000000
00E4C 00000000
00E50 00000000
00E54 00000000
00E58 00000000
00E5C 00000000
00E60 00000000
00E64 00000000
00E68 00000000
00E6C 00000000
00E70 00000000
00E74 00000000
00E78 00000000
00E7C 00000000
00E80 00000000
00E84 00000000
00E88 00000000
00E8C 00000000
00E90 00000000
00E94 00000000
00E98 00000000
00E9C 00000000
00EA0 00000000
00EA4 00000000
00EA8 00000000
00EAC 00000000
00EB0 00000000
00EB4 00000000
00EB8 00000000
00EBC 00000000
00EC0 00000000
00EC4 00000000
00EC8 00000000
00ECC 00000000
00ED0 00000000
00ED4 00000000
00ED8 00000000
00EDC 00000000
00EE0 00000000
00EE4 00000000
00EE8 00000000
00EEC 00000000
00EF0 00000000
00EF4 00000000
00EF8 00000000
00EFC 00000000
00F00 00000000
00F04 00000000
00F08 00000000
00F0C 00000000
00F10 00000000
00F14 00000000
00F18 00000000
00F1C 00000000
00F20 00000000
00F24 00000000
00F28 00000000
00F2C 00000000
00F30 00000000
00F34 00000000
00F38 00000000
00F3C 00000000
00F40 00000000
00F44 00000000
00F48 00000000
00F4C 00000000
00F50 00000000
00F54 00000000
00F58 00000000
00F5C 00000000
00F60 00000000
00F64 00000000
00F68 00000000
00F6C 00000000
00F70 00000000
00F74 00000000
00F78 00000000
00F7C 00000000
00F80 00000000
00F84 00000000
00F88 00000000
00F8C 00000000
00F90 00000000
00F94 00000000
00F98 00000000
00F9C 00000000
00FA0 00000000
00FA4 00000000
00FA8 00000000
00FAC 00000000
00FB0 00000000
00FB4 00000000
00FB8 00000000
00FBC 00000000
00FC0 00000000
00FC4 00000000
00FC8 00000000
00FCC 00000000
00FD0 00000000
00FD4 00000000
00FD8 00000000
00FDC 00000000
00FE0 00000000
00FE4 00000000
00FE8 00000000
00FEC 00000000
00FF0 00000000
00FF4 00000000
00FF8 00000000
00FFC 00000000
01000 00000000
01004 00000000
01008 00000000
0100C 00000000
01010 00000000
01014 00000000
01018 00000000
0101C 00000000
01020 00000000
01024 00000000
01028 00000000
0102C 00000000
01030 00000000
01034 00000000
01038 00000000
0103C 00000000
01040 00000000
01044 00000000
01048 00000000
0104C 00000000
01050 00000000
01054 00000000
01058 00000000
0105C 00000000
01060 00000000
01064 00000000
01068 00000000
0106C 00000000
01070 00000000
01074 00000000
01078 00000000
0107C 00000000
01080 00000000
01084 00000000
01088 00000000
0108C 00000000
01090 00000000
01094 00000000
01098 00000000
0109C 00000000
010A0 00000000
010A4 00000000
010A8 00000000
010AC 00000000
010B0 00000000
010B4 00000000
010B8 00000000
010BC 00000000
010C0 00000000
010C4 00000000
010C8 00000000
010CC 00000000
010D0 00000000
010D4 00000000
010D8 00000000
010DC 00000000
010E0 00000000
010E4 00000000
010E8 00000000
010EC 00000000
010F0 00000000
010F4 00000000
010F8 00000000
010FC 00000000
01100 00000000
01104 00000000
01108 00000000
0110C 00000000
01110 00000000
01114 00000000
01118 00000000
0111C 00000000
01120 00000000
01124 00000000
01128 00000000
0112C 00000000
01130 00000000
01134 00000000
01138 00000000
0113C 00000000
01140 00000000
01144 00000000
01148 00000000
0114C 00000000
01150 00000000
01154 00000000
01158 00000000
0115C 00000000
01160 00000000
01164 00000000
01168 00000000
0116C 00000000
01170 00000000
01174 00000000
01178 00000000
0117C 00000000
01180 00000000
01184 00000000
01188 00000000
0118C 00000000
01190 00000000
01194 00000000
01198 00000000
0119C 00000000
011A0 00000000
011A4 00000000
011A8 00000000
011AC 00000000
011B0 00000000
011B4 00000000
011B8 00000000
011BC 00000000
011C0 00000000
011C4 00000000
011C8 00000000
011CC 00000000
011D0 00000000
011D4 00000000
011D8 00000000
011DC 00000000
011E0 00000000
011E4 00000000
011E8 00000000
011EC 00000000
011F0 00000000
011F4 00000000
011F8 00000000
011FC 00000000
01200 00000000
01204 00000000
01208 00000000
0120C 00000000
01210 00000000
01214 00000000
01218 00000000
0121C 00000000
01220 00000000
01224 00000000
01228 00000000
0122C 00000000
01230 00000000
01234 00000000
01238 00000000
0123C 00000000
01240 00000000
01244 00000000
01248 00000000
0124C 00000000
01250 00000000
01254 00000000
01258 00000000
0125C 00000000
01260 00000000
01264 00000000
01268 00000000
0126C 00000000
01270 00000000
01274 00000000
01278 00000000
0127C 00000000
01280 00000000
01284 00000000
01288 00000000
0128C 00000000
01290 00000000
01294 00000000
01298 00000000
0129C 00000000
012A0 00000000
012A4 00000000
012A8 00000000
012AC 00000000
012B0 00000000
012B4 00000000
012B8 00000000
012BC 00000000
012C0 00000000
012C4 00000000
012C8 00000000
012CC 00000000
012D0 00000000
012D4 00000000
012D8 00000000
012DC 00000000
012E0 00000000
012E4 00000000
012E8 00000000
012EC 00000000
012F0 00000000
012F4 00000000
012F8 00000000
012FC 00000000
01300 00000000
01304 00000000
01308 00000000
0130C 00000000
01310 00000000
01314 00000000
01318 00000000
0131C 00000000
01320 00000000
01324 00000000
01328 00000000
0132C 00000000
01330 00000000
01334 00000000
01338 00000000
0133C 00000000
01340 00000000
01344 00000000
01348 00000000
0134C 00000000
01350 00000000
01354 00000000
01358 00000000
0135C 00000000
01360 00000000
01364 00000000
01368 00000000
0136C 00000000
01370 00000000
01374 00000000
01378 00000000
0137C 00000000
01380 00000000
01384 00000000
01388 00000000
0138C 00000000
01390 00000000
01394 00000000
01398 00000000
0139C 00000000
013A0 00000000
013A4 00000000
013A8 00000000
013AC 00000000
013B0 00000000
013B4 00000000
013B8 00000000
013BC 00000000
013C0 00000000
013C4 00000000
013C8 00000000
013CC 00000000
013D0 00000000
013D4 00000000
013D8 00000000
013DC 00000000
013E0 00000000
013E4 00000000
013E8 00000000
013EC 00000000
013F0 00000000
013F4 00000000
013F8 00000000
013FC 00000000
01400 00000000
01404 00000000
01408 00000000
0140C 00000000
01410 00000000
01414 00000000
01418 00000000
0141C 00000000
01420 00000000
01424 00000000
01428 00000000
0142C 00000000
01430 00000000
01434 00000000
01438 00000000
0143C 00000000
01440 00000000
01444 00000000
01448 00000000
0144C 00000000
01450 00000000
01454 00000000
01458 00000000
0145C 00000000
01460 00000000
01464 00000000
01468 00000000
0146C 00000000
01470 00000000
01474 00000000
01478 00000000
0147C 00000000
01480 00000000
01484 00000000
01488 00000000
0148C 00000000
01490 00000000
01494 00000000
01498 00000000
0149C 00000000
014A0 00000000
014A4 00000000
014A8 00000000
014AC 00000000
014B0 00000000
014B4 00000000
014B8 00000000
014BC 00000000
014C0 00000000
014C4 00000000
014C8 00000000
014CC 00000000
014D0 00000000
014D4 00000000
014D8 00000000
014DC 00000000
014E0 00000000
014E4 00000000
014E8 00000000
014EC 00000000
014F0 00000000
014F4 00000000
014F8 00000000
014FC 00000000
01500 00000000
01504 00000000
01508 00000000
0150C 00000000
01510 00000000
01514 00000000
01518 00000000
0151C 00000000
01520 00000000
01524 00000000
01528 00000000
0152C 00000000
01530 00000000
01534 00000000
01538 00000000
0153C 00000000
01540 00000000
01544 00000000
01548 00000000
0154C 00000000
01550 00000000
01554 00000000
01558 00000000
0155C 00000000
01560 00000000
01564 00000000
01568 00000000
0156C 00000000
01570 00000000
01574 00000000
01578 00000000
0157C 00000000
01580 00000000
01584 00000000
01588 00000000
0158C 00000000
01590 00000000
01594 00000000
01598 00000000
0159C 00000000
015A0 00000000
015A4 00000000
015A8 00000000
015AC 00000000
015B0 00000000
015B4 00000000
015B8 00000000
015BC 00000000
015C0 00000000
015C4 00000000
015C8 00000000
015CC 00000000
015D0 00000000
015D4 00000000
015D8 00000000
015DC 00000000
015E0 00000000
015E4 00000000
015E8 00000000
015EC 00000000
015F0 00000000
015F4 00000000
015F8 00000000
015FC 00000000
01600 00000000
01604 00000000
01608 00000000
0160C 00000000
01610 00000000
01614 00000000
01618 00000000
0161C 00000000
01620 00000000
01624 00000000
01628 00000000
0162C 00000000
01630 00000000
01634 00000000
01638 00000000
0163C 00000000
01640 00000000
01644 00000000
01648 00000000
0164C 00000000
01650 00000000
01654 00000000
01658 00000000
0165C 00000000
01660 00000000
01664 00000000
01668 00000000
0166C 00000000
01670 00000000
01674 00000000
01678 00000000
0167C 00000000
01680 00000000
01684 00000000
01688 00000000
0168C 00000000
01690 00000000
01694 00000000
01698 00000000
0169C 00000000
016A0 00000000
016A4 00000000
016A8 00000000
016AC 00000000
016B0 00000000
016B4 00000000
016B8 00000000
016BC 00000000
016C0 00000000
016C4 00000000
016C8 00000000
016CC 00000000
016D0 00000000
016D4 00000000
016D8 00000000
016DC 00000000
016E0 00000000
016E4 00000000
016E8 00000000
016EC 00000000
016F0 00000000
016F4 00000000
016F8 00000000
016FC 00000000
01700 00000000
01704 00000000
01708 00000000
0170C 00000000
01710 00000000
01714 00000000
01718 00000000
0171C 00000000
01720 00000000
01724 00000000
01728 00000000
0172C 00000000
01730 00000000
01734 00000000
01738 00000000
0173C 00000000
01740 00000000
01744 00000000
01748 00000000
0174C 00000000
01750 00000000
01754 00000000
01758 00000000
0175C 00000000
01760 00000000
01764 00000000
01768 00000000
0176C 00000000
01770 00000000
01774 00000000
01778 00000000
0177C 00000000
01780 00000000
01784 00000000
01788 00000000
0178C 00000000
01790 00000000
01794 00000000
01798 00000000
0179C 00000000
017A0 00000000
017A4 00000000
017A8 00000000
017AC 00000000
017B0 00000000
017B4 00000000
017B8 00000000
017BC 00000000
017C0 00000000
017C4 00000000
017C8 00000000
017CC 00000000
017D0 00000000
017D4 00000000
017D8 00000000
017DC 00000000
017E0 00000000
017E4 00000000
017E8 00000000
017EC 00000000
017F0 00000000
017F4 00000000
017F8 00000000
017FC 00000000
01800 00000000
01804 00000000
01808 00000000
0180C 00000000
01810 00000000
01814 00000000
01818 00000000
0181C 00000000
01820 00000000
01824 00000000
01828 00000000
0182C 00000000
01830 00000000
01834 00000000
01838 00000000
0183C 00000000
01840 00000000
01844 00000000
01848 00000000
0184C 00000000
01850 00000000
01854 00000000
01858 00000000
0185C 00000000
01860 00000000
01864 00000000
01868 00000000
0186C 00000000
01870 00000000
01874 00000000
01878 00000000
0187C 00000000
01880 00000000
01884 00000000
01888 00000000
0188C 00000000
01890 00000000
01894 00000000
01898 00000000
0189C 00000000
018A0 00000000
018A4 00000000
018A8 00000000
018AC 00000000
018B0 00000000
018B4 00000000
018B8 00000000
018BC 00000000
018C0 00000000
018C4 00000000
018C8 00000000
018CC 00000000
018D0 00000000
018D4 00000000
018D8 00000000
018DC 00000000
018E0 00000000
018E4 00000000
018E8 00000000
018EC 00000000
018F0 00000000
018F4 00000000
018F8 00000000
018FC 00000000
01900 00000000
01904 00000000
01908 00000000
0190C 00000000
01910 00000000
01914 00000000
01918 00000000
0191C 00000000
01920 00000000
01924 00000000
01928 00000000
0192C 00000000
01930 00000000
01934 00000000
01938 00000000
0193C 00000000
01940 00000000
01944 00000000
01948 00000000
0194C 00000000
01950 00000000
01954 00000000
01958 00000000
0195C 00000000
01960 00000000
01964 00000000
01968 00000000
0196C 00000000
01970 00000000
01974 00000000
01978 00000000
0197C 00000000
01980 00000000
01984 00000000
01988 00000000
0198C 00000000
01990 00000000
01994 00000000
01998 00000000
0199C 00000000
019A0 00000000
019A4 00000000
019A8 00000000
019AC 00000000
019B0 00000000
019B4 00000000
019B8 00000000
019BC 00000000
019C0 00000000
019C4 00000000
019C8 00000000
019CC 00000000
019D0 00000000
019D4 00000000
019D8 00000000
019DC 00000000
019E0 00000000
019E4 00000000
019E8 00000000
019EC 00000000
019F0 00000000
019F4 00000000
019F8 00000000
019FC 00000000
01A00 00000000
01A04 00000000
01A08 00000000
01A0C 00000000
01A10 00000000
01A14 00000000
01A18 00000000
01A1C 00000000
01A20 00000000
01A24 00000000
01A28 00000000
01A2C 00000000
01A30 00000000
01A34 00000000
01A38 00000000
01A3C 00000000
01A40 00000000
01A44 00000000
01A48 00000000
01A4C 00000000
01A50 00000000
01A54 00000000
01A58 00000000
01A5C 00000000
01A60 00000000
01A64 00000000
01A68 00000000
01A6C 00000000
01A70 00000000
01A74 00000000
01A78 00000000
01A7C 00000000
01A80 00000000
01A84 00000000
01A88 00000000
01A8C 00000000
01A90 00000000
01A94 00000000
01A98 00000000
01A9C 00000000
01AA0 00000000
01AA4 00000000
01AA8 00000000
01AAC 00000000
01AB0 00000000
01AB4 00000000
01AB8 00000000
01ABC 00000000
01AC0 00000000
01AC4 00000000
01AC8 00000000
01ACC 00000000
01AD0 00000000
01AD4 00000000
01AD8 00000000
01ADC 00000000
01AE0 00000000
01AE4 00000000
01AE8 00000000
01AEC 00000000
01AF0 00000000
01AF4 00000000
01AF8 00000000
01AFC 00000000
01B00 00000000
01B04 00000000
01B08 00000000
01B0C 00000000
01B10 00000000
01B14 00000000
01B18 00000000
01B1C 00000000
01B20 00000000
01B24 00000000
01B28 00000000
01B2C 00000000
01B30 00000000
01B34 00000000
01B38 00000000
01B3C 00000000
01B40 00000000
01B44 00000000
01B48 00000000
01B4C 00000000
01B50 00000000
01B54 00000000
01B58 00000000
01B5C 00000000
01B60 00000000
01B64 00000000
01B68 00000000
01B6C 00000000
01B70 00000000
01B74 00000000
01B78 00000000
01B7C 00000000
01B80 00000000
01B84 00000000
01B88 00000000
01B8C 00000000
01B90 00000000
01B94 00000000
01B98 00000000
01B9C 00000000
01BA0 00000000
01BA4 00000000
01BA8 00000000
01BAC 00000000
01BB0 00000000
01BB4 00000000
01BB8 00000000
01BBC 00000000
01BC0 00000000
01BC4 00000000
01BC8 00000000
01BCC 00000000
01BD0 00000000
01BD4 00000000
01BD8 00000000
01BDC 00000000
01BE0 00000000
01BE4 00000000
01BE8 00000000
01BEC 00000000
01BF0 00000000
01BF4 00000000
01BF8 00000000
01BFC 00000000
01C00 00000000
01C04 00000000
01C08 00000000
01C0C 00000000
01C10 00000000
01C14 00000000
01C18 00000000
01C1C 00000000
01C20 00000000
01C24 00000000
01C28 00000000
01C2C 00000000
01C30 00000000
01C34 00000000
01C38 00000000
01C3C 00000000
01C40 00000000
01C44 00000000
01C48 00000000
01C4C 00000000
01C50 00000000
01C54 00000000
01C58 00000000
01C5C 00000000
01C60 00000000
01C64 00000000
01C68 00000000
01C6C 00000000
01C70 00000000
01C74 00000000
01C78 00000000
01C7C 00000000
01C80 00000000
01C84 00000000
01C88 00000000
01C8C 00000000
01C90 00000000
01C94 00000000
01C98 00000000
01C9C 00000000
01CA0 00000000
01CA4 00000000
01CA8 00000000
01CAC 00000000
01CB0 00000000
01CB4 00000000
01CB8 00000000
01CBC 00000000
01CC0 00000000
01CC4 00000000
01CC8 00000000
01CCC 00000000
01CD0 00000000
01CD4 00000000
01CD8 00000000
01CDC 00000000
01CE0 00000000
01CE4 00000000
01CE8 00000000
01CEC 00000000
01CF0 00000000
01CF4 00000000
01CF8 00000000
01CFC 00000000
01D00 00000000
01D04 00000000
01D08 00000000
01D0C 00000000
01D10 00000000
01D14 00000000
01D18 00000000
01D1C 00000000
01D20 00000000
01D24 00000000
01D28 00000000
01D2C 00000000
01D30 00000000
01D34 00000000
01D38 00000000
01D3C 00000000
01D40 00000000
01D44 00000000
01D48 00000000
01D4C 00000000
01D50 00000000
01D54 00000000
01D58 00000000
01D5C 00000000
01D60 00000000
01D64 00000000
01D68 00000000
01D6C 00000000
01D70 00000000
01D74 00000000
01D78 00000000
01D7C 00000000
01D80 00000000
01D84 00000000
01D88 00000000
01D8C 00000000
01D90 00000000
01D94 00000000
01D98 00000000
01D9C 00000000
01DA0 00000000
01DA4 00000000
01DA8 00000000
01DAC 00000000
01DB0 00000000
01DB4 00000000
01DB8 00000000
01DBC 00000000
01DC0 00000000
01DC4 00000000
01DC8 00000000
01DCC 00000000
01DD0 00000000
01DD4 00000000
01DD8 00000000
01DDC 00000000
01DE0 00000000
01DE4 00000000
01DE8 00000000
01DEC 00000000
01DF0 00000000
01DF4 00000000
01DF8 00000000
01DFC 00000000
01E00 00000000
01E04 00000000
01E08 00000000
01E0C 00000000
01E10 00000000
01E14 00000000
01E18 00000000
01E1C 00000000
01E20 00000000
01E24 00000000
01E28 00000000
01E2C 00000000
01E30 00000000
01E34 00000000
01E38 00000000
01E3C 00000000
01E40 00000000
01E44 00000000
01E48 00000000
01E4C 00000000
01E50 00000000
01E54 00000000
01E58 00000000
01E5C 00000000
01E60 00000000
01E64 00000000
01E68 00000000
01E6C 00000000
01E70 00000000
01E74 00000000
01E78 00000000
01E7C 00000000
01E80 00000000
01E84 00000000
01E88 00000000
01E8C 00000000
01E90 00000000
01E94 00000000
01E98 00000000
01E9C 00000000
01EA0 00000000
01EA4 00000000
01EA8 00000000
01EAC 00000000
01EB0 00000000
01EB4 00000000
01EB8 00000000
01EBC 00000000
01EC0 00000000
01EC4 00000000
01EC8 00000000
01ECC 00000000
01ED0 00000000
01ED4 00000000
01ED8 00000000
01EDC 00000000
01EE0 00000000
01EE4 00000000
01EE8 00000000
01EEC 00000000
01EF0 00000000
01EF4 00000000
01EF8 00000000
01EFC 00000000
01F00 00000000
01F04 00000000
01F08 00000000
01F0C 00000000
01F10 00000000
01F14 00000000
01F18 00000000
01F1C 00000000
01F20 00000000
01F24 00000000
01F28 00000000
01F2C 00000000
01F30 00000000
01F34 00000000
01F38 00000000
01F3C 00000000
01F40 00000000
01F44 00000000
01F48 00000000
01F4C 00000000
01F50 00000000
01F54 00000000
01F58 00000000
01F5C 00000000
01F60 00000000
01F64 00000000
01F68 00000000
01F6C 00000000
01F70 00000000
01F74 00000000
01F78 00000000
01F7C 00000000
01F80 00000000
01F84 00000000
01F88 00000000
01F8C 00000000
01F90 00000000
01F94 00000000
01F98 00000000
01F9C 00000000
01FA0 00000000
01FA4 00000000
01FA8 00000000
01FAC 00000000
01FB0 00000000
01FB4 00000000
01FB8 00000000
01FBC 00000000
01FC0 00000000
01FC4 00000000
01FC8 00000000
01FCC 00000000
01FD0 00000000
01FD4 00000000
01FD8 00000000
01FDC 00000000
01FE0 00000000
01FE4 00000000
01FE8 00000000
01FEC 00000000
01FF0 00000000
01FF4 00000000
01FF8 00000000
01FFC 00000000
02000 00000000
02004 00000000
02008 00000000
0200C 00000000
02010 00000000
02014 00000000
02018 00000000
0201C 00000000
02020 00000000
02024 00000000
02028 00000000
0202C 00000000
02030 00000000
02034 00000000
02038 00000000
0203C 00000000
02040 00000000
02044 00000000
02048 00000000
0204C 00000000
02050 00000000
02054 00000000
02058 00000000
0205C 00000000
02060 00000000
02064 00000000
02068 00000000
0206C 00000000
02070 00000000
02074 00000000
02078 00000000
0207C 00000000
02080 00000000
02084 00000000
02088 00000000
0208C 00000000
02090 00000000
02094 00000000
02098 00000000
0209C 00000000
020A0 00000000
020A4 00000000
020A8 00000000
020AC 00000000
020B0 00000000
020B4 00000000
020B8 00000000
020BC 00000000
020C0 00000000
020C4 00000000
020C8 00000000
020CC 00000000
020D0 00000000
020D4 00000000
020D8 00000000
020DC 00000000
020E0 00000000
020E4 00000000
020E8 00000000
020EC 00000000
020F0 00000000
020F4 00000000
020F8 00000000
020FC 00000000
02100 00000000
02104 00000000
02108 00000000
0210C 00000000
02110 00000000
02114 00000000
02118 00000000
0211C 00000000
02120 00000000
02124 00000000
02128 00000000
0212C 00000000
02130 00000000
02134 00000000
02138 00000000
0213C 00000000
02140 00000000
02144 00000000
02148 00000000
0214C 00000000
02150 00000000
02154 00000000
02158 00000000
0215C 00000000
02160 00000000
02164 00000000
02168 00000000
0216C 00000000
02170 00000000
02174 00000000
02178 00000000
0217C 00000000
02180 00000000
02184 00000000
02188 00000000
0218C 00000000
02190 00000000
02194 00000000
02198 00000000
0219C 00000000
021A0 00000000
021A4 00000000
021A8 00000000
021AC 00000000
021B0 00000000
021B4 00000000
021B8 00000000
021BC 00000000
021C0 00000000
021C4 00000000
021C8 00000000
021CC 00000000
021D0 00000000
021D4 00000000
021D8 00000000
021DC 00000000
021E0 00000000
021E4 00000000
021E8 00000000
021EC 00000000
021F0 00000000
021F4 00000000
021F8 00000000
021FC 00000000
02200 00000000
02204 00000000
02208 00000000
0220C 00000000
02210 00000000
02214 00000000
02218 00000000
0221C 00000000
02220 00000000
02224 00000000
02228 00000000
0222C 00000000
02230 00000000
02234 00000000
02238 00000000
0223C 00000000
02240 00000000
02244 00000000
02248 00000000
0224C 00000000
02250 00000000
02254 00000000
02258 00000000
0225C 00000000
02260 00000000
02264 00000000
02268 00000000
0226C 00000000
02270 00000000
02274 00000000
02278 00000000
0227C 00000000
02280 00000000
02284 00000000
02288 00000000
0228C 00000000
02290 00000000
02294 00000000
02298 00000000
0229C 00000000
022A0 00000000
022A4 00000000
022A8 00000000
022AC 00000000
022B0 00000000
022B4 00000000
022B8 00000000
022BC 00000000
022C0 00000000
022C4 00000000
022C8 00000000
022CC 00000000
022D0 00000000
022D4 00000000
022D8 00000000
022DC 00000000
022E0 00000000
022E4 00000000
022E8 00000000
022EC 00000000
022F0 00000000
022F4 00000000
022F8 00000000
022FC 00000000
02300 00000000
02304 00000000
02308 00000000
0230C 00000000
02310 00000000
02314 00000000
02318 00000000
0231C 00000000
02320 00000000
02324 00000000
02328 00000000
0232C 00000000
02330 00000000
02334 00000000
02338 00000000
0233C 00000000
02340 00000000
02344 00000000
02348 00000000
0234C 00000000
02350 00000000
02354 00000000
02358 00000000
0235C 00000000
02360 00000000
02364 00000000
02368 00000000
0236C 00000000
02370 00000000
02374 00000000
02378 00000000
0237C 00000000
02380 00000000
02384 00000000
02388 00000000
0238C 00000000
02390 00000000
02394 00000000
02398 00000000
0239C 00000000
023A0 00000000
023A4 00000000
023A8 00000000
023AC 00000000
023B0 00000000
023B4 00000000
023B8 00000000
023BC 00000000
023C0 00000000
023C4 00000000
023C8 00000000
023CC 00000000
023D0 00000000
023D4 00000000
023D8 00000000
023DC 00000000
023E0 00000000
023E4 00000000
023E8 00000000
023EC 00000000
023F0 00000000
023F4 00000000
023F8 00000000
023FC 00000000
02400 00000000
02404 00000000
02408 00000000
0240C 00000000
02410 00000000
02414 00000000
02418 00000000
0241C 00000000
02420 00000000
02424 00000000
02428 00000000
0242C 00000000
02430 00000000
02434 00000000
02438 00000000
0243C 00000000
02440 00000000
02444 00000000
02448 00000000
0244C 00000000
02450 00000000
02454 00000000
02458 00000000
0245C 00000000
02460 00000000
02464 00000000
02468 00000000
0246C 00000000
02470 00000000
02474 00000000
02478 00000000
0247C 00000000
02480 00000000
02484 00000000
02488 00000000
0248C 00000000
02490 00000000
02494 00000000
02498 00000000
0249C 00000000
024A0 00000000
024A4 00000000
024A8 00000000
024AC 00000000
024B0 00000000
024B4 00000000
024B8 00000000
024BC 00000000
024C0 00000000
024C4 00000000
024C8 00000000
024CC 00000000
024D0 00000000
024D4 00000000
024D8 00000000
024DC 00000000
024E0 00000000
024E4 00000000
024E8 00000000
024EC 00000000
024F0 00000000
024F4 00000000
024F8 00000000
024FC 00000000
02500 00000000
02504 00000000
02508 00000000
0250C 00000000
02510 00000000
02514 00000000
02518 00000000
0251C 00000000
02520 00000000
02524 00000000
02528 00000000
0252C 00000000
02530 00000000
02534 00000000
02538 00000000
0253C 00000000
02540 00000000
02544 00000000
02548 00000000
0254C 00000000
02550 00000000
02554 00000000
02558 00000000
0255C 00000000
02560 00000000
02564 00000000
02568 00000000
0256C 00000000
02570 00000000
02574 00000000
02578 00000000
0257C 00000000
02580 00000000
02584 00000000
02588 00000000
0258C 00000000
02590 00000000
02594 00000000
02598 00000000
0259C 00000000
025A0 00000000
025A4 00000000
025A8 00000000
025AC 00000000
025B0 00000000
025B4 00000000
025B8 00000000
025BC 00000000
025C0 00000000
025C4 00000000
025C8 00000000
025CC 00000000
025D0 00000000
025D4 00000000
025D8 00000000
025DC 00000000
025E0 00000000
025E4 00000000
025E8 00000000
025EC 00000000
025F0 00000000
025F4 00000000
025F8 00000000
025FC 00000000
02600 00000000
02604 00000000
02608 00000000
0260C 00000000
02610 00000000
02614 00000000
02618 00000000
0261C 00000000
02620 00000000
02624 00000000
02628 00000000
0262C 00000000
02630 00000000
02634 00000000
02638 00000000
0263C 00000000
02640 00000000
02644 00000000
02648 00000000
0264C 00000000
02650 00000000
02654 00000000
02658 00000000
0265C 00000000
02660 00000000
02664 00000000
02668 00000000
0266C 00000000
02670 00000000
02674 00000000
02678 00000000
0267C 00000000
02680 00000000
02684 00000000
02688 00000000
0268C 00000000
02690 00000000
02694 00000000
02698 00000000
0269C 00000000
026A0 00000000
026A4 00000000
026A8 00000000
026AC 00000000
026B0 00000000
026B4 00000000
026B8 00000000
026BC 00000000
026C0 00000000
026C4 00000000
026C8 00000000
026CC 00000000
026D0 00000000
026D4 00000000
026D8 00000000
026DC 00000000
026E0 00000000
026E4 00000000
026E8 00000000
026EC 00000000
026F0 00000000
026F4 00000000
026F8 00000000
026FC 00000000
02700 00000000
02704 00000000
02708 00000000
0270C 00000000
02710 00000000
02714 00000000
02718 00000000
0271C 00000000
02720 00000000
02724 00000000
02728 00000000
0272C 00000000
02730 00000000
02734 00000000
02738 00000000
0273C 00000000
02740 00000000
02744 00000000
02748 00000000
0274C 00000000
02750 00000000
02754 00000000
02758 00000000
0275C 00000000
02760 00000000
02764 00000000
02768 00000000
0276C 00000000
02770 00000000
02774 00000000
02778 00000000
0277C 00000000
02780 00000000
02784 00000000
02788 00000000
0278C 00000000
02790 00000000
02794 00000000
02798 00000000
0279C 00000000
027A0 00000000
027A4 00000000
027A8 00000000
027AC 00000000
027B0 00000000
027B4 00000000
027B8 00000000
027BC 00000000
027C0 00000000
027C4 00000000
027C8 00000000
027CC 00000000
027D0 00000000
027D4 00000000
027D8 00000000
027DC 00000000
027E0 00000000
027E4 00000000
027E8 00000000
027EC 00000000
027F0 00000000
027F4 00000000
027F8 00000000
027FC 00000000
02800 00000000
02804 00000000
02808 00000000
0280C 00000000
02810 00000000
02814 00000000
02818 00000000
0281C 00000000
02820 00000000
02824 00000000
02828 00000000
0282C 00000000
02830 00000000
02834 00000000
02838 00000000
0283C 00000000
02840 00000000
02844 00000000
02848 00000000
0284C 00000000
02850 00000000
02854 00000000
02858 00000000
0285C 00000000
02860 00000000
02864 00000000
02868 00000000
0286C 00000000
02870 00000000
02874 00000000
02878 00000000
0287C 00000000
02880 00000000
02884 00000000
02888 00000000
0288C 00000000
02890 00000000
02894 00000000
02898 00000000
0289C 00000000
028A0 00000000
028A4 00000000
028A8 00000000
028AC 00000000
028B0 00000000
028B4 00000000
028B8 00000000
028BC 00000000
028C0 00000000
028C4 00000000
028C8 00000000
028CC 00000000
028D0 00000000
028D4 00000000
028D8 00000000
028DC 00000000
028E0 00000000
028E4 00000000
028E8 00000000
028EC 00000000
028F0 00000000
028F4 00000000
028F8 00000000
028FC 00000000
02900 00000000
02904 00000000
02908 00000000
0290C 00000000
02910 00000000
02914 00000000
02918 00000000
0291C 00000000
02920 00000000
02924 00000000
02928 00000000
0292C 00000000
02930 00000000
02934 00000000
02938 00000000
0293C 00000000
02940 00000000
02944 00000000
02948 00000000
0294C 00000000
02950 00000000
02954 00000000
02958 00000000
0295C 00000000
02960 00000000
02964 00000000
02968 00000000
0296C 00000000
02970 00000000
02974 00000000
02978 00000000
0297C 00000000
02980 00000000
02984 00000000
02988 00000000
0298C 00000000
02990 00000000
02994 00000000
02998 00000000
0299C 00000000
029A0 00000000
029A4 00000000
029A8 00000000
029AC 00000000
029B0 00000000
029B4 00000000
029B8 00000000
029BC 00000000
029C0 00000000
029C4 00000000
029C8 00000000
029CC 00000000
029D0 00000000
029D4 00000000
029D8 00000000
029DC 00000000
029E0 00000000
029E4 00000000
029E8 00000000
029EC 00000000
029F0 00000000
029F4 00000000
029F8 00000000
029FC 00000000
02A00 00000000
02A04 00000000
02A08 00000000
02A0C 00000000
02A10 00000000
02A14 00000000
02A18 00000000
02A1C 00000000
02A20 00000000
02A24 00000000
02A28 00000000
02A2C 00000000
02A30 00000000
02A34 00000000
02A38 00000000
02A3C 00000000
02A40 00000000
02A44 00000000
02A48 00000000
02A4C 00000000
02A50 00000000
02A54 00000000
02A58 00000000
02A5C 00000000
02A60 00000000
02A64 00000000
02A68 00000000
02A6C 00000000
02A70 00000000
02A74 00000000
02A78 00000000
02A7C 00000000
02A80 00000000
02A84 00000000
02A88 00000000
02A8C 00000000
02A90 00000000
02A94 00000000
02A98 00000000
02A9C 00000000
02AA0 00000000
02AA4 00000000
02AA8 00000000
02AAC 00000000
02AB0 00000000
02AB4 00000000
02AB8 00000000
02ABC 00000000
02AC0 00000000
02AC4 00000000
02AC8 00000000
02ACC 00000000
02AD0 00000000
02AD4 00000000
02AD8 00000000
02ADC 00000000
02AE0 00000000
02AE4 00000000
02AE8 00000000
02AEC 00000000
02AF0 00000000
02AF4 00000000
02AF8 00000000
02AFC 00000000
02B00 00000000
02B04 00000000
02B08 00000000
02B0C 00000000
02B10 00000000
02B14 00000000
02B18 00000000
02B1C 00000000
02B20 00000000
02B24 00000000
02B28 00000000
02B2C 00000000
02B30 00000000
02B34 00000000
02B38 00000000
02B3C 00000000
02B40 00000000
02B44 00000000
02B48 00000000
02B4C 00000000
02B50 00000000
02B54 00000000
02B58 00000000
02B5C 00000000
02B60 00000000
02B64 00000000
02B68 00000000
02B6C 00000000
02B70 00000000
02B74 00000000
02B78 00000000
02B7C 00000000
02B80 00000000
02B84 00000000
02B88 00000000
02B8C 00000000
02B90 00000000
02B94 00000000
02B98 00000000
02B9C 00000000
02BA0 00000000
02BA4 00000000
02BA8 00000000
02BAC 00000000
02BB0 00000000
02BB4 00000000
02BB8 00000000
02BBC 00000000
02BC0 00000000
02BC4 00000000
02BC8 00000000
02BCC 00000000
02BD0 00000000
02BD4 00000000
02BD8 00000000
02BDC 00000000
02BE0 00000000
02BE4 00000000
02BE8 00000000
02BEC 00000000
02BF0 00000000
02BF4 00000000
02BF8 00000000
02BFC 00000000
02C00 00000000
02C04 00000000
02C08 00000000
02C0C 00000000
02C10 00000000
02C14 00000000
02C18 00000000
02C1C 00000000
02C20 00000000
02C24 00000000
02C28 00000000
02C2C 00000000
02C30 00000000
02C34 00000000
02C38 00000000
02C3C 00000000
02C40 00000000
02C44 00000000
02C48 00000000
02C4C 00000000
02C50 00000000
02C54 00000000
02C58 00000000
02C5C 00000000
02C60 00000000
02C64 00000000
02C68 00000000
02C6C 00000000
02C70 00000000
02C74 00000000
02C78 00000000
02C7C 00000000
02C80 00000000
02C84 00000000
02C88 00000000
02C8C 00000000
02C90 00000000
02C94 00000000
02C98 00000000
02C9C 00000000
02CA0 00000000
02CA4 00000000
02CA8 00000000
02CAC 00000000
02CB0 00000000
02CB4 00000000
02CB8 00000000
02CBC 00000000
02CC0 00000000
02CC4 00000000
02CC8 00000000
02CCC 00000000
02CD0 00000000
02CD4 00000000
02CD8 00000000
02CDC 00000000
02CE0 00000000
02CE4 00000000
02CE8 00000000
02CEC 00000000
02CF0 00000000
02CF4 00000000
02CF8 00000000
02CFC 00000000
02D00 00000000
02D04 00000000
02D08 00000000
02D0C 00000000
02D10 00000000
02D14 00000000
02D18 00000000
02D1C 00000000
02D20 00000000
02D24 00000000
02D28 00000000
02D2C 00000000
02D30 00000000
02D34 00000000
02D38 00000000
02D3C 00000000
02D40 00000000
02D44 00000000
02D48 00000000
02D4C 00000000
02D50 00000000
02D54 00000000
02D58 00000000
02D5C 00000000
02D60 00000000
02D64 00000000
02D68 00000000
02D6C 00000000
02D70 00000000
02D74 00000000
02D78 00000000
02D7C 00000000
02D80 00000000
02D84 00000000
02D88 00000000
02D8C 00000000
02D90 00000000
02D94 00000000
02D98 00000000
02D9C 00000000
02DA0 00000000
02DA4 00000000
02DA8 00000000
02DAC 00000000
02DB0 00000000
02DB4 00000000
02DB8 00000000
02DBC 00000000
02DC0 00000000
02DC4 00000000
02DC8 00000000
02DCC 00000000
02DD0 00000000
02DD4 00000000
02DD8 00000000
02DDC 00000000
02DE0 00000000
02DE4 00000000
02DE8 00000000
02DEC 00000000
02DF0 00000000
02DF4 00000000
02DF8 00000000
02DFC 00000000
02E00 00000000
02E04 00000000
02E08 00000000
02E0C 00000000
02E10 00000000
02E14 00000000
02E18 00000000
02E1C 00000000
02E20 00000000
02E24 00000000
02E28 00000000
02E2C 00000000
02E30 00000000
02E34 00000000
02E38 00000000
02E3C 00000000
02E40 00000000
02E44 00000000
02E48 00000000
02E4C 00000000
02E50 00000000
02E54 00000000
02E58 00000000
02E5C 00000000
02E60 00000000
02E64 00000000
02E68 00000000
02E6C 00000000
02E70 00000000
02E74 00000000
02E78 00000000
02E7C 00000000
02E80 00000000
02E84 00000000
02E88 00000000
02E8C 00000000
02E90 00000000
02E94 00000000
02E98 00000000
02E9C 00000000
02EA0 00000000
02EA4 00000000
02EA8 00000000
02EAC 00000000
02EB0 00000000
02EB4 00000000
02EB8 00000000
02EBC 00000000
02EC0 00000000
02EC4 00000000
02EC8 00000000
02ECC 00000000
02ED0 00000000
02ED4 00000000
02ED8 00000000
02EDC 00000000
02EE0 00000000
02EE4 00000000
02EE8 00000000
02EEC 00000000
02EF0 00000000
02EF4 00000000
02EF8 00000000
02EFC 00000000
02F00 00000000
02F04 00000000
02F08 00000000
02F0C 00000000
02F10 00000000
02F14 00000000
02F18 00000000
02F1C 00000000
02F20 00000000
02F24 00000000
02F28 00000000
02F2C 00000000
02F30 00000000
02F34 00000000
02F38 00000000
02F3C 00000000
02F40 00000000
02F44 00000000
02F48 00000000
02F4C 00000000
02F50 00000000
02F54 00000000
02F58 00000000
02F5C 00000000
02F60 00000000
02F64 00000000
02F68 00000000
02F6C 00000000
02F70 00000000
02F74 00000000
02F78 00000000
02F7C 00000000
02F80 00000000
02F84 00000000
02F88 00000000
02F8C 00000000
02F90 00000000
02F94 00000000
02F98 00000000
02F9C 00000000
02FA0 00000000
02FA4 00000000
02FA8 00000000
02FAC 00000000
02FB0 00000000
02FB4 00000000
02FB8 00000000
02FBC 00000000
02FC0 00000000
02FC4 00000000
02FC8 00000000
02FCC 00000000
02FD0 00000000
02FD4 00000000
02FD8 00000000
02FDC 00000000
02FE0 00000000
02FE4 00000000
02FE8 00000000
02FEC 00000000
02FF0 00000000
02FF4 00000000
02FF8 00000000
02FFC 00000000
03000 00000000
03004 00000000
