00000 D0B55188
00004 494356F3
00008 5E71A607
0000C 524F50B7
00010 D699A833
00014 5B50BF76
00018 54A8426A
0001C AE8BD307
00020 A4162BF3
00024 40DA54F8
00028 BD615085
0002C 59295E20
00030 AC7551D1
00034 A2CEDEF6
00038 476EA9E0
0003C 5DEC4F54
00040 BF6BB9B5
00044 AC20E06A
00048 E390A851
0004C 45BCAE86
00050 554BCFE9
00054 B7FC49A2
00058 53815544
0005C B4E8C332
00060 A8F2475C
00064 A079ACCB
00068 451A525D
0006C 51F74A43
00070 3199DAF7
00074 A754A8F2
00078 E134458E
0007C 50F630B3
00080 2B6F413E
00084 B6E82E50
00088 CFCDA1F9
0008C C895ADBC
00090 AEF9569E
00094 B404A3BB
00098 44BAB594
0009C 522B2D33
000A0 C8094508
000A4 AAB05419
000A8 A5C3A174
000AC DC7B4C76
000B0 0624AA52
000B4 4921A9BF
000B8 C18BD46F
000BC 40ADB698
000C0 A59CBE50
000C4 5D90A78D
000C8 49905A26
000CC 5E07B208
000D0 4BC351D7
000D4 B2D9D613
000D8 59C4A62B
000DC ACF4D95C
000E0 3448B72A
000E4 56D3AB50
000E8 4C17508C
000EC 404CCE9E
000F0 432E3587
000F4 CA72A568
000F8 F1D9A2AA
000FC A940BA39
00100 3670A69E
00104 5B35AAEB
00108 BC6634C0
0010C A1763746
00110 E6F05D59
00114 A54B5218
00118 EE7CEA57
0011C 325D5C05
00120 B22CE26D
00124 1A96BA71
00128 A162D0B9
0012C 595B54E2
00130 2BABA8FA
00134 460CA6F3
00138 4468B3FF
0013C 51324D0E
00140 5AA0A6E5
00144 A265AEBC
00148 BF7A2C16
0014C 53BA551B
00150 5CFCB898
00154 176BB53D
00158 5BE8B0C3
0015C A2E0AA89
00160 5F83CF63
00164 4FD25911
00168 592E5903
0016C B87019A8
00170 44B15169
00174 A60CBFD4
00178 B1984F97
0017C AF6C5BF5
00180 5531A7DB
00184 AB79A9CF
00188 57F93971
0018C B7B9AC92
00190 5E3251C1
00194 A9360509
00198 AEB3A0E4
0019C 46BEA870
001A0 0E7BA7CC
001A4 34C448DE
001A8 5377ACC9
001AC 4E974B92
001B0 A7ECA863
001B4 C5C85B5D
001B8 EC4FB685
001BC 5D2944D9
001C0 5B30B4AA
001C4 2C43A197
001C8 A6C74126
001CC CB4BA8FB
001D0 38965DD7
001D4 537B5BB7
001D8 523ADF4D
001DC A6FCA124
001E0 52FF5515
001E4 1FC1AEE4
001E8 57893B24
001EC C99E3A65
001F0 CD07BFE5
001F4 57854372
001F8 AFDDD865
001FC 4F7DAF25
00200 A36B5443
00204 56E21C29
00208 A6165AA5
0020C BAB530A1
00210 B6A6C059
00214 495CA927
00218 33F9A37D
0021C CE71C8A6
00220 3755A6BD
00224 DCF4A682
00228 4CE4E63A
0022C 597F328B
00230 5AC85F25
00234 55A151B7
00238 49923DC6
0023C 4021ADEE
00240 4722A443
00244 C2955557
00248 A568BA08
0024C 50CDDE96
00250 52014BE0
00254 A292ACAF
00258 431AA2B6
0025C BE2A369B
00260 C4C5382D
00264 41DDA353
00268 5BE62225
0026C B2A11B96
00270 A7145CE0
00274 ACEA5A48
00278 5C335896
0027C 150CB895
00280 B8B4A95B
00284 B21B5B31
00288 A8CB564F
0028C BE9E50E4
00290 5FCFA795
00294 A7FF4401
00298 A9804AD3
0029C 4E4CA24F
002A0 0CA354C7
002A4 A8F2A658
002A8 5D5E4388
002AC B8405327
002B0 5845566F
002B4 0CA4A250
002B8 108EAB15
002BC 58BBCB1C
002C0 5800B7B9
002C4 E4AC55FD
002C8 5342537B
002CC AA16EFF7
002D0 B457418C
002D4 4F62A059
002D8 C76FA5DF
002DC 5AF3E2C2
002E0 5679A935
002E4 CAB959C5
002E8 37FC20C1
002EC A975397F
002F0 5590A7CE
002F4 40A4A34E
002F8 E2C6ABBF
002FC 0B71AE70
00300 A2C85AF1
00304 AEE25EB1
00308 52174103
0030C 5BEA5B99
00310 A6D03698
00314 56793B1E
00318 A7A15EB9
0031C 1A61328D
00320 AB9EAA98
00324 BF0B5354
00328 52E3B4E2
0032C D035A7AA
00330 5FF147D2
00334 A9EF534B
00338 A895DAC8
0033C 533130D6
00340 AF27B472
00344 BEE651E3
00348 5C8C4E11
0034C C221A77F
00350 4535A0CA
00354 4E08AF44
00358 B398522E
0035C B84049DB
00360 AFF6A9D5
00364 B9EB423D
00368 B06FACF4
0036C 4D66A59D
00370 4337D89C
00374 AC5B565D
00378 B7014176
0037C 559842F0
00380 323CA764
00384 C12551DB
00388 370F48EF
0038C 2B224435
00390 A5CA54D3
00394 B2A8A3AA
00398 CD8B328A
0039C F2004383
003A0 CA90A15A
003A4 47C6A89D
003A8 A6155716
003AC 5BEACB2A
003B0 5969B5CE
003B4 4ADE5343
003B8 3C6AA94A
003BC A76AB87A
003C0 A327A38C
003C4 B6002278
003C8 3DBDA874
003CC 51F0518E
003D0 A1DBDAC7
003D4 5EBC5B61
003D8 413C5C8C
003DC A49D5265
003E0 BFD3AB2D
003E4 5CBA1690
003E8 AAF63D48
003EC E57045EB
003F0 AF6AD277
003F4 3C8E516A
003F8 C96CB692
003FC 55E32929
00400 B3EBA38E
00404 AB12BAC5
00408 4F11B82E
0040C 54F0A0F1
00410 BFA656D2
00414 39D1A9D5
00418 BEB6A7A9
0041C 5FB65D57
00420 B7CE516A
00424 4A4B4805
00428 4209C34A
0042C AD61A0B0
00430 AA7B1CD8
00434 5586AA9E
00438 2CA85F4E
0043C 5F6155B3
00440 D580A910
00444 A520C480
00448 CF0C5057
0044C A9A5E04C
00450 5A0EAB94
00454 AEE7A2DC
00458 EDF6B562
0045C F1213621
00460 AF98A562
00464 419D55FD
00468 45C94317
0046C A3B850D3
00470 243DBEED
00474 560CBB53
00478 5131E714
0047C 0CE85687
00480 364E5A36
00484 BB98566B
00488 2015F994
0048C C608A6B8
00490 40BF5AB6
00494 BB60AB5C
00498 A197AC43
0049C D57B5B5C
004A0 3936B75D
004A4 B396A078
004A8 411F49FD
004AC 3ED05ED6
004B0 50BBE47C
004B4 4C4059D0
004B8 520C5DA5
004BC A74D577A
004C0 D1534DC0
004C4 43BA2B30
004C8 5F035E11
004CC 4DECB4E5
004D0 BC5A4FFF
004D4 A29FA7ED
004D8 ED7451C0
004DC DE115F13
004E0 C95D5E96
004E4 A56E52CC
004E8 53552C65
004EC 54A55B2E
004F0 BFB5A25E
004F4 A6FEA31E
004F8 4B4C4670
004FC 57645185
00500 53414EA6
00504 AF03A322
00508 56EC3F35
0050C 16FBA04A
00510 A1E546B1
00514 5952C6BF
00518 AF3645F7
0051C BC8C5694
00520 B644569D
00524 C59E371F
00528 58BDB32D
0052C A56EAC02
00530 4BDCBBC4
00534 5FEB53AD
00538 C86FB5EF
0053C 332BA8C2
00540 49B65FD8
00544 C4723860
00548 F5AF5A94
0054C BEC5A899
00550 ACEDA44C
00554 D814A121
00558 BBF14139
0055C 5D64CB9E
00560 24EB5020
00564 5968B46C
00568 B9A5AF0C
0056C 1F205A2E
00570 373B4F04
00574 B65243A4
00578 B947AF73
0057C 57F5A9F3
00580 2F7CB441
00584 522A52B0
00588 E3D8D074
0058C 46595FA9
00590 59C35423
00594 ABDA5268
00598 A6852FD5
0059C 5D244393
005A0 CED7150A
005A4 5D6DA24B
005A8 A2A1A698
005AC A432AFC0
005B0 183DD905
005B4 A343B802
005B8 C26FA724
005BC 495EA3E0
005C0 B6AAAD40
005C4 CAA7C4E5
005C8 A72CA01B
005CC A0145738
005D0 ED40105D
005D4 CE6BBAA3
005D8 55D651F5
005DC B947B153
005E0 E5B1AF85
005E4 AE9C4775
005E8 5B8BBA56
005EC DBEAA31C
005F0 A9A14B14
005F4 A8D8A308
005F8 A0985ACE
005FC A201AC0D
00600 9E909D61
00604 97858E5D
00608 969A8C75
0060C 6D1494FE
00610 8DD2757A
00614 8D9F7096
00618 8FC091CB
0061C 93737583
00620 90D873E6
00624 63A37348
00628 6A9868B6
0062C 8DA26400
00630 334073CC
00634 6C548B8D
00638 95DF7462
0063C 7452AF08
00640 71438B1E
00644 659C6D76
00648 8F5A6DE4
0064C 94B98A98
00650 72E090F0
00654 734560A0
00658 6CFC8FC7
0065C 8E0C7276
00660 AF1DA3DA
00664 680CC7D0
00668 75CC7079
0066C 8F349D68
00670 60347280
00674 649F64D8
00678 939F6E61
0067C 8ED097A4
00680 91AF5028
00684 522A7332
00688 71398BF8
0068C B51070C9
00690 659E9226
00694 66BD8E72
00698 8A25701C
0069C 939E8F6D
006A0 8D796B2F
006A4 89EA68FB
006A8 1DA0725A
006AC 731B6732
006B0 98CC7021
006B4 653B5750
006B8 8FEFCD6C
006BC 9981620C
006C0 73ED733E
006C4 723B7104
006C8 6E528E8E
006CC 8EC98F11
006D0 3E008D11
006D4 94C69612
006D8 7722DB00
006DC 5C46993A
006E0 6BFF7294
006E4 97CF71AC
006E8 720B8F9D
006EC 716F70F1
006F0 937B8AAC
006F4 8C28B310
006F8 74BC6976
006FC D3E08CDC
00700 68829CFD
00704 7453683F
00708 B1A99BBC
0070C 8F219D0E
00710 6BB18A6C
00714 6D068CC3
00718 41986E26
0071C 72D99E4A
00720 9877745C
00724 8AC570E8
00728 68404B10
0072C 30D09814
00730 8DBDBD10
00734 63EC98F1
00738 71E39FDE
0073C 70DE2F00
00740 74D395CC
00744 8E627582
00748 7078711C
0074C 74B1952E
00750 8D028A70
00754 8F1D9118
00758 76D6CF00
0075C 8F22AD0F
00760 917A8EC5
00764 669A6AC6
00768 C7603960
0076C 6DD2731E
00770 70294F20
00774 917A71A3
00778 8CFA73C7
0077C 94048CFC
00780 74668C0A
00784 63907336
00788 765570E4
0078C 7409741A
00790 764588EB
00794 688CB9E0
00798 6C714360
0079C 941C88F8
007A0 BA878E0B
007A4 648B9D26
007A8 8D5733A8
007AC A03B6348
007B0 70C76CEA
007B4 71C99F22
007B8 973E5172
007BC 7418735F
007C0 762096CE
007C4 731C59CC
007C8 8F428ECA
007CC 90CA9155
007D0 8F098970
007D4 96D38B67
007D8 77508F1D
007DC 4520A577
007E0 6B559D6F
007E4 67D28A73
007E8 73A89258
007EC 58386F4C
007F0 8FA76F66
007F4 8CF69D18
007F8 90DF8FEC
007FC 9EE68F7F
00800 00000000
00804 00000000
00808 00000000
0080C 00000000
00810 00000000
00814 00000000
00818 00000000
0081C 00000000
00820 00000000
00824 00000000
00828 00000000
0082C 00000000
00830 00000000
00834 00000000
00838 00000000
0083C 00000000
00840 00000000
00844 00000000
00848 00000000
0084C 00000000
00850 00000000
00854 00000000
00858 00000000
0085C 00000000
00860 00000000
00864 00000000
00868 00000000
0086C 00000000
00870 00000000
00874 00000000
00878 00000000
0087C 00000000
00880 00000000
00884 00000000
00888 00000000
0088C 00000000
00890 00000000
00894 00000000
00898 00000000
0089C 00000000
008A0 00000000
008A4 00000000
008A8 00000000
008AC 00000000
008B0 00000000
008B4 00000000
008B8 00000000
008BC 00000000
008C0 00000000
008C4 00000000
008C8 00000000
008CC 00000000
008D0 00000000
008D4 00000000
008D8 00000000
008DC 00000000
008E0 00000000
008E4 00000000
008E8 00000000
008EC 00000000
008F0 00000000
008F4 00000000
008F8 00000000
008FC 00000000
00900 00000000
00904 00000000
00908 00000000
0090C 00000000
00910 00000000
00914 00000000
00918 00000000
0091C 00000000
00920 00000000
00924 00000000
00928 00000000
0092C 00000000
00930 00000000
00934 00000000
00938 00000000
0093C 00000000
00940 00000000
00944 00000000
00948 00000000
0094C 00000000
00950 00000000
00954 00000000
00958 00000000
0095C 00000000
00960 00000000
00964 00000000
00968 00000000
0096C 00000000
00970 00000000
00974 00000000
00978 00000000
0097C 00000000
00980 00000000
00984 00000000
00988 00000000
0098C 00000000
00990 00000000
00994 00000000
00998 00000000
0099C 00000000
009A0 00000000
009A4 00000000
009A8 00000000
009AC 00000000
009B0 00000000
009B4 00000000
009B8 00000000
009BC 00000000
009C0 00000000
009C4 00000000
009C8 00000000
009CC 00000000
009D0 00000000
009D4 00000000
009D8 00000000
009DC 00000000
009E0 00000000
009E4 00000000
009E8 00000000
009EC 00000000
009F0 00000000
009F4 00000000
009F8 00000000
009FC 00000000
00A00 00000000
00A04 00000000
00A08 00000000
00A0C 00000000
00A10 00000000
00A14 00000000
00A18 00000000
00A1C 00000000
00A20 00000000
00A24 00000000
00A28 00000000
00A2C 00000000
00A30 00000000
00A34 00000000
00A38 00000000
00A3C 00000000
00A40 00000000
00A44 00000000
00A48 00000000
00A4C 00000000
00A50 00000000
00A54 00000000
00A58 00000000
00A5C 00000000
00A60 00000000
00A64 00000000
00A68 00000000
00A6C 00000000
00A70 00000000
00A74 00000000
00A78 00000000
00A7C 00000000
00A80 00000000
00A84 00000000
00A88 00000000
00A8C 00000000
00A90 00000000
00A94 00000000
00A98 00000000
00A9C 00000000
00AA0 00000000
00AA4 00000000
00AA8 00000000
00AAC 00000000
00AB0 00000000
00AB4 00000000
00AB8 00000000
00ABC 00000000
00AC0 00000000
00AC4 00000000
00AC8 00000000
00ACC 00000000
00AD0 00000000
00AD4 00000000
00AD8 00000000
00ADC 00000000
00AE0 00000000
00AE4 00000000
00AE8 00000000
00AEC 00000000
00AF0 00000000
00AF4 00000000
00AF8 00000000
00AFC 00000000
00B00 00000000
00B04 00000000
00B08 00000000
00B0C 00000000
00B10 00000000
00B14 00000000
00B18 00000000
00B1C 00000000
00B20 00000000
00B24 00000000
00B28 00000000
00B2C 00000000
00B30 00000000
00B34 00000000
00B38 00000000
00B3C 00000000
00B40 00000000
00B44 00000000
00B48 00000000
00B4C 00000000
00B50 00000000
00B54 00000000
00B58 00000000
00B5C 00000000
00B60 00000000
00B64 00000000
00B68 00000000
00B6C 00000000
00B70 00000000
00B74 00000000
00B78 00000000
00B7C 00000000
00B80 00000000
00B84 00000000
00B88 00000000
00B8C 00000000
00B90 00000000
00B94 00000000
00B98 00000000
00B9C 00000000
00BA0 00000000
00BA4 00000000
00BA8 00000000
00BAC 00000000
00BB0 00000000
00BB4 00000000
00BB8 00000000
00BBC 00000000
00BC0 00000000
00BC4 00000000
00BC8 00000000
00BCC 00000000
00BD0 00000000
00BD4 00000000
00BD8 00000000
00BDC 00000000
00BE0 00000000
00BE4 00000000
00BE8 00000000
00BEC 00000000
00BF0 00000000
00BF4 00000000
00BF8 00000000
00BFC 00000000
00C00 00000000
00C04 00000000
00C08 00000000
00C0C 00000000
00C10 00000000
00C14 00000000
00C18 00000000
00C1C 00000000
00C20 00000000
00C24 00000000
00C28 00000000
00C2C 00000000
00C30 00000000
00C34 00000000
00C38 00000000
00C3C 00000000
00C40 00000000
00C44 00000000
00C48 00000000
00C4C 00000000
00C50 00000000
00C54 00000000
00C58 00000000
00C5C 00000000
00C60 00000000
00C64 00000000
00C68 00000000
00C6C 00000000
00C70 00000000
00C74 00000000
00C78 00000000
00C7C 00000000
00C80 00000000
00C84 00000000
00C88 00000000
00C8C 00000000
00C90 00000000
00C94 00000000
00C98 00000000
00C9C 00000000
00CA0 00000000
00CA4 00000000
00CA8 00000000
00CAC 00000000
00CB0 00000000
00CB4 00000000
00CB8 00000000
00CBC 00000000
00CC0 00000000
00CC4 00000000
00CC8 00000000
00CCC 00000000
00CD0 00000000
00CD4 00000000
00CD8 00000000
00CDC 00000000
00CE0 00000000
00CE4 00000000
00CE8 00000000
00CEC 00000000
00CF0 00000000
00CF4 00000000
00CF8 00000000
00CFC 00000000
00D00 00000000
00D04 00000000
00D08 00000000
00D0C 00000000
00D10 00000000
00D14 00000000
00D18 00000000
00D1C 00000000
00D20 00000000
00D24 00000000
00D28 00000000
00D2C 00000000
00D30 00000000
00D34 00000000
00D38 00000000
00D3C 00000000
00D40 00000000
00D44 00000000
00D48 00000000
00D4C 00000000
00D50 00000000
00D54 00000000
00D58 00000000
00D5C 00000000
00D60 00000000
00D64 00000000
00D68 00000000
00D6C 00000000
00D70 00000000
00D74 00000000
00D78 00000000
00D7C 00000000
00D80 00000000
00D84 00000000
00D88 00000000
00D8C 00000000
00D90 00000000
00D94 00000000
00D98 00000000
00D9C 00000000
00DA0 00000000
00DA4 00000000
00DA8 00000000
00DAC 00000000
00DB0 00000000
00DB4 00000000
00DB8 00000000
00DBC 00000000
00DC0 00000000
00DC4 00000000
00DC8 00000000
00DCC 00000000
00DD0 00000000
00DD4 00000000
00DD8 00000000
00DDC 00000000
00DE0 00000000
00DE4 00000000
00DE8 00000000
00DEC 00000000
00DF0 00000000
00DF4 00000000
00DF8 00000000
00DFC 00000000
00E00 00000000
00E04 00000000
00E08 00000000
00E0C 00000000
00E10 00000000
00E14 00000000
00E18 00000000
00E1C 00000000
00E20 00000000
00E24 00000000
00E28 00000000
00E2C 00000000
00E30 00000000
00E34 00000000
00E38 00000000
00E3C 00000000
00E40 00000000
00E44 00000000
00E48 00000000
00E4C 00000000
00E50 00000000
00E54 00000000
00E58 00000000
00E5C 00000000
00E60 00000000
00E64 00000000
00E68 00000000
00E6C 00000000
00E70 00000000
00E74 00000000
00E78 00000000
00E7C 00000000
00E80 00000000
00E84 00000000
00E88 00000000
00E8C 00000000
00E90 00000000
00E94 00000000
00E98 00000000
00E9C 00000000
00EA0 00000000
00EA4 00000000
00EA8 00000000
00EAC 00000000
00EB0 00000000
00EB4 00000000
00EB8 00000000
00EBC 00000000
00EC0 00000000
00EC4 00000000
00EC8 00000000
00ECC 00000000
00ED0 00000000
00ED4 00000000
00ED8 00000000
00EDC 00000000
00EE0 00000000
00EE4 00000000
00EE8 00000000
00EEC 00000000
00EF0 00000000
00EF4 00000000
00EF8 00000000
00EFC 00000000
00F00 00000000
00F04 00000000
00F08 00000000
00F0C 00000000
00F10 00000000
00F14 00000000
00F18 00000000
00F1C 00000000
00F20 00000000
00F24 00000000
00F28 00000000
00F2C 00000000
00F30 00000000
00F34 00000000
00F38 00000000
00F3C 00000000
00F40 00000000
00F44 00000000
00F48 00000000
00F4C 00000000
00F50 00000000
00F54 00000000
00F58 00000000
00F5C 00000000
00F60 00000000
00F64 00000000
00F68 00000000
00F6C 00000000
00F70 00000000
00F74 00000000
00F78 00000000
00F7C 00000000
00F80 00000000
00F84 00000000
00F88 00000000
00F8C 00000000
00F90 00000000
00F94 00000000
00F98 00000000
00F9C 00000000
00FA0 00000000
00FA4 00000000
00FA8 00000000
00FAC 00000000
00FB0 00000000
00FB4 00000000
00FB8 00000000
00FBC 00000000
00FC0 00000000
00FC4 00000000
00FC8 00000000
00FCC 00000000
00FD0 00000000
00FD4 00000000
00FD8 00000000
00FDC 00000000
00FE0 00000000
00FE4 00000000
00FE8 00000000
00FEC 00000000
00FF0 00000000
00FF4 00000000
00FF8 00000000
00FFC 00000000
01000 00000000
01004 00000000
01008 00000000
0100C 00000000
01010 00000000
01014 00000000
01018 00000000
0101C 00000000
01020 00000000
01024 00000000
01028 00000000
0102C 00000000
01030 00000000
01034 00000000
01038 00000000
0103C 00000000
01040 00000000
01044 00000000
01048 00000000
0104C 00000000
01050 00000000
01054 00000000
01058 00000000
0105C 00000000
01060 00000000
01064 00000000
01068 00000000
0106C 00000000
01070 00000000
01074 00000000
01078 00000000
0107C 00000000
01080 00000000
01084 00000000
01088 00000000
0108C 00000000
01090 00000000
01094 00000000
01098 00000000
0109C 00000000
010A0 00000000
010A4 00000000
010A8 00000000
010AC 00000000
010B0 00000000
010B4 00000000
010B8 00000000
010BC 00000000
010C0 00000000
010C4 00000000
010C8 00000000
010CC 00000000
010D0 00000000
010D4 00000000
010D8 00000000
010DC 00000000
010E0 00000000
010E4 00000000
010E8 00000000
010EC 00000000
010F0 00000000
010F4 00000000
010F8 00000000
010FC 00000000
01100 00000000
01104 00000000
01108 00000000
0110C 00000000
01110 00000000
01114 00000000
01118 00000000
0111C 00000000
01120 00000000
01124 00000000
01128 00000000
0112C 00000000
01130 00000000
01134 00000000
01138 00000000
0113C 00000000
01140 00000000
01144 00000000
01148 00000000
0114C 00000000
01150 00000000
01154 00000000
01158 00000000
0115C 00000000
01160 00000000
01164 00000000
01168 00000000
0116C 00000000
01170 00000000
01174 00000000
01178 00000000
0117C 00000000
01180 00000000
01184 00000000
01188 00000000
0118C 00000000
01190 00000000
01194 00000000
01198 00000000
0119C 00000000
011A0 00000000
011A4 00000000
011A8 00000000
011AC 00000000
011B0 00000000
011B4 00000000
011B8 00000000
011BC 00000000
011C0 00000000
011C4 00000000
011C8 00000000
011CC 00000000
011D0 00000000
011D4 00000000
011D8 00000000
011DC 00000000
011E0 00000000
011E4 00000000
011E8 00000000
011EC 00000000
011F0 00000000
011F4 00000000
011F8 00000000
011FC 00000000
01200 00000000
01204 00000000
01208 00000000
0120C 00000000
01210 00000000
01214 00000000
01218 00000000
0121C 00000000
01220 00000000
01224 00000000
01228 00000000
0122C 00000000
01230 00000000
01234 00000000
01238 00000000
0123C 00000000
01240 00000000
01244 00000000
01248 00000000
0124C 00000000
01250 00000000
01254 00000000
01258 00000000
0125C 00000000
01260 00000000
01264 00000000
01268 00000000
0126C 00000000
01270 00000000
01274 00000000
01278 00000000
0127C 00000000
01280 00000000
01284 00000000
01288 00000000
0128C 00000000
01290 00000000
01294 00000000
01298 00000000
0129C 00000000
012A0 00000000
012A4 00000000
012A8 00000000
012AC 00000000
012B0 00000000
012B4 00000000
012B8 00000000
012BC 00000000
012C0 00000000
012C4 00000000
012C8 00000000
012CC 00000000
012D0 00000000
012D4 00000000
012D8 00000000
012DC 00000000
012E0 00000000
012E4 00000000
012E8 00000000
012EC 00000000
012F0 00000000
012F4 00000000
012F8 00000000
012FC 00000000
01300 00000000
01304 00000000
01308 00000000
0130C 00000000
01310 00000000
01314 00000000
01318 00000000
0131C 00000000
01320 00000000
01324 00000000
01328 00000000
0132C 00000000
01330 00000000
01334 00000000
01338 00000000
0133C 00000000
01340 00000000
01344 00000000
01348 00000000
0134C 00000000
01350 00000000
01354 00000000
01358 00000000
0135C 00000000
01360 00000000
01364 00000000
01368 00000000
0136C 00000000
01370 00000000
01374 00000000
01378 00000000
0137C 00000000
01380 00000000
01384 00000000
01388 00000000
0138C 00000000
01390 00000000
01394 00000000
01398 00000000
0139C 00000000
013A0 00000000
013A4 00000000
013A8 00000000
013AC 00000000
013B0 00000000
013B4 00000000
013B8 00000000
013BC 00000000
013C0 00000000
013C4 00000000
013C8 00000000
013CC 00000000
013D0 00000000
013D4 00000000
013D8 00000000
013DC 00000000
013E0 00000000
013E4 00000000
013E8 00000000
013EC 00000000
013F0 00000000
013F4 00000000
013F8 00000000
013FC 00000000
01400 00000000
01404 00000000
01408 00000000
0140C 00000000
01410 00000000
01414 00000000
01418 00000000
0141C 00000000
01420 00000000
01424 00000000
01428 00000000
0142C 00000000
01430 00000000
01434 00000000
01438 00000000
0143C 00000000
01440 00000000
01444 00000000
01448 00000000
0144C 00000000
01450 00000000
01454 00000000
01458 00000000
0145C 00000000
01460 00000000
01464 00000000
01468 00000000
0146C 00000000
01470 00000000
01474 00000000
01478 00000000
0147C 00000000
01480 00000000
01484 00000000
01488 00000000
0148C 00000000
01490 00000000
01494 00000000
01498 00000000
0149C 00000000
014A0 00000000
014A4 00000000
014A8 00000000
014AC 00000000
014B0 00000000
014B4 00000000
014B8 00000000
014BC 00000000
014C0 00000000
014C4 00000000
014C8 00000000
014CC 00000000
014D0 00000000
014D4 00000000
014D8 00000000
014DC 00000000
014E0 00000000
014E4 00000000
014E8 00000000
014EC 00000000
014F0 00000000
014F4 00000000
014F8 00000000
014FC 00000000
01500 00000000
01504 00000000
01508 00000000
0150C 00000000
01510 00000000
01514 00000000
01518 00000000
0151C 00000000
01520 00000000
01524 00000000
01528 00000000
0152C 00000000
01530 00000000
01534 00000000
01538 00000000
0153C 00000000
01540 00000000
01544 00000000
01548 00000000
0154C 00000000
01550 00000000
01554 00000000
01558 00000000
0155C 00000000
01560 00000000
01564 00000000
01568 00000000
0156C 00000000
01570 00000000
01574 00000000
01578 00000000
0157C 00000000
01580 00000000
01584 00000000
01588 00000000
0158C 00000000
01590 00000000
01594 00000000
01598 00000000
0159C 00000000
015A0 00000000
015A4 00000000
015A8 00000000
015AC 00000000
015B0 00000000
015B4 00000000
015B8 00000000
015BC 00000000
015C0 00000000
015C4 00000000
015C8 00000000
015CC 00000000
015D0 00000000
015D4 00000000
015D8 00000000
015DC 00000000
015E0 00000000
015E4 00000000
015E8 00000000
015EC 00000000
015F0 00000000
015F4 00000000
015F8 00000000
015FC 00000000
01600 00000000
01604 00000000
01608 00000000
0160C 00000000
01610 00000000
01614 00000000
01618 00000000
0161C 00000000
01620 00000000
01624 00000000
01628 00000000
0162C 00000000
01630 00000000
01634 00000000
01638 00000000
0163C 00000000
01640 00000000
01644 00000000
01648 00000000
0164C 00000000
01650 00000000
01654 00000000
01658 00000000
0165C 00000000
01660 00000000
01664 00000000
01668 00000000
0166C 00000000
01670 00000000
01674 00000000
01678 00000000
0167C 00000000
01680 00000000
01684 00000000
01688 00000000
0168C 00000000
01690 00000000
01694 00000000
01698 00000000
0169C 00000000
016A0 00000000
016A4 00000000
016A8 00000000
016AC 00000000
016B0 00000000
016B4 00000000
016B8 00000000
016BC 00000000
016C0 00000000
016C4 00000000
016C8 00000000
016CC 00000000
016D0 00000000
016D4 00000000
016D8 00000000
016DC 00000000
016E0 00000000
016E4 00000000
016E8 00000000
016EC 00000000
016F0 00000000
016F4 00000000
016F8 00000000
016FC 00000000
01700 00000000
01704 00000000
01708 00000000
0170C 00000000
01710 00000000
01714 00000000
01718 00000000
0171C 00000000
01720 00000000
01724 00000000
01728 00000000
0172C 00000000
01730 00000000
01734 00000000
01738 00000000
0173C 00000000
01740 00000000
01744 00000000
01748 00000000
0174C 00000000
01750 00000000
01754 00000000
01758 00000000
0175C 00000000
01760 00000000
01764 00000000
01768 00000000
0176C 00000000
01770 00000000
01774 00000000
01778 00000000
0177C 00000000
01780 00000000
01784 00000000
01788 00000000
0178C 00000000
01790 00000000
01794 00000000
01798 00000000
0179C 00000000
017A0 00000000
017A4 00000000
017A8 00000000
017AC 00000000
017B0 00000000
017B4 00000000
017B8 00000000
017BC 00000000
017C0 00000000
017C4 00000000
017C8 00000000
017CC 00000000
017D0 00000000
017D4 00000000
017D8 00000000
017DC 00000000
017E0 00000000
017E4 00000000
017E8 00000000
017EC 00000000
017F0 00000000
017F4 00000000
017F8 00000000
017FC 00000000
01800 00000000
01804 00000000
01808 00000000
0180C 00000000
01810 00000000
01814 00000000
01818 00000000
0181C 00000000
01820 00000000
01824 00000000
01828 00000000
0182C 00000000
01830 00000000
01834 00000000
01838 00000000
0183C 00000000
01840 00000000
01844 00000000
01848 00000000
0184C 00000000
01850 00000000
01854 00000000
01858 00000000
0185C 00000000
01860 00000000
01864 00000000
01868 00000000
0186C 00000000
01870 00000000
01874 00000000
01878 00000000
0187C 00000000
01880 00000000
01884 00000000
01888 00000000
0188C 00000000
01890 00000000
01894 00000000
01898 00000000
0189C 00000000
018A0 00000000
018A4 00000000
018A8 00000000
018AC 00000000
018B0 00000000
018B4 00000000
018B8 00000000
018BC 00000000
018C0 00000000
018C4 00000000
018C8 00000000
018CC 00000000
018D0 00000000
018D4 00000000
018D8 00000000
018DC 00000000
018E0 00000000
018E4 00000000
018E8 00000000
018EC 00000000
018F0 00000000
018F4 00000000
018F8 00000000
018FC 00000000
01900 00000000
01904 00000000
01908 00000000
0190C 00000000
01910 00000000
01914 00000000
01918 00000000
0191C 00000000
01920 00000000
01924 00000000
01928 00000000
0192C 00000000
01930 00000000
01934 00000000
01938 00000000
0193C 00000000
01940 00000000
01944 00000000
01948 00000000
0194C 00000000
01950 00000000
01954 00000000
01958 00000000
0195C 00000000
01960 00000000
01964 00000000
01968 00000000
0196C 00000000
01970 00000000
01974 00000000
01978 00000000
0197C 00000000
01980 00000000
01984 00000000
01988 00000000
0198C 00000000
01990 00000000
01994 00000000
01998 00000000
0199C 00000000
019A0 00000000
019A4 00000000
019A8 00000000
019AC 00000000
019B0 00000000
019B4 00000000
019B8 00000000
019BC 00000000
019C0 00000000
019C4 00000000
019C8 00000000
019CC 00000000
019D0 00000000
019D4 00000000
019D8 00000000
019DC 00000000
019E0 00000000
019E4 00000000
019E8 00000000
019EC 00000000
019F0 00000000
019F4 00000000
019F8 00000000
019FC 00000000
01A00 00000000
01A04 00000000
01A08 00000000
01A0C 00000000
01A10 00000000
01A14 00000000
01A18 00000000
01A1C 00000000
01A20 00000000
01A24 00000000
01A28 00000000
01A2C 00000000
01A30 00000000
01A34 00000000
01A38 00000000
01A3C 00000000
01A40 00000000
01A44 00000000
01A48 00000000
01A4C 00000000
01A50 00000000
01A54 00000000
01A58 00000000
01A5C 00000000
01A60 00000000
01A64 00000000
01A68 00000000
01A6C 00000000
01A70 00000000
01A74 00000000
01A78 00000000
01A7C 00000000
01A80 00000000
01A84 00000000
01A88 00000000
01A8C 00000000
01A90 00000000
01A94 00000000
01A98 00000000
01A9C 00000000
01AA0 00000000
01AA4 00000000
01AA8 00000000
01AAC 00000000
01AB0 00000000
01AB4 00000000
01AB8 00000000
01ABC 00000000
01AC0 00000000
01AC4 00000000
01AC8 00000000
01ACC 00000000
01AD0 00000000
01AD4 00000000
01AD8 00000000
01ADC 00000000
01AE0 00000000
01AE4 00000000
01AE8 00000000
01AEC 00000000
01AF0 00000000
01AF4 00000000
01AF8 00000000
01AFC 00000000
01B00 00000000
01B04 00000000
01B08 00000000
01B0C 00000000
01B10 00000000
01B14 00000000
01B18 00000000
01B1C 00000000
01B20 00000000
01B24 00000000
01B28 00000000
01B2C 00000000
01B30 00000000
01B34 00000000
01B38 00000000
01B3C 00000000
01B40 00000000
01B44 00000000
01B48 00000000
01B4C 00000000
01B50 00000000
01B54 00000000
01B58 00000000
01B5C 00000000
01B60 00000000
01B64 00000000
01B68 00000000
01B6C 00000000
01B70 00000000
01B74 00000000
01B78 00000000
01B7C 00000000
01B80 00000000
01B84 00000000
01B88 00000000
01B8C 00000000
01B90 00000000
01B94 00000000
01B98 00000000
01B9C 00000000
01BA0 00000000
01BA4 00000000
01BA8 00000000
01BAC 00000000
01BB0 00000000
01BB4 00000000
01BB8 00000000
01BBC 00000000
01BC0 00000000
01BC4 00000000
01BC8 00000000
01BCC 00000000
01BD0 00000000
01BD4 00000000
01BD8 00000000
01BDC 00000000
01BE0 00000000
01BE4 00000000
01BE8 00000000
01BEC 00000000
01BF0 00000000
01BF4 00000000
01BF8 00000000
01BFC 00000000
01C00 00000000
01C04 00000000
01C08 00000000
01C0C 00000000
01C10 00000000
01C14 00000000
01C18 00000000
01C1C 00000000
01C20 00000000
01C24 00000000
01C28 00000000
01C2C 00000000
01C30 00000000
01C34 00000000
01C38 00000000
01C3C 00000000
01C40 00000000
01C44 00000000
01C48 00000000
01C4C 00000000
01C50 00000000
01C54 00000000
01C58 00000000
01C5C 00000000
01C60 00000000
01C64 00000000
01C68 00000000
01C6C 00000000
01C70 00000000
01C74 00000000
01C78 00000000
01C7C 00000000
01C80 00000000
01C84 00000000
01C88 00000000
01C8C 00000000
01C90 00000000
01C94 00000000
01C98 00000000
01C9C 00000000
01CA0 00000000
01CA4 00000000
01CA8 00000000
01CAC 00000000
01CB0 00000000
01CB4 00000000
01CB8 00000000
01CBC 00000000
01CC0 00000000
01CC4 00000000
01CC8 00000000
01CCC 00000000
01CD0 00000000
01CD4 00000000
01CD8 00000000
01CDC 00000000
01CE0 00000000
01CE4 00000000
01CE8 00000000
01CEC 00000000
01CF0 00000000
01CF4 00000000
01CF8 00000000
01CFC 00000000
01D00 00000000
01D04 00000000
01D08 00000000
01D0C 00000000
01D10 00000000
01D14 00000000
01D18 00000000
01D1C 00000000
01D20 00000000
01D24 00000000
01D28 00000000
01D2C 00000000
01D30 00000000
01D34 00000000
01D38 00000000
01D3C 00000000
01D40 00000000
01D44 00000000
01D48 00000000
01D4C 00000000
01D50 00000000
01D54 00000000
01D58 00000000
01D5C 00000000
01D60 00000000
01D64 00000000
01D68 00000000
01D6C 00000000
01D70 00000000
01D74 00000000
01D78 00000000
01D7C 00000000
01D80 00000000
01D84 00000000
01D88 00000000
01D8C 00000000
01D90 00000000
01D94 00000000
01D98 00000000
01D9C 00000000
01DA0 00000000
01DA4 00000000
01DA8 00000000
01DAC 00000000
01DB0 00000000
01DB4 00000000
01DB8 00000000
01DBC 00000000
01DC0 00000000
01DC4 00000000
01DC8 00000000
01DCC 00000000
01DD0 00000000
01DD4 00000000
01DD8 00000000
01DDC 00000000
01DE0 00000000
01DE4 00000000
01DE8 00000000
01DEC 00000000
01DF0 00000000
01DF4 00000000
01DF8 00000000
01DFC 00000000
01E00 00000000
01E04 00000000
01E08 00000000
01E0C 00000000
01E10 00000000
01E14 00000000
01E18 00000000
01E1C 00000000
01E20 00000000
01E24 00000000
01E28 00000000
01E2C 00000000
01E30 00000000
01E34 00000000
01E38 00000000
01E3C 00000000
01E40 00000000
01E44 00000000
01E48 00000000
01E4C 00000000
01E50 00000000
01E54 00000000
01E58 00000000
01E5C 00000000
01E60 00000000
01E64 00000000
01E68 00000000
01E6C 00000000
01E70 00000000
01E74 00000000
01E78 00000000
01E7C 00000000
01E80 00000000
01E84 00000000
01E88 00000000
01E8C 00000000
01E90 00000000
01E94 00000000
01E98 00000000
01E9C 00000000
01EA0 00000000
01EA4 00000000
01EA8 00000000
01EAC 00000000
01EB0 00000000
01EB4 00000000
01EB8 00000000
01EBC 00000000
01EC0 00000000
01EC4 00000000
01EC8 00000000
01ECC 00000000
01ED0 00000000
01ED4 00000000
01ED8 00000000
01EDC 00000000
01EE0 00000000
01EE4 00000000
01EE8 00000000
01EEC 00000000
01EF0 00000000
01EF4 00000000
01EF8 00000000
01EFC 00000000
01F00 00000000
01F04 00000000
01F08 00000000
01F0C 00000000
01F10 00000000
01F14 00000000
01F18 00000000
01F1C 00000000
01F20 00000000
01F24 00000000
01F28 00000000
01F2C 00000000
01F30 00000000
01F34 00000000
01F38 00000000
01F3C 00000000
01F40 00000000
01F44 00000000
01F48 00000000
01F4C 00000000
01F50 00000000
01F54 00000000
01F58 00000000
01F5C 00000000
01F60 00000000
01F64 00000000
01F68 00000000
01F6C 00000000
01F70 00000000
01F74 00000000
01F78 00000000
01F7C 00000000
01F80 00000000
01F84 00000000
01F88 00000000
01F8C 00000000
01F90 00000000
01F94 00000000
01F98 00000000
01F9C 00000000
01FA0 00000000
01FA4 00000000
01FA8 00000000
01FAC 00000000
01FB0 00000000
01FB4 00000000
01FB8 00000000
01FBC 00000000
01FC0 00000000
01FC4 00000000
01FC8 00000000
01FCC 00000000
01FD0 00000000
01FD4 00000000
01FD8 00000000
01FDC 00000000
01FE0 00000000
01FE4 00000000
01FE8 00000000
01FEC 00000000
01FF0 00000000
01FF4 00000000
01FF8 00000000
01FFC 00000000
02000 00000000
02004 00000000
02008 00000000
0200C 00000000
02010 00000000
02014 00000000
02018 00000000
0201C 00000000
02020 00000000
02024 00000000
02028 00000000
0202C 00000000
02030 00000000
02034 00000000
02038 00000000
0203C 00000000
02040 00000000
02044 00000000
02048 00000000
0204C 00000000
02050 00000000
02054 00000000
02058 00000000
0205C 00000000
02060 00000000
02064 00000000
02068 00000000
0206C 00000000
02070 00000000
02074 00000000
02078 00000000
0207C 00000000
02080 00000000
02084 00000000
02088 00000000
0208C 00000000
02090 00000000
02094 00000000
02098 00000000
0209C 00000000
020A0 00000000
020A4 00000000
020A8 00000000
020AC 00000000
020B0 00000000
020B4 00000000
020B8 00000000
020BC 00000000
020C0 00000000
020C4 00000000
020C8 00000000
020CC 00000000
020D0 00000000
020D4 00000000
020D8 00000000
020DC 00000000
020E0 00000000
020E4 00000000
020E8 00000000
020EC 00000000
020F0 00000000
020F4 00000000
020F8 00000000
020FC 00000000
02100 00000000
02104 00000000
02108 00000000
0210C 00000000
02110 00000000
02114 00000000
02118 00000000
0211C 00000000
02120 00000000
02124 00000000
02128 00000000
0212C 00000000
02130 00000000
02134 00000000
02138 00000000
0213C 00000000
02140 00000000
02144 00000000
02148 00000000
0214C 00000000
02150 00000000
02154 00000000
02158 00000000
0215C 00000000
02160 00000000
02164 00000000
02168 00000000
0216C 00000000
02170 00000000
02174 00000000
02178 00000000
0217C 00000000
02180 00000000
02184 00000000
02188 00000000
0218C 00000000
02190 00000000
02194 00000000
02198 00000000
0219C 00000000
021A0 00000000
021A4 00000000
021A8 00000000
021AC 00000000
021B0 00000000
021B4 00000000
021B8 00000000
021BC 00000000
021C0 00000000
021C4 00000000
021C8 00000000
021CC 00000000
021D0 00000000
021D4 00000000
021D8 00000000
021DC 00000000
021E0 00000000
021E4 00000000
021E8 00000000
021EC 00000000
021F0 00000000
021F4 00000000
021F8 00000000
021FC 00000000
02200 00000000
02204 00000000
02208 00000000
0220C 00000000
02210 00000000
02214 00000000
02218 00000000
0221C 00000000
02220 00000000
02224 00000000
02228 00000000
0222C 00000000
02230 00000000
02234 00000000
02238 00000000
0223C 00000000
02240 00000000
02244 00000000
02248 00000000
0224C 00000000
02250 00000000
02254 00000000
02258 00000000
0225C 00000000
02260 00000000
02264 00000000
02268 00000000
0226C 00000000
02270 00000000
02274 00000000
02278 00000000
0227C 00000000
02280 00000000
02284 00000000
02288 00000000
0228C 00000000
02290 00000000
02294 00000000
02298 00000000
0229C 00000000
022A0 00000000
022A4 00000000
022A8 00000000
022AC 00000000
022B0 00000000
022B4 00000000
022B8 00000000
022BC 00000000
022C0 00000000
022C4 00000000
022C8 00000000
022CC 00000000
022D0 00000000
022D4 00000000
022D8 00000000
022DC 00000000
022E0 00000000
022E4 00000000
022E8 00000000
022EC 00000000
022F0 00000000
022F4 00000000
022F8 00000000
022FC 00000000
02300 00000000
02304 00000000
02308 00000000
0230C 00000000
02310 00000000
02314 00000000
02318 00000000
0231C 00000000
02320 00000000
02324 00000000
02328 00000000
0232C 00000000
02330 00000000
02334 00000000
02338 00000000
0233C 00000000
02340 00000000
02344 00000000
02348 00000000
0234C 00000000
02350 00000000
02354 00000000
02358 00000000
0235C 00000000
02360 00000000
02364 00000000
02368 00000000
0236C 00000000
02370 00000000
02374 00000000
02378 00000000
0237C 00000000
02380 00000000
02384 00000000
02388 00000000
0238C 00000000
02390 00000000
02394 00000000
02398 00000000
0239C 00000000
023A0 00000000
023A4 00000000
023A8 00000000
023AC 00000000
023B0 00000000
023B4 00000000
023B8 00000000
023BC 00000000
023C0 00000000
023C4 00000000
023C8 00000000
023CC 00000000
023D0 00000000
023D4 00000000
023D8 00000000
023DC 00000000
023E0 00000000
023E4 00000000
023E8 00000000
023EC 00000000
023F0 00000000
023F4 00000000
023F8 00000000
023FC 00000000
02400 00000000
02404 00000000
02408 00000000
0240C 00000000
02410 00000000
02414 00000000
02418 00000000
0241C 00000000
02420 00000000
02424 00000000
02428 00000000
0242C 00000000
02430 00000000
02434 00000000
02438 00000000
0243C 00000000
02440 00000000
02444 00000000
02448 00000000
0244C 00000000
02450 00000000
02454 00000000
02458 00000000
0245C 00000000
02460 00000000
02464 00000000
02468 00000000
0246C 00000000
02470 00000000
02474 00000000
02478 00000000
0247C 00000000
02480 00000000
02484 00000000
02488 00000000
0248C 00000000
02490 00000000
02494 00000000
02498 00000000
0249C 00000000
024A0 00000000
024A4 00000000
024A8 00000000
024AC 00000000
024B0 00000000
024B4 00000000
024B8 00000000
024BC 00000000
024C0 00000000
024C4 00000000
024C8 00000000
024CC 00000000
024D0 00000000
024D4 00000000
024D8 00000000
024DC 00000000
024E0 00000000
024E4 00000000
024E8 00000000
024EC 00000000
024F0 00000000
024F4 00000000
024F8 00000000
024FC 00000000
02500 00000000
02504 00000000
02508 00000000
0250C 00000000
02510 00000000
02514 00000000
02518 00000000
0251C 00000000
02520 00000000
02524 00000000
02528 00000000
0252C 00000000
02530 00000000
02534 00000000
02538 00000000
0253C 00000000
02540 00000000
02544 00000000
02548 00000000
0254C 00000000
02550 00000000
02554 00000000
02558 00000000
0255C 00000000
02560 00000000
02564 00000000
02568 00000000
0256C 00000000
02570 00000000
02574 00000000
02578 00000000
0257C 00000000
02580 00000000
02584 00000000
02588 00000000
0258C 00000000
02590 00000000
02594 00000000
02598 00000000
0259C 00000000
025A0 00000000
025A4 00000000
025A8 00000000
025AC 00000000
025B0 00000000
025B4 00000000
025B8 00000000
025BC 00000000
025C0 00000000
025C4 00000000
025C8 00000000
025CC 00000000
025D0 00000000
025D4 00000000
025D8 00000000
025DC 00000000
025E0 00000000
025E4 00000000
025E8 00000000
025EC 00000000
025F0 00000000
025F4 00000000
025F8 00000000
025FC 00000000
02600 00000000
02604 00000000
02608 00000000
0260C 00000000
02610 00000000
02614 00000000
02618 00000000
0261C 00000000
02620 00000000
02624 00000000
02628 00000000
0262C 00000000
02630 00000000
02634 00000000
02638 00000000
0263C 00000000
02640 00000000
02644 00000000
02648 00000000
0264C 00000000
02650 00000000
02654 00000000
02658 00000000
0265C 00000000
02660 00000000
02664 00000000
02668 00000000
0266C 00000000
02670 00000000
02674 00000000
02678 00000000
0267C 00000000
02680 00000000
02684 00000000
02688 00000000
0268C 00000000
02690 00000000
02694 00000000
02698 00000000
0269C 00000000
026A0 00000000
026A4 00000000
026A8 00000000
026AC 00000000
026B0 00000000
026B4 00000000
026B8 00000000
026BC 00000000
026C0 00000000
026C4 00000000
026C8 00000000
026CC 00000000
026D0 00000000
026D4 00000000
026D8 00000000
026DC 00000000
026E0 00000000
026E4 00000000
026E8 00000000
026EC 00000000
026F0 00000000
026F4 00000000
026F8 00000000
026FC 00000000
02700 00000000
02704 00000000
02708 00000000
0270C 00000000
02710 00000000
02714 00000000
02718 00000000
0271C 00000000
02720 00000000
02724 00000000
02728 00000000
0272C 00000000
02730 00000000
02734 00000000
02738 00000000
0273C 00000000
02740 00000000
02744 00000000
02748 00000000
0274C 00000000
02750 00000000
02754 00000000
02758 00000000
0275C 00000000
02760 00000000
02764 00000000
02768 00000000
0276C 00000000
02770 00000000
02774 00000000
02778 00000000
0277C 00000000
02780 00000000
02784 00000000
02788 00000000
0278C 00000000
02790 00000000
02794 00000000
02798 00000000
0279C 00000000
027A0 00000000
027A4 00000000
027A8 00000000
027AC 00000000
027B0 00000000
027B4 00000000
027B8 00000000
027BC 00000000
027C0 00000000
027C4 00000000
027C8 00000000
027CC 00000000
027D0 00000000
027D4 00000000
027D8 00000000
027DC 00000000
027E0 00000000
027E4 00000000
027E8 00000000
027EC 00000000
027F0 00000000
027F4 00000000
027F8 00000000
027FC 00000000
02800 00000000
02804 00000000
02808 00000000
0280C 00000000
02810 00000000
02814 00000000
02818 00000000
0281C 00000000
02820 00000000
02824 00000000
02828 00000000
0282C 00000000
02830 00000000
02834 00000000
02838 00000000
0283C 00000000
02840 00000000
02844 00000000
02848 00000000
0284C 00000000
02850 00000000
02854 00000000
02858 00000000
0285C 00000000
02860 00000000
02864 00000000
02868 00000000
0286C 00000000
02870 00000000
02874 00000000
02878 00000000
0287C 00000000
02880 00000000
02884 00000000
02888 00000000
0288C 00000000
02890 00000000
02894 00000000
02898 00000000
0289C 00000000
028A0 00000000
028A4 00000000
028A8 00000000
028AC 00000000
028B0 00000000
028B4 00000000
028B8 00000000
028BC 00000000
028C0 00000000
028C4 00000000
028C8 00000000
028CC 00000000
028D0 00000000
028D4 00000000
028D8 00000000
028DC 00000000
028E0 00000000
028E4 00000000
028E8 00000000
028EC 00000000
028F0 00000000
028F4 00000000
028F8 00000000
028FC 00000000
02900 00000000
02904 00000000
02908 00000000
0290C 00000000
02910 00000000
02914 00000000
02918 00000000
0291C 00000000
02920 00000000
02924 00000000
02928 00000000
0292C 00000000
02930 00000000
02934 00000000
02938 00000000
0293C 00000000
02940 00000000
02944 00000000
02948 00000000
0294C 00000000
02950 00000000
02954 00000000
02958 00000000
0295C 00000000
02960 00000000
02964 00000000
02968 00000000
0296C 00000000
02970 00000000
02974 00000000
02978 00000000
0297C 00000000
02980 00000000
02984 00000000
02988 00000000
0298C 00000000
02990 00000000
02994 00000000
02998 00000000
0299C 00000000
029A0 00000000
029A4 00000000
029A8 00000000
029AC 00000000
029B0 00000000
029B4 00000000
029B8 00000000
029BC 00000000
029C0 00000000
029C4 00000000
029C8 00000000
029CC 00000000
029D0 00000000
029D4 00000000
029D8 00000000
029DC 00000000
029E0 00000000
029E4 00000000
029E8 00000000
029EC 00000000
029F0 00000000
029F4 00000000
029F8 00000000
029FC 00000000
02A00 00000000
02A04 00000000
02A08 00000000
02A0C 00000000
02A10 00000000
02A14 00000000
02A18 00000000
02A1C 00000000
02A20 00000000
02A24 00000000
02A28 00000000
02A2C 00000000
02A30 00000000
02A34 00000000
02A38 00000000
02A3C 00000000
02A40 00000000
02A44 00000000
02A48 00000000
02A4C 00000000
02A50 00000000
02A54 00000000
02A58 00000000
02A5C 00000000
02A60 00000000
02A64 00000000
02A68 00000000
02A6C 00000000
02A70 00000000
02A74 00000000
02A78 00000000
02A7C 00000000
02A80 00000000
02A84 00000000
02A88 00000000
02A8C 00000000
02A90 00000000
02A94 00000000
02A98 00000000
02A9C 00000000
02AA0 00000000
02AA4 00000000
02AA8 00000000
02AAC 00000000
02AB0 00000000
02AB4 00000000
02AB8 00000000
02ABC 00000000
02AC0 00000000
02AC4 00000000
02AC8 00000000
02ACC 00000000
02AD0 00000000
02AD4 00000000
02AD8 00000000
02ADC 00000000
02AE0 00000000
02AE4 00000000
02AE8 00000000
02AEC 00000000
02AF0 00000000
02AF4 00000000
02AF8 00000000
02AFC 00000000
02B00 00000000
02B04 00000000
02B08 00000000
02B0C 00000000
02B10 00000000
02B14 00000000
02B18 00000000
02B1C 00000000
02B20 00000000
02B24 00000000
02B28 00000000
02B2C 00000000
02B30 00000000
02B34 00000000
02B38 00000000
02B3C 00000000
02B40 00000000
02B44 00000000
02B48 00000000
02B4C 00000000
02B50 00000000
02B54 00000000
02B58 00000000
02B5C 00000000
02B60 00000000
02B64 00000000
02B68 00000000
02B6C 00000000
02B70 00000000
02B74 00000000
02B78 00000000
02B7C 00000000
02B80 00000000
02B84 00000000
02B88 00000000
02B8C 00000000
02B90 00000000
02B94 00000000
02B98 00000000
02B9C 00000000
02BA0 00000000
02BA4 00000000
02BA8 00000000
02BAC 00000000
02BB0 00000000
02BB4 00000000
02BB8 00000000
02BBC 00000000
02BC0 00000000
02BC4 00000000
02BC8 00000000
02BCC 00000000
02BD0 00000000
02BD4 00000000
02BD8 00000000
02BDC 00000000
02BE0 00000000
02BE4 00000000
02BE8 00000000
02BEC 00000000
02BF0 00000000
02BF4 00000000
02BF8 00000000
02BFC 00000000
02C00 00000000
02C04 00000000
02C08 00000000
02C0C 00000000
02C10 00000000
02C14 00000000
02C18 00000000
02C1C 00000000
02C20 00000000
02C24 00000000
02C28 00000000
02C2C 00000000
02C30 00000000
02C34 00000000
02C38 00000000
02C3C 00000000
02C40 00000000
02C44 00000000
02C48 00000000
02C4C 00000000
02C50 00000000
02C54 00000000
02C58 00000000
02C5C 00000000
02C60 00000000
02C64 00000000
02C68 00000000
02C6C 00000000
02C70 00000000
02C74 00000000
02C78 00000000
02C7C 00000000
02C80 00000000
02C84 00000000
02C88 00000000
02C8C 00000000
02C90 00000000
02C94 00000000
02C98 00000000
02C9C 00000000
02CA0 00000000
02CA4 00000000
02CA8 00000000
02CAC 00000000
02CB0 00000000
02CB4 00000000
02CB8 00000000
02CBC 00000000
02CC0 00000000
02CC4 00000000
02CC8 00000000
02CCC 00000000
02CD0 00000000
02CD4 00000000
02CD8 00000000
02CDC 00000000
02CE0 00000000
02CE4 00000000
02CE8 00000000
02CEC 00000000
02CF0 00000000
02CF4 00000000
02CF8 00000000
02CFC 00000000
02D00 00000000
02D04 00000000
02D08 00000000
02D0C 00000000
02D10 00000000
02D14 00000000
02D18 00000000
02D1C 00000000
02D20 00000000
02D24 00000000
02D28 00000000
02D2C 00000000
02D30 00000000
02D34 00000000
02D38 00000000
02D3C 00000000
02D40 00000000
02D44 00000000
02D48 00000000
02D4C 00000000
02D50 00000000
02D54 00000000
02D58 00000000
02D5C 00000000
02D60 00000000
02D64 00000000
02D68 00000000
02D6C 00000000
02D70 00000000
02D74 00000000
02D78 00000000
02D7C 00000000
02D80 00000000
02D84 00000000
02D88 00000000
02D8C 00000000
02D90 00000000
02D94 00000000
02D98 00000000
02D9C 00000000
02DA0 00000000
02DA4 00000000
02DA8 00000000
02DAC 00000000
02DB0 00000000
02DB4 00000000
02DB8 00000000
02DBC 00000000
02DC0 00000000
02DC4 00000000
02DC8 00000000
02DCC 00000000
02DD0 00000000
02DD4 00000000
02DD8 00000000
02DDC 00000000
02DE0 00000000
02DE4 00000000
02DE8 00000000
02DEC 00000000
02DF0 00000000
02DF4 00000000
02DF8 00000000
02DFC 00000000
02E00 00000000
02E04 00000000
02E08 00000000
02E0C 00000000
02E10 00000000
02E14 00000000
02E18 00000000
02E1C 00000000
02E20 00000000
02E24 00000000
02E28 00000000
02E2C 00000000
02E30 00000000
02E34 00000000
02E38 00000000
02E3C 00000000
02E40 00000000
02E44 00000000
02E48 00000000
02E4C 00000000
02E50 00000000
02E54 00000000
02E58 00000000
02E5C 00000000
02E60 00000000
02E64 00000000
02E68 00000000
02E6C 00000000
02E70 00000000
02E74 00000000
02E78 00000000
02E7C 00000000
02E80 00000000
02E84 00000000
02E88 00000000
02E8C 00000000
02E90 00000000
02E94 00000000
02E98 00000000
02E9C 00000000
02EA0 00000000
02EA4 00000000
02EA8 00000000
02EAC 00000000
02EB0 00000000
02EB4 00000000
02EB8 00000000
02EBC 00000000
02EC0 00000000
02EC4 00000000
02EC8 00000000
02ECC 00000000
02ED0 00000000
02ED4 00000000
02ED8 00000000
02EDC 00000000
02EE0 00000000
02EE4 00000000
02EE8 00000000
02EEC 00000000
02EF0 00000000
02EF4 00000000
02EF8 00000000
02EFC 00000000
02F00 00000000
02F04 00000000
02F08 00000000
02F0C 00000000
02F10 00000000
02F14 00000000
02F18 00000000
02F1C 00000000
02F20 00000000
02F24 00000000
02F28 00000000
02F2C 00000000
02F30 00000000
02F34 00000000
02F38 00000000
02F3C 00000000
02F40 00000000
02F44 00000000
02F48 00000000
02F4C 00000000
02F50 00000000
02F54 00000000
02F58 00000000
02F5C 00000000
02F60 00000000
02F64 00000000
02F68 00000000
02F6C 00000000
02F70 00000000
02F74 00000000
02F78 00000000
02F7C 00000000
02F80 00000000
02F84 00000000
02F88 00000000
02F8C 00000000
02F90 00000000
02F94 00000000
02F98 00000000
02F9C 00000000
02FA0 00000000
02FA4 00000000
02FA8 00000000
02FAC 00000000
02FB0 00000000
02FB4 00000000
02FB8 00000000
02FBC 00000000
02FC0 00000000
02FC4 00000000
02FC8 00000000
02FCC 00000000
02FD0 00000000
02FD4 00000000
02FD8 00000000
02FDC 00000000
02FE0 00000000
02FE4 00000000
02FE8 00000000
02FEC 00000000
02FF0 00000000
02FF4 00000000
02FF8 00000000
02FFC 00000000
03000 00000000
03004 00000000
