00000 418C43F8
00004 C07A5A9A
00008 41B79A26
0000C 414A1AD8
00010 C1CFC7FD
00014 41F384C6
00018 4185B41A
0001C 41927705
00020 C1BE67E4
00024 C04B381D
00028 C1044D86
0002C 41DA80F1
00030 41135161
00034 41A54103
00038 C067C683
0003C C18BA75E
00040 405F944C
00044 C1DF5358
00048 41A7BF46
0004C 4106D308
00050 41842414
00054 C114F725
00058 41F0FF55
0005C 41C9472C
00060 418E8848
00064 C19C5851
00068 C0084F8F
0006C C1E9928E
00070 C1B100F8
00074 413B712F
00078 417AA2EE
0007C 41EF5D70
00080 C1325AD6
00084 C104A636
00088 BFF96617
0008C C19EFD9C
00090 C1BD7AEE
00094 BFC70676
00098 C18BD28A
0009C 412DE3B8
000A0 C080B67F
000A4 41AA54CC
000A8 414D124B
000AC C14022F6
000B0 41AA1DF5
000B4 419C0A13
000B8 C0E671BC
000BC C158C084
000C0 413AE01A
000C4 C1B8725D
000C8 C199A5A2
000CC C1FC3B03
000D0 4192E7C1
000D4 4128CEAA
000D8 415216DF
000DC 418FBBB7
000E0 C02847EF
000E4 408CC82F
000E8 C1B86C87
000EC C1C55C50
000F0 412C71D3
000F4 BFECC7A6
000F8 40859A82
000FC 4187ADEE
00100 4109F399
00104 405B7613
00108 40728335
0010C C148C14E
00110 C1F038A5
00114 C0819A50
00118 C19221F5
0011C C0BB5556
00120 41B4F13F
00124 C1883915
00128 C1E22625
0012C C15FDCE7
00130 C1535C28
00134 4125CD71
00138 40699A8C
0013C 41915B1B
00140 412841CF
00144 C0BFB83F
00148 41A0C748
0014C C1AA8287
00150 C1F45F15
00154 C1D1E53F
00158 4163B22B
0015C C01C269F
00160 C1AD6DC9
00164 3D88F0D6
00168 C1B20426
0016C 41490835
00170 C05C8B3D
00174 C0F3AB25
00178 C14B406A
0017C 410568CD
00180 C10D80FF
00184 C1D31F8D
00188 C1C394BB
0018C 41EC7DDA
00190 41D1317D
00194 414C8007
00198 C16FBFC9
0019C 41F037E3
001A0 418EB870
001A4 415E1876
001A8 C04F6A50
001AC C1693982
001B0 C1CEA5D8
001B4 41CE21E7
001B8 C03523EC
001BC C19863D4
001C0 C146B34F
001C4 40A23DDF
001C8 C1A57E0A
001CC 41B69626
001D0 41845CAC
001D4 4160BAE6
001D8 C08B12CE
001DC 41025D40
001E0 40AC3B8E
001E4 41197163
001E8 C1D4C3B7
001EC C0AC6D2B
001F0 C1EAB18C
001F4 BEC4E8A9
001F8 C12E38DD
001FC C1B600ED
00200 C1CB0EC4
00204 40B37EFF
00208 C1A8A80A
0020C 41D9A958
00210 40A60362
00214 C11CCE29
00218 40BA31E7
0021C C1F4530D
00220 41EAC846
00224 BF90F862
00228 4190C2AC
0022C C1D5A46A
00230 BF5A9704
00234 BF1841B1
00238 41E02ACA
0023C 4092E628
00240 BFD92CC1
00244 C16E9DEF
00248 C12C792D
0024C 3FA9592C
00250 C07A37FA
00254 C1F4EF43
00258 41A70FBC
0025C 41CAD596
00260 C1B83145
00264 405D5501
00268 C1C868C3
0026C 41305FB5
00270 C1600440
00274 41233FB0
00278 41687147
0027C 41898C2A
00280 C1C8D62E
00284 41D4FF81
00288 C18A2164
0028C C1ECD843
00290 4060ACFC
00294 C1042CF3
00298 41A8DA34
0029C 419DD323
002A0 C13B3FF1
002A4 41E7E26E
002A8 C15619A2
002AC 3F76B22D
002B0 C179E44A
002B4 41DF411A
002B8 C1ABB886
002BC C1E9017A
002C0 C084EBD5
002C4 41FC18A6
002C8 41C889EC
002CC 417E931A
002D0 41C815F4
002D4 41C971D7
002D8 3F9A7CD9
002DC C13C7D18
002E0 418B4537
002E4 41258A88
002E8 C1015FDE
002EC C1CFA211
002F0 417CB66A
002F4 C1733D8D
002F8 41DFA5F9
002FC C1849F81
00300 C1C125DF
00304 41A9879A
00308 C1B184B8
0030C C1A436F2
00310 40CB8934
00314 41BFC699
00318 C19B6CEA
0031C C1423A83
00320 418E0802
00324 41F1933C
00328 3D424C2A
0032C C1B65311
00330 C1F8DD58
00334 C18A6A86
00338 C1BC81CC
0033C 4135EC28
00340 C1C19F2C
00344 3ECF6B51
00348 4146ECBB
0034C 40A62077
00350 C199B701
00354 419BB636
00358 415C93B0
0035C 4174B839
00360 C1BCE600
00364 C1C0A357
00368 41DAE97B
0036C C0D1C286
00370 C14BD41B
00374 BF3B09FC
00378 4126C5E0
0037C 41E94774
00380 C15AADD7
00384 41D9807E
00388 C1F3459E
0038C 40621758
00390 410930C6
00394 C1C9C7D1
00398 C1B82569
0039C C0A5A764
003A0 41EEB5F3
003A4 40C4B1F5
003A8 41DDB538
003AC 419BD532
003B0 C0059ADF
003B4 4191CC84
003B8 C1F6DE19
003BC C1C81E47
003C0 41A8AADE
003C4 4197F869
003C8 C188E350
003CC 3FFC1082
003D0 40D91ED3
003D4 41BC4848
003D8 40D329D8
003DC C0B30DAD
003E0 C100D5E6
003E4 C097CB22
003E8 411B93CF
003EC 41BC27BB
003F0 C03CD69F
003F4 C1811B2C
003F8 C186D431
003FC 417BEB2B
00400 41A2154D
00404 C1E4AB20
00408 3FC2958B
0040C 41B713B2
00410 41D52B91
00414 C1CF4F9C
00418 408504D4
0041C C12A5ADD
00420 C0FD373F
00424 C14AD38C
00428 C1B6C5D6
0042C 414AE02D
00430 C1E41889
00434 409FC77D
00438 C0BACFEC
0043C C08C749E
00440 C1CA18FE
00444 40BAA99C
00448 C1CBF1A9
0044C C0185FB1
00450 BF9C61BC
00454 416721FF
00458 40945673
0045C 41CBF6B3
00460 41F927C5
00464 41D63E04
00468 418DB487
0046C 41AD0BBE
00470 40EE3366
00474 414C9211
00478 C19092FE
0047C 4101096A
00480 C1DDEBFF
00484 41390D3B
00488 41AABB14
0048C C0EB5633
00490 C12FC215
00494 C1D4BD4E
00498 C00B5327
0049C 41866A9D
004A0 415EFC8A
004A4 419005C6
004A8 C19A84FA
004AC C1EB714A
004B0 C1EA5107
004B4 4118D094
004B8 40B4D9E8
004BC C10EAFD8
004C0 40C16670
004C4 C0D9D846
004C8 C1E56541
004CC 410EE9AD
004D0 40112412
004D4 41DF3381
004D8 3FB96646
004DC C16AF8E3
004E0 41E702FD
004E4 C1C760F5
004E8 41D23F2C
004EC C198B004
004F0 41C4AEBF
004F4 41E19597
004F8 C13B59A1
004FC 3F50B844
00500 C1B528C8
00504 C13A608B
00508 41D984E0
0050C C16F243D
00510 41B27685
00514 C1B9A5AB
00518 418720F7
0051C C10B113F
00520 C1C356C7
00524 41FE7B54
00528 412004FE
0052C C1C00A01
00530 41569BB1
00534 C1B3FFCE
00538 C1ED8991
0053C 417262FA
00540 41A63A63
00544 3E9450D4
00548 C1CD410B
0054C C1B87046
00550 411C3FDB
00554 41EAF25A
00558 4199369A
0055C C13E0372
00560 41B37927
00564 41C22681
00568 C1ED7C15
0056C 3E9478B3
00570 C1A75BC9
00574 3F08D9ED
00578 C0A71DE1
0057C 41C5D699
00580 C14237A1
00584 41C000A6
00588 41AFE90E
0058C BFB53AB8
00590 419BD93F
00594 419A0D7E
00598 BF008FCD
0059C C1AF4D87
005A0 410C5D19
005A4 C15D471B
005A8 C1FD384D
005AC 417B1299
005B0 C1D109F2
005B4 C0C4899E
005B8 BFD3E7B6
005BC 41D794CF
005C0 C1B6566B
005C4 41B3C786
005C8 41CE288E
005CC C0AA35E8
005D0 400607CB
005D4 40BFDC5A
005D8 40CBF7A5
005DC C1B455BD
005E0 C1C1937B
005E4 41AC7DB5
005E8 C1E58D18
005EC 410521D3
005F0 C1A207EF
005F4 BFD39C1A
005F8 C18C7F17
005FC 3E6E165F
00600 41D78971
00604 C1E9BDA3
00608 41F58A4A
0060C C188EC98
00610 41081B8F
00614 4190B41B
00618 41DCCAFF
0061C 41DF4C19
00620 40B4C09C
00624 C1C98361
00628 40D8EF4D
0062C 41B3C775
00630 41F5C61F
00634 C1C2F5EC
00638 409464D3
0063C 3FA617FF
00640 C1AB3F6D
00644 C1A312A4
00648 419AA323
0064C C107AAFC
00650 C158EDBC
00654 4197194B
00658 C1C2B247
0065C C07E5856
00660 413E900C
00664 41FF8AA8
00668 419A5BD3
0066C C1B087EC
00670 C029BC51
00674 C1BB57F4
00678 4086B36B
0067C 4199889D
00680 C15C7257
00684 C186C960
00688 418F17AE
0068C C108D06B
00690 417087D5
00694 41E45DA9
00698 C1C40B00
0069C C0EEF604
006A0 C1F9B376
006A4 4129A942
006A8 C185DC68
006AC 41704083
006B0 4191730F
006B4 C163402A
006B8 414ED9A9
006BC C13E00A3
006C0 C1B15996
006C4 C1805046
006C8 4111E723
006CC C130A501
006D0 C1985E6D
006D4 C17C8913
006D8 C1D317CE
006DC 416B32BB
006E0 C03B1D17
006E4 4119BA5F
006E8 41B2E5B7
006EC C19D29AA
006F0 410BAEA1
006F4 C147FB84
006F8 41177FCF
006FC 41ACBD62
00700 C1C4DE7D
00704 4091E26D
00708 418ED89C
0070C C0F6DB89
00710 41477929
00714 40B879B6
00718 4121A6EA
0071C 40590F42
00720 41A69AC4
00724 C1D1B1C1
00728 C1E2B27F
0072C C16ABE38
00730 40944D58
00734 C093A77B
00738 411C1769
0073C BEBFF76E
00740 C1F52C16
00744 C0AB7E9B
00748 C1BB1BF9
0074C 413E3381
00750 41B8B02B
00754 C1CF55B6
00758 C0A6B0B1
0075C 41DF4DBE
00760 C1518D67
00764 41CB47F6
00768 419A17EF
0076C 4156F142
00770 C1B5B17D
00774 40E34D70
00778 C13C325B
0077C C1C4AE6D
00780 C1E3A337
00784 C1E6C82A
00788 4013BC14
0078C C14FFF9D
00790 C1BC5D04
00794 40EDE848
00798 418C73DB
0079C 418F83AD
007A0 C029C97D
007A4 C1F126FA
007A8 41DB0801
007AC 41F5DD67
007B0 41E45D51
007B4 4109DC37
007B8 41932A51
007BC C1DB1B10
007C0 C1A69565
007C4 C1016B4C
007C8 3F69070B
007CC 41E5D0B5
007D0 40EA3FED
007D4 C1A84C82
007D8 412F574A
007DC BFA90129
007E0 C06C4806
007E4 C184B22F
007E8 418B51CB
007EC 40E470F9
007F0 C14B6CD6
007F4 C0B49C7D
007F8 40494B9F
007FC 41AF19BC
00800 C1E38C9A
00804 C160A765
00808 C129D9D1
0080C C1A76D46
00810 C13E92BD
00814 41788466
00818 C1F87B7E
0081C 41A78346
00820 41B68D76
00824 C102CDDD
00828 C1B159A6
0082C 40CE856A
00830 C1C2BA47
00834 C10A5294
00838 41EAB73B
0083C 41FDAD85
00840 418B5155
00844 C141934E
00848 41402B44
0084C 4152560C
00850 C0E5B341
00854 4110451C
00858 C1FA81E8
0085C C194F665
00860 3FCD85FC
00864 C1AC28CA
00868 C1AB0E41
0086C 41AC3013
00870 41FA6FA4
00874 40654033
00878 41AD9A8C
0087C 41FB0B71
00880 C1B780BE
00884 C053FC68
00888 C0DC02D6
0088C C1D703C8
00890 4182BAA3
00894 C0879EDC
00898 BFFB4615
0089C C1B2DAFE
008A0 C1A35D95
008A4 41D06FE3
008A8 C1E923C1
008AC C188C796
008B0 C154EE66
008B4 BF209A7D
008B8 40B10A2B
008BC BEDBDFC3
008C0 C1D4EED6
008C4 C1833E05
008C8 41AFEAD1
008CC 410CE40D
008D0 4118BA87
008D4 412E49C3
008D8 41869B39
008DC C1E23F9B
008E0 C10897D0
008E4 4021E785
008E8 C1256BAA
008EC 41B05F89
008F0 BF8EC419
008F4 4189898E
008F8 41B43B61
008FC 3E9D01DF
00900 41D1B0D5
00904 40B26E09
00908 41B35727
0090C C1233C2B
00910 BD9B1049
00914 4000A8DD
00918 C1CA4019
0091C C0CFC3B4
00920 41D5AD49
00924 4105F8E3
00928 C1A51DDB
0092C C1250307
00930 C19DE636
00934 C1F34A62
00938 41DADC19
0093C C054248D
00940 C1451587
00944 40C9AE69
00948 C1FC4148
0094C C1634E2C
00950 414FE801
00954 4108FAF2
00958 41F6AF45
0095C 40F67E1A
00960 BFB8459A
00964 4185DA7D
00968 41CE80FE
0096C 4161FE1E
00970 41ED2A06
00974 419062FB
00978 41BBCD66
0097C C1C59427
00980 416DFDCE
00984 C075658D
00988 4059835F
0098C 411DCD06
00990 41F08B9B
00994 41F81A9E
00998 C158DAB2
0099C 416F5D14
009A0 417FFBAF
009A4 C11D30FA
009A8 C1C09424
009AC C1EB0900
009B0 418DFFEB
009B4 BF28C26A
009B8 41F898B9
009BC C00F77FE
009C0 41F4B189
009C4 C0B517A4
009C8 41965D82
009CC C1D49291
009D0 40632BD1
009D4 419AA795
009D8 41D9727F
009DC 41A5299C
009E0 C1ED122C
009E4 C1025A51
009E8 C1E710FE
009EC C1C80C27
009F0 41338352
009F4 415A605B
009F8 418C251E
009FC 41BB1D1F
00A00 41752D86
00A04 419A0BD7
00A08 C1E6EE3B
00A0C C187EB02
00A10 40F9A58A
00A14 41B75C33
00A18 C1FDB229
00A1C 3F6FAFE8
00A20 41358AD4
00A24 C1F0D750
00A28 C0CA0619
00A2C 41CA90A8
00A30 412FBB45
00A34 C18651A5
00A38 41B49FBA
00A3C C11B9DA7
00A40 41B4E998
00A44 C14DE1B7
00A48 40B8F9D3
00A4C C0D31116
00A50 C1669443
00A54 41C5EADF
00A58 C19FF3B9
00A5C C1D49393
00A60 C121DDE8
00A64 415EDCCC
00A68 419D67AD
00A6C 41FF5B4A
00A70 C1508677
00A74 C0BC88EE
00A78 C1B9F290
00A7C 40995674
00A80 41FEC2D0
00A84 414DB3C0
00A88 40C2FEF3
00A8C C0DC6D98
00A90 41D4A20A
00A94 BE4A12EF
00A98 C1BB3443
00A9C C109DA3A
00AA0 C1DD9C55
00AA4 C1989634
00AA8 C1F6F41E
00AAC C03F5D8F
00AB0 4109C4EC
00AB4 C12077F1
00AB8 C0A30EE2
00ABC 41EB1D7A
00AC0 4181014F
00AC4 4027594A
00AC8 C15CA151
00ACC 41CB432A
00AD0 C187A15A
00AD4 C132D95B
00AD8 41D170F1
00ADC 3FF2022E
00AE0 41782232
00AE4 40B9D868
00AE8 411D1F2B
00AEC C14D6E77
00AF0 C1846AE2
00AF4 C135C491
00AF8 C1B069F7
00AFC 41BFA622
00B00 C15DF484
00B04 407BDC4E
00B08 41957DAC
00B0C 41915165
00B10 C07C5EB1
00B14 BFC28008
00B18 41FD498C
00B1C 4132C9AE
00B20 41A1184A
00B24 41CE1B8E
00B28 41933EFA
00B2C C1A1302C
00B30 407EA6BD
00B34 C1CBD487
00B38 411C979E
00B3C 41E9238F
00B40 3F509A26
00B44 C08945B8
00B48 C1EDA605
00B4C 41EB6791
00B50 C1CB433B
00B54 C1EAF7AE
00B58 C182038F
00B5C C1DE72CC
00B60 C037D65A
00B64 3F83CA91
00B68 C13FEDAA
00B6C C1E5E882
00B70 C1C6DC51
00B74 C0EC88F8
00B78 C1E1026A
00B7C 414AF23F
00B80 C1960167
00B84 C14AADC0
00B88 C0D8D496
00B8C C0AAC892
00B90 C1FF2654
00B94 C1C69EB6
00B98 41B9BC47
00B9C C1FF5E61
00BA0 3F05D060
00BA4 BF2BFFC7
00BA8 C12AE95D
00BAC C08CA46B
00BB0 418FA855
00BB4 41AEB241
00BB8 C1756731
00BBC C135C511
00BC0 C183D94A
00BC4 BFA4F583
00BC8 413BA814
00BCC C18B2270
00BD0 C12D539C
00BD4 41DC5B5F
00BD8 C1E721ED
00BDC C020B00D
00BE0 4158A2AC
00BE4 C1B2F7B1
00BE8 C1E7BE98
00BEC C1B93D25
00BF0 41D66FFE
00BF4 C1FB424D
00BF8 C19F9443
00BFC C1EFFB9B
00C00 C30D948B
00C04 C34BE10A
00C08 C4AB0DCF
00C0C C3C6CE85
00C10 C4E6E56F
00C14 C4319559
00C18 C3F369CB
00C1C 442C9E42
00C20 45252EBE
00C24 C4BEA7CD
00C28 44A621A2
00C2C C4D1D7C5
00C30 C438BB78
00C34 C480831A
00C38 45237EE9
00C3C C48023B8
00C40 44EDAB43
00C44 C45D7487
00C48 44DE721E
00C4C 438C27E9
00C50 44181A00
00C54 4419ACEA
00C58 4416F71B
00C5C C4BB836E
00C60 44F8228D
00C64 433D46B3
00C68 C504F4C0
00C6C 441F8CE5
00C70 44FD4DD7
00C74 C4285DB7
00C78 C38F94DB
00C7C 44F8EFB9
00C80 C5123568
00C84 44AB46DA
00C88 44637930
00C8C 441BF72E
00C90 44419694
00C94 C49104F6
00C98 C52C1815
00C9C C40D544F
00CA0 C44D74B9
00CA4 44C56EC1
00CA8 43EFE6D0
00CAC 44F7A792
00CB0 C476EE78
00CB4 4450D08C
00CB8 44C9CA2A
00CBC C4BE1DEF
00CC0 C21BB73A
00CC4 C1A403D4
00CC8 C34AC8CA
00CCC 43E2E692
00CD0 4486C149
00CD4 45349F45
00CD8 C3E46DC4
00CDC C480AB64
00CE0 44D74256
00CE4 4374835B
00CE8 43F1AFD3
00CEC 43794851
00CF0 4467FE8A
00CF4 C4641A2C
00CF8 C42CCEF3
00CFC C4A64210
00D00 C25A81D5
00D04 C46EBC54
00D08 44D2BDB7
00D0C 43596057
00D10 C500E7B7
00D14 44A564C1
00D18 44AF45D3
00D1C C2796F7F
00D20 C4863408
00D24 43BC97E5
00D28 C49FAB66
00D2C 4407DB4B
00D30 4494B042
00D34 C52E0AEF
00D38 C4AA5A2D
00D3C C4404FC6
00D40 444883D9
00D44 C4D678DC
00D48 4446E22A
00D4C C53C9883
00D50 44BFD277
00D54 C238B953
00D58 4387352F
00D5C 44DCB156
00D60 44857931
00D64 C416EFB9
00D68 40B0A9BD
00D6C 43A25036
00D70 C374A542
00D74 C49212CE
00D78 431D2B7C
00D7C C3919DC0
00D80 44DAC97F
00D84 45008A09
00D88 449DA141
00D8C 44BEB6F7
00D90 C4C86F46
00D94 442EDA69
00D98 C491EF30
00D9C C4B3F28C
00DA0 C4EBE31F
00DA4 430108C1
00DA8 C3E980DC
00DAC C40039BA
00DB0 C3110EF9
00DB4 45647C66
00DB8 C42C7C92
00DBC 4371906A
00DC0 44B7C266
00DC4 4449F075
00DC8 44A5127E
00DCC C3A94102
00DD0 C48F8426
00DD4 44B052E7
00DD8 448652B4
00DDC 449BC799
00DE0 C51D81B0
00DE4 C43A09FA
00DE8 42AC7981
00DEC C4E503B0
00DF0 4403BFB7
00DF4 45119B75
00DF8 C4F3C5D6
00DFC C3409311
00E00 C3E5AEEE
00E04 43CCBFC3
00E08 44366EFB
00E0C 4511D09C
00E10 C3DF6F15
00E14 C38CC30A
00E18 C2FFA927
00E1C C49CB306
00E20 C5375213
00E24 446FC248
00E28 C4E208C5
00E2C 4423F55E
00E30 444F2555
00E34 433BDECE
00E38 C3EA7130
00E3C 44E3BA23
00E40 4501ACF4
00E44 C3CB8350
00E48 4497EC01
00E4C C5247FE5
00E50 435147A9
00E54 43B153B4
00E58 C3B8BF1F
00E5C 435BBBFB
00E60 C09F5B01
00E64 C4D493C7
00E68 C41ADCD1
00E6C 431E0CAE
00E70 C328E55F
00E74 44C17D01
00E78 43416857
00E7C 449789BF
00E80 C45AD79D
00E84 4514B5A0
00E88 452D98CE
00E8C C4ADD796
00E90 448C5278
00E94 448F1D65
00E98 C4041F78
00E9C 4519E96C
00EA0 C525E20F
00EA4 C4CF26C4
00EA8 C438710C
00EAC C499C7E7
00EB0 C2BBD4E0
00EB4 455F2E6D
00EB8 C2E6CAAF
00EBC C4B58AFF
00EC0 C4B583EA
00EC4 C46D0CED
00EC8 44447722
00ECC 4390CC19
00ED0 432912D3
00ED4 41E0B444
00ED8 44CCA5F2
00EDC 4459BE7A
00EE0 41815070
00EE4 448003F7
00EE8 44ABDD29
00EEC C451F62F
00EF0 4503AF4D
00EF4 C4D6BC7A
00EF8 C4CD53F8
00EFC C4699518
00F00 C4F292F4
00F04 450B1381
00F08 44D64384
00F0C 43731D91
00F10 44A01D0B
00F14 454B49C9
00F18 44EAE8C7
00F1C 44F87077
00F20 C56B74D0
00F24 453D5E44
00F28 C3592532
00F2C 442C0FFE
00F30 4246A935
00F34 4473A219
00F38 C5653BDF
00F3C C47119BF
00F40 C4BF5987
00F44 C2601A6C
00F48 C30B372E
00F4C 43438BC1
00F50 43596C7E
00F54 C4BB7F7B
00F58 43ED3CF4
00F5C C26D68F8
00F60 44537CC2
00F64 4497F3E3
00F68 C3480DF1
00F6C 44D23987
00F70 439CCFEA
00F74 C3FE6413
00F78 45023049
00F7C 44FB0131
00F80 C3E430B2
00F84 454980C8
00F88 437D5F00
00F8C 44E82DD3
00F90 C48AC57E
00F94 C48221F8
00F98 C4899B51
00F9C C43B5F2B
00FA0 C55236C7
00FA4 C49E50D5
00FA8 C50E704A
00FAC C40B4A65
00FB0 C4AC1B81
00FB4 45606F63
00FB8 C2D2CA94
00FBC 4323C47A
00FC0 C35E97C3
00FC4 44379E24
00FC8 C536AD6E
00FCC 441CE888
00FD0 C4478407
00FD4 44DCFD28
00FD8 4493AD2D
00FDC 435345F8
00FE0 445E99DC
00FE4 C46F0030
00FE8 C3124B79
00FEC C4CD0C16
00FF0 C499F5B7
00FF4 C43AFA6A
00FF8 C47D5A70
00FFC C2A324A7
01000 00000000
01004 00000000
01008 00000000
0100C 00000000
01010 00000000
01014 00000000
01018 00000000
0101C 00000000
01020 00000000
01024 00000000
01028 00000000
0102C 00000000
01030 00000000
01034 00000000
01038 00000000
0103C 00000000
01040 00000000
01044 00000000
01048 00000000
0104C 00000000
01050 00000000
01054 00000000
01058 00000000
0105C 00000000
01060 00000000
01064 00000000
01068 00000000
0106C 00000000
01070 00000000
01074 00000000
01078 00000000
0107C 00000000
01080 00000000
01084 00000000
01088 00000000
0108C 00000000
01090 00000000
01094 00000000
01098 00000000
0109C 00000000
010A0 00000000
010A4 00000000
010A8 00000000
010AC 00000000
010B0 00000000
010B4 00000000
010B8 00000000
010BC 00000000
010C0 00000000
010C4 00000000
010C8 00000000
010CC 00000000
010D0 00000000
010D4 00000000
010D8 00000000
010DC 00000000
010E0 00000000
010E4 00000000
010E8 00000000
010EC 00000000
010F0 00000000
010F4 00000000
010F8 00000000
010FC 00000000
01100 00000000
01104 00000000
01108 00000000
0110C 00000000
01110 00000000
01114 00000000
01118 00000000
0111C 00000000
01120 00000000
01124 00000000
01128 00000000
0112C 00000000
01130 00000000
01134 00000000
01138 00000000
0113C 00000000
01140 00000000
01144 00000000
01148 00000000
0114C 00000000
01150 00000000
01154 00000000
01158 00000000
0115C 00000000
01160 00000000
01164 00000000
01168 00000000
0116C 00000000
01170 00000000
01174 00000000
01178 00000000
0117C 00000000
01180 00000000
01184 00000000
01188 00000000
0118C 00000000
01190 00000000
01194 00000000
01198 00000000
0119C 00000000
011A0 00000000
011A4 00000000
011A8 00000000
011AC 00000000
011B0 00000000
011B4 00000000
011B8 00000000
011BC 00000000
011C0 00000000
011C4 00000000
011C8 00000000
011CC 00000000
011D0 00000000
011D4 00000000
011D8 00000000
011DC 00000000
011E0 00000000
011E4 00000000
011E8 00000000
011EC 00000000
011F0 00000000
011F4 00000000
011F8 00000000
011FC 00000000
01200 00000000
01204 00000000
01208 00000000
0120C 00000000
01210 00000000
01214 00000000
01218 00000000
0121C 00000000
01220 00000000
01224 00000000
01228 00000000
0122C 00000000
01230 00000000
01234 00000000
01238 00000000
0123C 00000000
01240 00000000
01244 00000000
01248 00000000
0124C 00000000
01250 00000000
01254 00000000
01258 00000000
0125C 00000000
01260 00000000
01264 00000000
01268 00000000
0126C 00000000
01270 00000000
01274 00000000
01278 00000000
0127C 00000000
01280 00000000
01284 00000000
01288 00000000
0128C 00000000
01290 00000000
01294 00000000
01298 00000000
0129C 00000000
012A0 00000000
012A4 00000000
012A8 00000000
012AC 00000000
012B0 00000000
012B4 00000000
012B8 00000000
012BC 00000000
012C0 00000000
012C4 00000000
012C8 00000000
012CC 00000000
012D0 00000000
012D4 00000000
012D8 00000000
012DC 00000000
012E0 00000000
012E4 00000000
012E8 00000000
012EC 00000000
012F0 00000000
012F4 00000000
012F8 00000000
012FC 00000000
01300 00000000
01304 00000000
01308 00000000
0130C 00000000
01310 00000000
01314 00000000
01318 00000000
0131C 00000000
01320 00000000
01324 00000000
01328 00000000
0132C 00000000
01330 00000000
01334 00000000
01338 00000000
0133C 00000000
01340 00000000
01344 00000000
01348 00000000
0134C 00000000
01350 00000000
01354 00000000
01358 00000000
0135C 00000000
01360 00000000
01364 00000000
01368 00000000
0136C 00000000
01370 00000000
01374 00000000
01378 00000000
0137C 00000000
01380 00000000
01384 00000000
01388 00000000
0138C 00000000
01390 00000000
01394 00000000
01398 00000000
0139C 00000000
013A0 00000000
013A4 00000000
013A8 00000000
013AC 00000000
013B0 00000000
013B4 00000000
013B8 00000000
013BC 00000000
013C0 00000000
013C4 00000000
013C8 00000000
013CC 00000000
013D0 00000000
013D4 00000000
013D8 00000000
013DC 00000000
013E0 00000000
013E4 00000000
013E8 00000000
013EC 00000000
013F0 00000000
013F4 00000000
013F8 00000000
013FC 00000000
01400 00000000
01404 00000000
01408 00000000
0140C 00000000
01410 00000000
01414 00000000
01418 00000000
0141C 00000000
01420 00000000
01424 00000000
01428 00000000
0142C 00000000
01430 00000000
01434 00000000
01438 00000000
0143C 00000000
01440 00000000
01444 00000000
01448 00000000
0144C 00000000
01450 00000000
01454 00000000
01458 00000000
0145C 00000000
01460 00000000
01464 00000000
01468 00000000
0146C 00000000
01470 00000000
01474 00000000
01478 00000000
0147C 00000000
01480 00000000
01484 00000000
01488 00000000
0148C 00000000
01490 00000000
01494 00000000
01498 00000000
0149C 00000000
014A0 00000000
014A4 00000000
014A8 00000000
014AC 00000000
014B0 00000000
014B4 00000000
014B8 00000000
014BC 00000000
014C0 00000000
014C4 00000000
014C8 00000000
014CC 00000000
014D0 00000000
014D4 00000000
014D8 00000000
014DC 00000000
014E0 00000000
014E4 00000000
014E8 00000000
014EC 00000000
014F0 00000000
014F4 00000000
014F8 00000000
014FC 00000000
01500 00000000
01504 00000000
01508 00000000
0150C 00000000
01510 00000000
01514 00000000
01518 00000000
0151C 00000000
01520 00000000
01524 00000000
01528 00000000
0152C 00000000
01530 00000000
01534 00000000
01538 00000000
0153C 00000000
01540 00000000
01544 00000000
01548 00000000
0154C 00000000
01550 00000000
01554 00000000
01558 00000000
0155C 00000000
01560 00000000
01564 00000000
01568 00000000
0156C 00000000
01570 00000000
01574 00000000
01578 00000000
0157C 00000000
01580 00000000
01584 00000000
01588 00000000
0158C 00000000
01590 00000000
01594 00000000
01598 00000000
0159C 00000000
015A0 00000000
015A4 00000000
015A8 00000000
015AC 00000000
015B0 00000000
015B4 00000000
015B8 00000000
015BC 00000000
015C0 00000000
015C4 00000000
015C8 00000000
015CC 00000000
015D0 00000000
015D4 00000000
015D8 00000000
015DC 00000000
015E0 00000000
015E4 00000000
015E8 00000000
015EC 00000000
015F0 00000000
015F4 00000000
015F8 00000000
015FC 00000000
01600 00000000
01604 00000000
01608 00000000
0160C 00000000
01610 00000000
01614 00000000
01618 00000000
0161C 00000000
01620 00000000
01624 00000000
01628 00000000
0162C 00000000
01630 00000000
01634 00000000
01638 00000000
0163C 00000000
01640 00000000
01644 00000000
01648 00000000
0164C 00000000
01650 00000000
01654 00000000
01658 00000000
0165C 00000000
01660 00000000
01664 00000000
01668 00000000
0166C 00000000
01670 00000000
01674 00000000
01678 00000000
0167C 00000000
01680 00000000
01684 00000000
01688 00000000
0168C 00000000
01690 00000000
01694 00000000
01698 00000000
0169C 00000000
016A0 00000000
016A4 00000000
016A8 00000000
016AC 00000000
016B0 00000000
016B4 00000000
016B8 00000000
016BC 00000000
016C0 00000000
016C4 00000000
016C8 00000000
016CC 00000000
016D0 00000000
016D4 00000000
016D8 00000000
016DC 00000000
016E0 00000000
016E4 00000000
016E8 00000000
016EC 00000000
016F0 00000000
016F4 00000000
016F8 00000000
016FC 00000000
01700 00000000
01704 00000000
01708 00000000
0170C 00000000
01710 00000000
01714 00000000
01718 00000000
0171C 00000000
01720 00000000
01724 00000000
01728 00000000
0172C 00000000
01730 00000000
01734 00000000
01738 00000000
0173C 00000000
01740 00000000
01744 00000000
01748 00000000
0174C 00000000
01750 00000000
01754 00000000
01758 00000000
0175C 00000000
01760 00000000
01764 00000000
01768 00000000
0176C 00000000
01770 00000000
01774 00000000
01778 00000000
0177C 00000000
01780 00000000
01784 00000000
01788 00000000
0178C 00000000
01790 00000000
01794 00000000
01798 00000000
0179C 00000000
017A0 00000000
017A4 00000000
017A8 00000000
017AC 00000000
017B0 00000000
017B4 00000000
017B8 00000000
017BC 00000000
017C0 00000000
017C4 00000000
017C8 00000000
017CC 00000000
017D0 00000000
017D4 00000000
017D8 00000000
017DC 00000000
017E0 00000000
017E4 00000000
017E8 00000000
017EC 00000000
017F0 00000000
017F4 00000000
017F8 00000000
017FC 00000000
01800 00000000
01804 00000000
01808 00000000
0180C 00000000
01810 00000000
01814 00000000
01818 00000000
0181C 00000000
01820 00000000
01824 00000000
01828 00000000
0182C 00000000
01830 00000000
01834 00000000
01838 00000000
0183C 00000000
01840 00000000
01844 00000000
01848 00000000
0184C 00000000
01850 00000000
01854 00000000
01858 00000000
0185C 00000000
01860 00000000
01864 00000000
01868 00000000
0186C 00000000
01870 00000000
01874 00000000
01878 00000000
0187C 00000000
01880 00000000
01884 00000000
01888 00000000
0188C 00000000
01890 00000000
01894 00000000
01898 00000000
0189C 00000000
018A0 00000000
018A4 00000000
018A8 00000000
018AC 00000000
018B0 00000000
018B4 00000000
018B8 00000000
018BC 00000000
018C0 00000000
018C4 00000000
018C8 00000000
018CC 00000000
018D0 00000000
018D4 00000000
018D8 00000000
018DC 00000000
018E0 00000000
018E4 00000000
018E8 00000000
018EC 00000000
018F0 00000000
018F4 00000000
018F8 00000000
018FC 00000000
01900 00000000
01904 00000000
01908 00000000
0190C 00000000
01910 00000000
01914 00000000
01918 00000000
0191C 00000000
01920 00000000
01924 00000000
01928 00000000
0192C 00000000
01930 00000000
01934 00000000
01938 00000000
0193C 00000000
01940 00000000
01944 00000000
01948 00000000
0194C 00000000
01950 00000000
01954 00000000
01958 00000000
0195C 00000000
01960 00000000
01964 00000000
01968 00000000
0196C 00000000
01970 00000000
01974 00000000
01978 00000000
0197C 00000000
01980 00000000
01984 00000000
01988 00000000
0198C 00000000
01990 00000000
01994 00000000
01998 00000000
0199C 00000000
019A0 00000000
019A4 00000000
019A8 00000000
019AC 00000000
019B0 00000000
019B4 00000000
019B8 00000000
019BC 00000000
019C0 00000000
019C4 00000000
019C8 00000000
019CC 00000000
019D0 00000000
019D4 00000000
019D8 00000000
019DC 00000000
019E0 00000000
019E4 00000000
019E8 00000000
019EC 00000000
019F0 00000000
019F4 00000000
019F8 00000000
019FC 00000000
01A00 00000000
01A04 00000000
01A08 00000000
01A0C 00000000
01A10 00000000
01A14 00000000
01A18 00000000
01A1C 00000000
01A20 00000000
01A24 00000000
01A28 00000000
01A2C 00000000
01A30 00000000
01A34 00000000
01A38 00000000
01A3C 00000000
01A40 00000000
01A44 00000000
01A48 00000000
01A4C 00000000
01A50 00000000
01A54 00000000
01A58 00000000
01A5C 00000000
01A60 00000000
01A64 00000000
01A68 00000000
01A6C 00000000
01A70 00000000
01A74 00000000
01A78 00000000
01A7C 00000000
01A80 00000000
01A84 00000000
01A88 00000000
01A8C 00000000
01A90 00000000
01A94 00000000
01A98 00000000
01A9C 00000000
01AA0 00000000
01AA4 00000000
01AA8 00000000
01AAC 00000000
01AB0 00000000
01AB4 00000000
01AB8 00000000
01ABC 00000000
01AC0 00000000
01AC4 00000000
01AC8 00000000
01ACC 00000000
01AD0 00000000
01AD4 00000000
01AD8 00000000
01ADC 00000000
01AE0 00000000
01AE4 00000000
01AE8 00000000
01AEC 00000000
01AF0 00000000
01AF4 00000000
01AF8 00000000
01AFC 00000000
01B00 00000000
01B04 00000000
01B08 00000000
01B0C 00000000
01B10 00000000
01B14 00000000
01B18 00000000
01B1C 00000000
01B20 00000000
01B24 00000000
01B28 00000000
01B2C 00000000
01B30 00000000
01B34 00000000
01B38 00000000
01B3C 00000000
01B40 00000000
01B44 00000000
01B48 00000000
01B4C 00000000
01B50 00000000
01B54 00000000
01B58 00000000
01B5C 00000000
01B60 00000000
01B64 00000000
01B68 00000000
01B6C 00000000
01B70 00000000
01B74 00000000
01B78 00000000
01B7C 00000000
01B80 00000000
01B84 00000000
01B88 00000000
01B8C 00000000
01B90 00000000
01B94 00000000
01B98 00000000
01B9C 00000000
01BA0 00000000
01BA4 00000000
01BA8 00000000
01BAC 00000000
01BB0 00000000
01BB4 00000000
01BB8 00000000
01BBC 00000000
01BC0 00000000
01BC4 00000000
01BC8 00000000
01BCC 00000000
01BD0 00000000
01BD4 00000000
01BD8 00000000
01BDC 00000000
01BE0 00000000
01BE4 00000000
01BE8 00000000
01BEC 00000000
01BF0 00000000
01BF4 00000000
01BF8 00000000
01BFC 00000000
01C00 00000000
01C04 00000000
01C08 00000000
01C0C 00000000
01C10 00000000
01C14 00000000
01C18 00000000
01C1C 00000000
01C20 00000000
01C24 00000000
01C28 00000000
01C2C 00000000
01C30 00000000
01C34 00000000
01C38 00000000
01C3C 00000000
01C40 00000000
01C44 00000000
01C48 00000000
01C4C 00000000
01C50 00000000
01C54 00000000
01C58 00000000
01C5C 00000000
01C60 00000000
01C64 00000000
01C68 00000000
01C6C 00000000
01C70 00000000
01C74 00000000
01C78 00000000
01C7C 00000000
01C80 00000000
01C84 00000000
01C88 00000000
01C8C 00000000
01C90 00000000
01C94 00000000
01C98 00000000
01C9C 00000000
01CA0 00000000
01CA4 00000000
01CA8 00000000
01CAC 00000000
01CB0 00000000
01CB4 00000000
01CB8 00000000
01CBC 00000000
01CC0 00000000
01CC4 00000000
01CC8 00000000
01CCC 00000000
01CD0 00000000
01CD4 00000000
01CD8 00000000
01CDC 00000000
01CE0 00000000
01CE4 00000000
01CE8 00000000
01CEC 00000000
01CF0 00000000
01CF4 00000000
01CF8 00000000
01CFC 00000000
01D00 00000000
01D04 00000000
01D08 00000000
01D0C 00000000
01D10 00000000
01D14 00000000
01D18 00000000
01D1C 00000000
01D20 00000000
01D24 00000000
01D28 00000000
01D2C 00000000
01D30 00000000
01D34 00000000
01D38 00000000
01D3C 00000000
01D40 00000000
01D44 00000000
01D48 00000000
01D4C 00000000
01D50 00000000
01D54 00000000
01D58 00000000
01D5C 00000000
01D60 00000000
01D64 00000000
01D68 00000000
01D6C 00000000
01D70 00000000
01D74 00000000
01D78 00000000
01D7C 00000000
01D80 00000000
01D84 00000000
01D88 00000000
01D8C 00000000
01D90 00000000
01D94 00000000
01D98 00000000
01D9C 00000000
01DA0 00000000
01DA4 00000000
01DA8 00000000
01DAC 00000000
01DB0 00000000
01DB4 00000000
01DB8 00000000
01DBC 00000000
01DC0 00000000
01DC4 00000000
01DC8 00000000
01DCC 00000000
01DD0 00000000
01DD4 00000000
01DD8 00000000
01DDC 00000000
01DE0 00000000
01DE4 00000000
01DE8 00000000
01DEC 00000000
01DF0 00000000
01DF4 00000000
01DF8 00000000
01DFC 00000000
01E00 00000000
01E04 00000000
01E08 00000000
01E0C 00000000
01E10 00000000
01E14 00000000
01E18 00000000
01E1C 00000000
01E20 00000000
01E24 00000000
01E28 00000000
01E2C 00000000
01E30 00000000
01E34 00000000
01E38 00000000
01E3C 00000000
01E40 00000000
01E44 00000000
01E48 00000000
01E4C 00000000
01E50 00000000
01E54 00000000
01E58 00000000
01E5C 00000000
01E60 00000000
01E64 00000000
01E68 00000000
01E6C 00000000
01E70 00000000
01E74 00000000
01E78 00000000
01E7C 00000000
01E80 00000000
01E84 00000000
01E88 00000000
01E8C 00000000
01E90 00000000
01E94 00000000
01E98 00000000
01E9C 00000000
01EA0 00000000
01EA4 00000000
01EA8 00000000
01EAC 00000000
01EB0 00000000
01EB4 00000000
01EB8 00000000
01EBC 00000000
01EC0 00000000
01EC4 00000000
01EC8 00000000
01ECC 00000000
01ED0 00000000
01ED4 00000000
01ED8 00000000
01EDC 00000000
01EE0 00000000
01EE4 00000000
01EE8 00000000
01EEC 00000000
01EF0 00000000
01EF4 00000000
01EF8 00000000
01EFC 00000000
01F00 00000000
01F04 00000000
01F08 00000000
01F0C 00000000
01F10 00000000
01F14 00000000
01F18 00000000
01F1C 00000000
01F20 00000000
01F24 00000000
01F28 00000000
01F2C 00000000
01F30 00000000
01F34 00000000
01F38 00000000
01F3C 00000000
01F40 00000000
01F44 00000000
01F48 00000000
01F4C 00000000
01F50 00000000
01F54 00000000
01F58 00000000
01F5C 00000000
01F60 00000000
01F64 00000000
01F68 00000000
01F6C 00000000
01F70 00000000
01F74 00000000
01F78 00000000
01F7C 00000000
01F80 00000000
01F84 00000000
01F88 00000000
01F8C 00000000
01F90 00000000
01F94 00000000
01F98 00000000
01F9C 00000000
01FA0 00000000
01FA4 00000000
01FA8 00000000
01FAC 00000000
01FB0 00000000
01FB4 00000000
01FB8 00000000
01FBC 00000000
01FC0 00000000
01FC4 00000000
01FC8 00000000
01FCC 00000000
01FD0 00000000
01FD4 00000000
01FD8 00000000
01FDC 00000000
01FE0 00000000
01FE4 00000000
01FE8 00000000
01FEC 00000000
01FF0 00000000
01FF4 00000000
01FF8 00000000
01FFC 00000000
02000 00000000
02004 00000000
02008 00000000
0200C 00000000
02010 00000000
02014 00000000
02018 00000000
0201C 00000000
02020 00000000
02024 00000000
02028 00000000
0202C 00000000
02030 00000000
02034 00000000
02038 00000000
0203C 00000000
02040 00000000
02044 00000000
02048 00000000
0204C 00000000
02050 00000000
02054 00000000
02058 00000000
0205C 00000000
02060 00000000
02064 00000000
02068 00000000
0206C 00000000
02070 00000000
02074 00000000
02078 00000000
0207C 00000000
02080 00000000
02084 00000000
02088 00000000
0208C 00000000
02090 00000000
02094 00000000
02098 00000000
0209C 00000000
020A0 00000000
020A4 00000000
020A8 00000000
020AC 00000000
020B0 00000000
020B4 00000000
020B8 00000000
020BC 00000000
020C0 00000000
020C4 00000000
020C8 00000000
020CC 00000000
020D0 00000000
020D4 00000000
020D8 00000000
020DC 00000000
020E0 00000000
020E4 00000000
020E8 00000000
020EC 00000000
020F0 00000000
020F4 00000000
020F8 00000000
020FC 00000000
02100 00000000
02104 00000000
02108 00000000
0210C 00000000
02110 00000000
02114 00000000
02118 00000000
0211C 00000000
02120 00000000
02124 00000000
02128 00000000
0212C 00000000
02130 00000000
02134 00000000
02138 00000000
0213C 00000000
02140 00000000
02144 00000000
02148 00000000
0214C 00000000
02150 00000000
02154 00000000
02158 00000000
0215C 00000000
02160 00000000
02164 00000000
02168 00000000
0216C 00000000
02170 00000000
02174 00000000
02178 00000000
0217C 00000000
02180 00000000
02184 00000000
02188 00000000
0218C 00000000
02190 00000000
02194 00000000
02198 00000000
0219C 00000000
021A0 00000000
021A4 00000000
021A8 00000000
021AC 00000000
021B0 00000000
021B4 00000000
021B8 00000000
021BC 00000000
021C0 00000000
021C4 00000000
021C8 00000000
021CC 00000000
021D0 00000000
021D4 00000000
021D8 00000000
021DC 00000000
021E0 00000000
021E4 00000000
021E8 00000000
021EC 00000000
021F0 00000000
021F4 00000000
021F8 00000000
021FC 00000000
02200 00000000
02204 00000000
02208 00000000
0220C 00000000
02210 00000000
02214 00000000
02218 00000000
0221C 00000000
02220 00000000
02224 00000000
02228 00000000
0222C 00000000
02230 00000000
02234 00000000
02238 00000000
0223C 00000000
02240 00000000
02244 00000000
02248 00000000
0224C 00000000
02250 00000000
02254 00000000
02258 00000000
0225C 00000000
02260 00000000
02264 00000000
02268 00000000
0226C 00000000
02270 00000000
02274 00000000
02278 00000000
0227C 00000000
02280 00000000
02284 00000000
02288 00000000
0228C 00000000
02290 00000000
02294 00000000
02298 00000000
0229C 00000000
022A0 00000000
022A4 00000000
022A8 00000000
022AC 00000000
022B0 00000000
022B4 00000000
022B8 00000000
022BC 00000000
022C0 00000000
022C4 00000000
022C8 00000000
022CC 00000000
022D0 00000000
022D4 00000000
022D8 00000000
022DC 00000000
022E0 00000000
022E4 00000000
022E8 00000000
022EC 00000000
022F0 00000000
022F4 00000000
022F8 00000000
022FC 00000000
02300 00000000
02304 00000000
02308 00000000
0230C 00000000
02310 00000000
02314 00000000
02318 00000000
0231C 00000000
02320 00000000
02324 00000000
02328 00000000
0232C 00000000
02330 00000000
02334 00000000
02338 00000000
0233C 00000000
02340 00000000
02344 00000000
02348 00000000
0234C 00000000
02350 00000000
02354 00000000
02358 00000000
0235C 00000000
02360 00000000
02364 00000000
02368 00000000
0236C 00000000
02370 00000000
02374 00000000
02378 00000000
0237C 00000000
02380 00000000
02384 00000000
02388 00000000
0238C 00000000
02390 00000000
02394 00000000
02398 00000000
0239C 00000000
023A0 00000000
023A4 00000000
023A8 00000000
023AC 00000000
023B0 00000000
023B4 00000000
023B8 00000000
023BC 00000000
023C0 00000000
023C4 00000000
023C8 00000000
023CC 00000000
023D0 00000000
023D4 00000000
023D8 00000000
023DC 00000000
023E0 00000000
023E4 00000000
023E8 00000000
023EC 00000000
023F0 00000000
023F4 00000000
023F8 00000000
023FC 00000000
02400 00000000
02404 00000000
02408 00000000
0240C 00000000
02410 00000000
02414 00000000
02418 00000000
0241C 00000000
02420 00000000
02424 00000000
02428 00000000
0242C 00000000
02430 00000000
02434 00000000
02438 00000000
0243C 00000000
02440 00000000
02444 00000000
02448 00000000
0244C 00000000
02450 00000000
02454 00000000
02458 00000000
0245C 00000000
02460 00000000
02464 00000000
02468 00000000
0246C 00000000
02470 00000000
02474 00000000
02478 00000000
0247C 00000000
02480 00000000
02484 00000000
02488 00000000
0248C 00000000
02490 00000000
02494 00000000
02498 00000000
0249C 00000000
024A0 00000000
024A4 00000000
024A8 00000000
024AC 00000000
024B0 00000000
024B4 00000000
024B8 00000000
024BC 00000000
024C0 00000000
024C4 00000000
024C8 00000000
024CC 00000000
024D0 00000000
024D4 00000000
024D8 00000000
024DC 00000000
024E0 00000000
024E4 00000000
024E8 00000000
024EC 00000000
024F0 00000000
024F4 00000000
024F8 00000000
024FC 00000000
02500 00000000
02504 00000000
02508 00000000
0250C 00000000
02510 00000000
02514 00000000
02518 00000000
0251C 00000000
02520 00000000
02524 00000000
02528 00000000
0252C 00000000
02530 00000000
02534 00000000
02538 00000000
0253C 00000000
02540 00000000
02544 00000000
02548 00000000
0254C 00000000
02550 00000000
02554 00000000
02558 00000000
0255C 00000000
02560 00000000
02564 00000000
02568 00000000
0256C 00000000
02570 00000000
02574 00000000
02578 00000000
0257C 00000000
02580 00000000
02584 00000000
02588 00000000
0258C 00000000
02590 00000000
02594 00000000
02598 00000000
0259C 00000000
025A0 00000000
025A4 00000000
025A8 00000000
025AC 00000000
025B0 00000000
025B4 00000000
025B8 00000000
025BC 00000000
025C0 00000000
025C4 00000000
025C8 00000000
025CC 00000000
025D0 00000000
025D4 00000000
025D8 00000000
025DC 00000000
025E0 00000000
025E4 00000000
025E8 00000000
025EC 00000000
025F0 00000000
025F4 00000000
025F8 00000000
025FC 00000000
02600 00000000
02604 00000000
02608 00000000
0260C 00000000
02610 00000000
02614 00000000
02618 00000000
0261C 00000000
02620 00000000
02624 00000000
02628 00000000
0262C 00000000
02630 00000000
02634 00000000
02638 00000000
0263C 00000000
02640 00000000
02644 00000000
02648 00000000
0264C 00000000
02650 00000000
02654 00000000
02658 00000000
0265C 00000000
02660 00000000
02664 00000000
02668 00000000
0266C 00000000
02670 00000000
02674 00000000
02678 00000000
0267C 00000000
02680 00000000
02684 00000000
02688 00000000
0268C 00000000
02690 00000000
02694 00000000
02698 00000000
0269C 00000000
026A0 00000000
026A4 00000000
026A8 00000000
026AC 00000000
026B0 00000000
026B4 00000000
026B8 00000000
026BC 00000000
026C0 00000000
026C4 00000000
026C8 00000000
026CC 00000000
026D0 00000000
026D4 00000000
026D8 00000000
026DC 00000000
026E0 00000000
026E4 00000000
026E8 00000000
026EC 00000000
026F0 00000000
026F4 00000000
026F8 00000000
026FC 00000000
02700 00000000
02704 00000000
02708 00000000
0270C 00000000
02710 00000000
02714 00000000
02718 00000000
0271C 00000000
02720 00000000
02724 00000000
02728 00000000
0272C 00000000
02730 00000000
02734 00000000
02738 00000000
0273C 00000000
02740 00000000
02744 00000000
02748 00000000
0274C 00000000
02750 00000000
02754 00000000
02758 00000000
0275C 00000000
02760 00000000
02764 00000000
02768 00000000
0276C 00000000
02770 00000000
02774 00000000
02778 00000000
0277C 00000000
02780 00000000
02784 00000000
02788 00000000
0278C 00000000
02790 00000000
02794 00000000
02798 00000000
0279C 00000000
027A0 00000000
027A4 00000000
027A8 00000000
027AC 00000000
027B0 00000000
027B4 00000000
027B8 00000000
027BC 00000000
027C0 00000000
027C4 00000000
027C8 00000000
027CC 00000000
027D0 00000000
027D4 00000000
027D8 00000000
027DC 00000000
027E0 00000000
027E4 00000000
027E8 00000000
027EC 00000000
027F0 00000000
027F4 00000000
027F8 00000000
027FC 00000000
02800 00000000
02804 00000000
02808 00000000
0280C 00000000
02810 00000000
02814 00000000
02818 00000000
0281C 00000000
02820 00000000
02824 00000000
02828 00000000
0282C 00000000
02830 00000000
02834 00000000
02838 00000000
0283C 00000000
02840 00000000
02844 00000000
02848 00000000
0284C 00000000
02850 00000000
02854 00000000
02858 00000000
0285C 00000000
02860 00000000
02864 00000000
02868 00000000
0286C 00000000
02870 00000000
02874 00000000
02878 00000000
0287C 00000000
02880 00000000
02884 00000000
02888 00000000
0288C 00000000
02890 00000000
02894 00000000
02898 00000000
0289C 00000000
028A0 00000000
028A4 00000000
028A8 00000000
028AC 00000000
028B0 00000000
028B4 00000000
028B8 00000000
028BC 00000000
028C0 00000000
028C4 00000000
028C8 00000000
028CC 00000000
028D0 00000000
028D4 00000000
028D8 00000000
028DC 00000000
028E0 00000000
028E4 00000000
028E8 00000000
028EC 00000000
028F0 00000000
028F4 00000000
028F8 00000000
028FC 00000000
02900 00000000
02904 00000000
02908 00000000
0290C 00000000
02910 00000000
02914 00000000
02918 00000000
0291C 00000000
02920 00000000
02924 00000000
02928 00000000
0292C 00000000
02930 00000000
02934 00000000
02938 00000000
0293C 00000000
02940 00000000
02944 00000000
02948 00000000
0294C 00000000
02950 00000000
02954 00000000
02958 00000000
0295C 00000000
02960 00000000
02964 00000000
02968 00000000
0296C 00000000
02970 00000000
02974 00000000
02978 00000000
0297C 00000000
02980 00000000
02984 00000000
02988 00000000
0298C 00000000
02990 00000000
02994 00000000
02998 00000000
0299C 00000000
029A0 00000000
029A4 00000000
029A8 00000000
029AC 00000000
029B0 00000000
029B4 00000000
029B8 00000000
029BC 00000000
029C0 00000000
029C4 00000000
029C8 00000000
029CC 00000000
029D0 00000000
029D4 00000000
029D8 00000000
029DC 00000000
029E0 00000000
029E4 00000000
029E8 00000000
029EC 00000000
029F0 00000000
029F4 00000000
029F8 00000000
029FC 00000000
02A00 00000000
02A04 00000000
02A08 00000000
02A0C 00000000
02A10 00000000
02A14 00000000
02A18 00000000
02A1C 00000000
02A20 00000000
02A24 00000000
02A28 00000000
02A2C 00000000
02A30 00000000
02A34 00000000
02A38 00000000
02A3C 00000000
02A40 00000000
02A44 00000000
02A48 00000000
02A4C 00000000
02A50 00000000
02A54 00000000
02A58 00000000
02A5C 00000000
02A60 00000000
02A64 00000000
02A68 00000000
02A6C 00000000
02A70 00000000
02A74 00000000
02A78 00000000
02A7C 00000000
02A80 00000000
02A84 00000000
02A88 00000000
02A8C 00000000
02A90 00000000
02A94 00000000
02A98 00000000
02A9C 00000000
02AA0 00000000
02AA4 00000000
02AA8 00000000
02AAC 00000000
02AB0 00000000
02AB4 00000000
02AB8 00000000
02ABC 00000000
02AC0 00000000
02AC4 00000000
02AC8 00000000
02ACC 00000000
02AD0 00000000
02AD4 00000000
02AD8 00000000
02ADC 00000000
02AE0 00000000
02AE4 00000000
02AE8 00000000
02AEC 00000000
02AF0 00000000
02AF4 00000000
02AF8 00000000
02AFC 00000000
02B00 00000000
02B04 00000000
02B08 00000000
02B0C 00000000
02B10 00000000
02B14 00000000
02B18 00000000
02B1C 00000000
02B20 00000000
02B24 00000000
02B28 00000000
02B2C 00000000
02B30 00000000
02B34 00000000
02B38 00000000
02B3C 00000000
02B40 00000000
02B44 00000000
02B48 00000000
02B4C 00000000
02B50 00000000
02B54 00000000
02B58 00000000
02B5C 00000000
02B60 00000000
02B64 00000000
02B68 00000000
02B6C 00000000
02B70 00000000
02B74 00000000
02B78 00000000
02B7C 00000000
02B80 00000000
02B84 00000000
02B88 00000000
02B8C 00000000
02B90 00000000
02B94 00000000
02B98 00000000
02B9C 00000000
02BA0 00000000
02BA4 00000000
02BA8 00000000
02BAC 00000000
02BB0 00000000
02BB4 00000000
02BB8 00000000
02BBC 00000000
02BC0 00000000
02BC4 00000000
02BC8 00000000
02BCC 00000000
02BD0 00000000
02BD4 00000000
02BD8 00000000
02BDC 00000000
02BE0 00000000
02BE4 00000000
02BE8 00000000
02BEC 00000000
02BF0 00000000
02BF4 00000000
02BF8 00000000
02BFC 00000000
02C00 00000000
02C04 00000000
02C08 00000000
02C0C 00000000
02C10 00000000
02C14 00000000
02C18 00000000
02C1C 00000000
02C20 00000000
02C24 00000000
02C28 00000000
02C2C 00000000
02C30 00000000
02C34 00000000
02C38 00000000
02C3C 00000000
02C40 00000000
02C44 00000000
02C48 00000000
02C4C 00000000
02C50 00000000
02C54 00000000
02C58 00000000
02C5C 00000000
02C60 00000000
02C64 00000000
02C68 00000000
02C6C 00000000
02C70 00000000
02C74 00000000
02C78 00000000
02C7C 00000000
02C80 00000000
02C84 00000000
02C88 00000000
02C8C 00000000
02C90 00000000
02C94 00000000
02C98 00000000
02C9C 00000000
02CA0 00000000
02CA4 00000000
02CA8 00000000
02CAC 00000000
02CB0 00000000
02CB4 00000000
02CB8 00000000
02CBC 00000000
02CC0 00000000
02CC4 00000000
02CC8 00000000
02CCC 00000000
02CD0 00000000
02CD4 00000000
02CD8 00000000
02CDC 00000000
02CE0 00000000
02CE4 00000000
02CE8 00000000
02CEC 00000000
02CF0 00000000
02CF4 00000000
02CF8 00000000
02CFC 00000000
02D00 00000000
02D04 00000000
02D08 00000000
02D0C 00000000
02D10 00000000
02D14 00000000
02D18 00000000
02D1C 00000000
02D20 00000000
02D24 00000000
02D28 00000000
02D2C 00000000
02D30 00000000
02D34 00000000
02D38 00000000
02D3C 00000000
02D40 00000000
02D44 00000000
02D48 00000000
02D4C 00000000
02D50 00000000
02D54 00000000
02D58 00000000
02D5C 00000000
02D60 00000000
02D64 00000000
02D68 00000000
02D6C 00000000
02D70 00000000
02D74 00000000
02D78 00000000
02D7C 00000000
02D80 00000000
02D84 00000000
02D88 00000000
02D8C 00000000
02D90 00000000
02D94 00000000
02D98 00000000
02D9C 00000000
02DA0 00000000
02DA4 00000000
02DA8 00000000
02DAC 00000000
02DB0 00000000
02DB4 00000000
02DB8 00000000
02DBC 00000000
02DC0 00000000
02DC4 00000000
02DC8 00000000
02DCC 00000000
02DD0 00000000
02DD4 00000000
02DD8 00000000
02DDC 00000000
02DE0 00000000
02DE4 00000000
02DE8 00000000
02DEC 00000000
02DF0 00000000
02DF4 00000000
02DF8 00000000
02DFC 00000000
02E00 00000000
02E04 00000000
02E08 00000000
02E0C 00000000
02E10 00000000
02E14 00000000
02E18 00000000
02E1C 00000000
02E20 00000000
02E24 00000000
02E28 00000000
02E2C 00000000
02E30 00000000
02E34 00000000
02E38 00000000
02E3C 00000000
02E40 00000000
02E44 00000000
02E48 00000000
02E4C 00000000
02E50 00000000
02E54 00000000
02E58 00000000
02E5C 00000000
02E60 00000000
02E64 00000000
02E68 00000000
02E6C 00000000
02E70 00000000
02E74 00000000
02E78 00000000
02E7C 00000000
02E80 00000000
02E84 00000000
02E88 00000000
02E8C 00000000
02E90 00000000
02E94 00000000
02E98 00000000
02E9C 00000000
02EA0 00000000
02EA4 00000000
02EA8 00000000
02EAC 00000000
02EB0 00000000
02EB4 00000000
02EB8 00000000
02EBC 00000000
02EC0 00000000
02EC4 00000000
02EC8 00000000
02ECC 00000000
02ED0 00000000
02ED4 00000000
02ED8 00000000
02EDC 00000000
02EE0 00000000
02EE4 00000000
02EE8 00000000
02EEC 00000000
02EF0 00000000
02EF4 00000000
02EF8 00000000
02EFC 00000000
02F00 00000000
02F04 00000000
02F08 00000000
02F0C 00000000
02F10 00000000
02F14 00000000
02F18 00000000
02F1C 00000000
02F20 00000000
02F24 00000000
02F28 00000000
02F2C 00000000
02F30 00000000
02F34 00000000
02F38 00000000
02F3C 00000000
02F40 00000000
02F44 00000000
02F48 00000000
02F4C 00000000
02F50 00000000
02F54 00000000
02F58 00000000
02F5C 00000000
02F60 00000000
02F64 00000000
02F68 00000000
02F6C 00000000
02F70 00000000
02F74 00000000
02F78 00000000
02F7C 00000000
02F80 00000000
02F84 00000000
02F88 00000000
02F8C 00000000
02F90 00000000
02F94 00000000
02F98 00000000
02F9C 00000000
02FA0 00000000
02FA4 00000000
02FA8 00000000
02FAC 00000000
02FB0 00000000
02FB4 00000000
02FB8 00000000
02FBC 00000000
02FC0 00000000
02FC4 00000000
02FC8 00000000
02FCC 00000000
02FD0 00000000
02FD4 00000000
02FD8 00000000
02FDC 00000000
02FE0 00000000
02FE4 00000000
02FE8 00000000
02FEC 00000000
02FF0 00000000
02FF4 00000000
02FF8 00000000
02FFC 00000000
03000 00000000
03004 00000000
