Copyright 1986-2022 Xilinx, Inc. All Rights Reserved. Copyright 2022-2023 Advanced Micro Devices, Inc. All Rights Reserved.
-------------------------------------------------------------------------------------------------------------------------------------------------------------------
| Tool Version : Vivado v.2023.2 (win64) Build 4029153 Fri Oct 13 20:14:34 MDT 2023
| Date         : Mon Jul 13 15:52:50 2026
| Host         : BOOK-CI84SRJIDA running 64-bit major release  (build 9200)
| Command      : report_utilization -file C:/Users/giovi/OneDrive/Desktop/Magistrale/Tesi/FlexGripPlus_TCU_Area_Analysis/reports/flexgrip_dual_tcu/utilization.rpt
| Design       : dualTensorCoreWrapper
| Device       : xc7a100tcsg324-1
| Speed File   : -1
| Design State : Synthesized
-------------------------------------------------------------------------------------------------------------------------------------------------------------------

Utilization Design Information

Table of Contents
-----------------
1. Slice Logic
1.1 Summary of Registers by Type
2. Memory
3. DSP
4. IO and GT Specific
5. Clocking
6. Specific Feature
7. Primitives
8. Black Boxes
9. Instantiated Netlists

1. Slice Logic
--------------

+-------------------------+--------+-------+------------+-----------+---------+
|        Site Type        |  Used  | Fixed | Prohibited | Available |  Util%  |
+-------------------------+--------+-------+------------+-----------+---------+
| Slice LUTs*             | 972031 |     0 |          0 |     63400 | 1533.17 |
|   LUT as Logic          | 972031 |     0 |          0 |     63400 | 1533.17 |
|   LUT as Memory         |      0 |     0 |          0 |     19000 |    0.00 |
| Slice Registers         |  19468 |     0 |          0 |    126800 |   15.35 |
|   Register as Flip Flop |  12300 |     0 |          0 |    126800 |    9.70 |
|   Register as Latch     |   7168 |     0 |          0 |    126800 |    5.65 |
| F7 Muxes                |  22016 |     0 |          0 |     31700 |   69.45 |
| F8 Muxes                |   7424 |     0 |          0 |     15850 |   46.84 |
+-------------------------+--------+-------+------------+-----------+---------+
* Warning! The Final LUT count, after physical optimizations and full implementation, is typically lower. Run opt_design after synthesis, if not already completed, for a more realistic count.
Warning! LUT value is adjusted to account for LUT combining.


1.1 Summary of Registers by Type
--------------------------------

+-------+--------------+-------------+--------------+
| Total | Clock Enable | Synchronous | Asynchronous |
+-------+--------------+-------------+--------------+
| 0     |            _ |           - |            - |
| 0     |            _ |           - |          Set |
| 0     |            _ |           - |        Reset |
| 0     |            _ |         Set |            - |
| 0     |            _ |       Reset |            - |
| 0     |          Yes |           - |            - |
| 1     |          Yes |           - |          Set |
| 7179  |          Yes |           - |        Reset |
| 0     |          Yes |         Set |            - |
| 12288 |          Yes |       Reset |            - |
+-------+--------------+-------------+--------------+


2. Memory
---------

+----------------+------+-------+------------+-----------+-------+
|    Site Type   | Used | Fixed | Prohibited | Available | Util% |
+----------------+------+-------+------------+-----------+-------+
| Block RAM Tile |    0 |     0 |          0 |       135 |  0.00 |
|   RAMB36/FIFO* |    0 |     0 |          0 |       135 |  0.00 |
|   RAMB18       |    0 |     0 |          0 |       270 |  0.00 |
+----------------+------+-------+------------+-----------+-------+
* Note: Each Block RAM Tile only has one FIFO logic available and therefore can accommodate only one FIFO36E1 or one FIFO18E1. However, if a FIFO18E1 occupies a Block RAM Tile, that tile can still accommodate a RAMB18E1


3. DSP
------

+----------------+------+-------+------------+-----------+--------+
|    Site Type   | Used | Fixed | Prohibited | Available |  Util% |
+----------------+------+-------+------------+-----------+--------+
| DSPs           |  240 |     0 |          0 |       240 | 100.00 |
|   DSP48E1 only |  240 |       |            |           |        |
+----------------+------+-------+------------+-----------+--------+


4. IO and GT Specific
---------------------

+-----------------------------+-------+-------+------------+-----------+---------+
|          Site Type          |  Used | Fixed | Prohibited | Available |  Util%  |
+-----------------------------+-------+-------+------------+-----------+---------+
| Bonded IOB                  | 19470 |     0 |          0 |       210 | 9271.43 |
| Bonded IPADs                |     0 |     0 |          0 |         2 |    0.00 |
| PHY_CONTROL                 |     0 |     0 |          0 |         6 |    0.00 |
| PHASER_REF                  |     0 |     0 |          0 |         6 |    0.00 |
| OUT_FIFO                    |     0 |     0 |          0 |        24 |    0.00 |
| IN_FIFO                     |     0 |     0 |          0 |        24 |    0.00 |
| IDELAYCTRL                  |     0 |     0 |          0 |         6 |    0.00 |
| IBUFDS                      |     0 |     0 |          0 |       202 |    0.00 |
| PHASER_OUT/PHASER_OUT_PHY   |     0 |     0 |          0 |        24 |    0.00 |
| PHASER_IN/PHASER_IN_PHY     |     0 |     0 |          0 |        24 |    0.00 |
| IDELAYE2/IDELAYE2_FINEDELAY |     0 |     0 |          0 |       300 |    0.00 |
| ILOGIC                      |     0 |     0 |          0 |       210 |    0.00 |
| OLOGIC                      |     0 |     0 |          0 |       210 |    0.00 |
+-----------------------------+-------+-------+------------+-----------+---------+


5. Clocking
-----------

+------------+------+-------+------------+-----------+-------+
|  Site Type | Used | Fixed | Prohibited | Available | Util% |
+------------+------+-------+------------+-----------+-------+
| BUFGCTRL   |    9 |     0 |          0 |        32 | 28.13 |
| BUFIO      |    0 |     0 |          0 |        24 |  0.00 |
| MMCME2_ADV |    0 |     0 |          0 |         6 |  0.00 |
| PLLE2_ADV  |    0 |     0 |          0 |         6 |  0.00 |
| BUFMRCE    |    0 |     0 |          0 |        12 |  0.00 |
| BUFHCE     |    0 |     0 |          0 |        96 |  0.00 |
| BUFR       |    0 |     0 |          0 |        24 |  0.00 |
+------------+------+-------+------------+-----------+-------+


6. Specific Feature
-------------------

+-------------+------+-------+------------+-----------+-------+
|  Site Type  | Used | Fixed | Prohibited | Available | Util% |
+-------------+------+-------+------------+-----------+-------+
| BSCANE2     |    0 |     0 |          0 |         4 |  0.00 |
| CAPTUREE2   |    0 |     0 |          0 |         1 |  0.00 |
| DNA_PORT    |    0 |     0 |          0 |         1 |  0.00 |
| EFUSE_USR   |    0 |     0 |          0 |         1 |  0.00 |
| FRAME_ECCE2 |    0 |     0 |          0 |         1 |  0.00 |
| ICAPE2      |    0 |     0 |          0 |         2 |  0.00 |
| PCIE_2_1    |    0 |     0 |          0 |         1 |  0.00 |
| STARTUPE2   |    0 |     0 |          0 |         1 |  0.00 |
| XADC        |    0 |     0 |          0 |         1 |  0.00 |
+-------------+------+-------+------------+-----------+-------+


7. Primitives
-------------

+----------+--------+---------------------+
| Ref Name |  Used  | Functional Category |
+----------+--------+---------------------+
| LUT6     | 478371 |                 LUT |
| LUT2     | 197765 |                 LUT |
| LUT4     | 188968 |                 LUT |
| LUT5     | 155778 |                 LUT |
| LUT3     | 153892 |                 LUT |
| CARRY4   |  99072 |          CarryLogic |
| LUT1     |  23280 |                 LUT |
| MUXF7    |  22016 |               MuxFx |
| IBUF     |  12297 |                  IO |
| FDRE     |  12288 |        Flop & Latch |
| MUXF8    |   7424 |               MuxFx |
| OBUF     |   7173 |                  IO |
| LDCE     |   7168 |        Flop & Latch |
| DSP48E1  |    240 |    Block Arithmetic |
| FDCE     |     11 |        Flop & Latch |
| BUFG     |      9 |               Clock |
| FDPE     |      1 |        Flop & Latch |
+----------+--------+---------------------+


8. Black Boxes
--------------

+----------+------+
| Ref Name | Used |
+----------+------+


9. Instantiated Netlists
------------------------

+----------+------+
| Ref Name | Used |
+----------+------+


