00000 008CFF2D
00004 FFE0004F
00008 00B7FFDD
0000C 0065FF2C
00010 FF30FF67
00014 00F3000D
00018 00850078
0001C 0092006F
00020 FF410006
00024 FFE600AD
00028 FFBD0000
0002C 00DAFF5D
00030 00490090
00034 00A5FFCE
00038 FFE30017
0003C FF74FFE6
00040 001BFF2F
00044 FF2000C6
00048 00A700B7
0004C 0043FF8D
00050 0084FF54
00054 FFB50066
00058 00F0FF22
0005C 00C9FFE4
00060 008E005B
00064 FF630085
00068 FFEEFFBA
0006C FF16FFFE
00070 FF4E0017
00074 005D007C
00078 007D00D8
0007C 00EFFFBB
00080 FFA6FFD2
00084 FFBD00CF
00088 FFF0FF27
0008C FF610097
00090 FF42FFED
00094 FFF3005F
00098 FF74FFA9
0009C 00560021
000A0 FFDF00E1
000A4 00AAFF52
000A8 00660042
000AC FF9FFF31
000B0 00AA0089
000B4 009CFFDE
000B8 FFC600AE
000BC FF9300CB
000C0 005DFF7A
000C4 FF470046
000C8 FF6600AA
000CC FF03009C
000D0 00920097
000D4 0054008F
000D8 0069FFF1
000DC 008FFF8D
000E0 FFEA001C
000E4 00230002
000E8 FF47FF13
000EC FF3AFF7D
000F0 0056FFE1
000F4 FFF1004F
000F8 002100B5
000FC 0087FF28
00100 00440026
00104 001B0021
00108 001EFF2E
0010C FF9B0096
00110 FF0F0034
00114 FFDFFFB1
00118 FF6D00F7
0011C FFD1FF8D
00120 00B400FC
00124 FF77FF11
00128 FF1D00A4
0012C FF9000B6
00130 FF9600D5
00134 0052FFDE
00138 001DFF40
0013C 00910002
00140 005400FE
00144 FFD0FFD1
00148 00A0FFD5
0014C FF55FFA4
00150 FF0BFFAB
00154 FF2EFF36
00158 0071008B
0015C FFEC0064
00160 FF52006F
00164 000000CD
00168 FF4D00E0
0016C 0064FFFE
00170 FFE4FFFD
00174 FFC3FF55
00178 FF9AFF7A
0017C 0042005E
00180 FFB90036
00184 FF2C00EB
00188 FF3CFFAF
0018C 00ECFFAD
00190 00D1FFBB
00194 0066FFFD
00198 FF88FFEA
0019C 00F00087
001A0 008EFF86
001A4 006FFF85
001A8 FFE60093
001AC FF8B0079
001B0 FF31FF28
001B4 00CEFFE4
001B8 FFE9FF41
001BC FF670068
001C0 FF9C0071
001C4 0028009E
001C8 FF5A0018
001CC 00B6FFED
001D0 0084FF09
001D4 0070FFFC
001D8 FFDD0053
001DC 0041FF9E
001E0 002BFF47
001E4 004CFF30
001E8 FF2B0041
001EC FFD40083
001F0 FF150092
001F4 FFFCFF5B
001F8 FFA8FF60
001FC FF490052
00200 FF4D005A
00204 00150015
00208 00EDFFA4
0020C FF0BFF98
00210 00FEFF10
00214 00A600F0
00218 FF03000A
0021C FF3CFF93
00220 00EAFF34
00224 FF47FFF2
00228 FFA2FF37
0022C 008BFFDE
00230 008EFF3E
00234 FF43FF3E
00238 00EEFF92
0023C FFBF00A8
00240 FFD6FF59
00244 FF9A009D
00248 FF67003A
0024C FFAB00F0
00250 FFA4FF22
00254 FFDEFF97
00258 FF5400EB
0025C 00DAFF80
00260 FFF6002C
00264 001BFF88
00268 00E700D4
0026C 005200FC
00270 00F100A9
00274 FF3F0003
00278 003100D9
0027C FFDA0097
00280 FFEF0096
00284 FFA100E8
00288 004500F3
0028C FFD2FF4D
00290 FFFF00C8
00294 002200DA
00298 FF5CFFFF
0029C FF3AFFED
002A0 0090FF57
002A4 FF37FFA9
002A8 FF94FF75
002AC FFBF00C8
002B0 0000FF4E
002B4 00DA0063
002B8 00DDFF0C
002BC 004DFF77
002C0 FF21FF99
002C4 00540017
002C8 003EFF79
002CC 00C5FF2E
002D0 FFDE007E
002D4 FF290088
002D8 007A0031
002DC 00ECFFAB
002E0 FF2A00D9
002E4 0058000A
002E8 0007FF13
002EC FF30007F
002F0 FF49FF5B
002F4 FFCB0029
002F8 009B001C
002FC 00BC000F
00300 FF8D00FA
00304 FF3C00B3
00308 00CFFF48
0030C 007900B0
00310 00DEFFBC
00314 00F2FFD5
00318 FFDDFF4B
0031C FF8C0087
00320 FFF90029
00324 FF8FFFE0
00328 FF83001C
0032C 007E00C8
00330 FF070032
00334 FF9AFF66
00338 FFEF0044
0033C FFE80036
00340 0057FFE4
00344 FF7CFF91
00348 00FB0017
0034C FFC2FF72
00350 FF590070
00354 FF4300BA
00358 004400AE
0035C 000F00DD
00360 FFFBFFB1
00364 0051FF0B
00368 00DFFFBD
0036C FF8600C9
00370 FF7500BF
00374 FFFA009B
00378 0091FF36
0037C FF7E00BC
00380 FFE10039
00384 0075FFBA
00388 FF5CFF9E
0038C FF02FF3B
00390 FF8FFF16
00394 0004FF0C
00398 00B10072
0039C FF890081
003A0 00E0002E
003A4 007400A7
003A8 FF5400A8
003AC 00DF0009
003B0 FF43FF64
003B4 0053006E
003B8 FF09FF47
003BC FF790034
003C0 FF52FF96
003C4 00E0FF05
003C8 0010FFEB
003CC 00E5FFF0
003D0 FF09FF8F
003D4 FFA0FF2B
003D8 0053007F
003DC 00FDFF94
003E0 0024FF0B
003E4 008900CA
003E8 FF16009D
003EC FF7BFFA1
003F0 005AFF9E
003F4 00E9007A
003F8 FF37FFD6
003FC 007DFFD3
00400 00000AE8
00404 00000A21
00408 00000EB1
0040C FFFFF35E
00410 00000C36
00414 FFFFF221
00418 FFFFFF36
0041C 00000305
00420 FFFFFB73
00424 FFFFF4AD
00428 FFFFF627
0042C 00000A63
00430 FFFFFA32
00434 FFFFF9EE
00438 00000D8C
0043C FFFFF49A
00440 00000D49
00444 00000D78
00448 00000327
0044C FFFFF54C
00450 FFFFF4FC
00454 FFFFF91C
00458 0000027A
0045C FFFFF4EA
00460 FFFFFE94
00464 FFFFF3B2
00468 0000014A
0046C FFFFF0AD
00470 000006B0
00474 FFFFF1C5
00478 FFFFF63B
0047C FFFFF596
00480 00000A97
00484 FFFFF1B5
00488 FFFFFDBC
0048C 000002EA
00490 00000083
00494 000005C8
00498 000009B3
0049C FFFFFC98
004A0 00000A80
004A4 FFFFFA2C
004A8 00000F80
004AC 00000025
004B0 0000078D
004B4 00000C00
004B8 0000095D
004BC 00000B3C
004C0 0000012B
004C4 FFFFF164
004C8 FFFFFFC7
004CC FFFFF5CE
004D0 00000C73
004D4 FFFFF793
004D8 FFFFF74C
004DC FFFFF7FA
004E0 0000048F
004E4 00000247
004E8 00000E5C
004EC FFFFFD52
004F0 FFFFF908
004F4 FFFFF193
004F8 FFFFF039
004FC FFFFFBF4
00500 00000DA0
00504 000000C2
00508 00000C97
0050C FFFFF340
00510 FFFFF2FC
00514 00000AAB
00518 FFFFF36A
0051C FFFFF1A9
00520 FFFFFCEE
00524 00000D98
00528 0000060F
0052C FFFFF32B
00530 00000AC9
00534 00000AFE
00538 0000099F
0053C 00000CE2
00540 FFFFF7AD
00544 00000F58
00548 FFFFFA43
0054C 000009AA
00550 0000028A
00554 000008F1
00558 00000417
0055C 0000048F
00560 000003B8
00564 000008ED
00568 000007A6
0056C FFFFF44E
00570 00000A6F
00574 00000127
00578 FFFFFA56
0057C 00000074
00580 00000EF1
00584 00000B71
00588 00000AAD
0058C FFFFFECF
00590 00000917
00594 FFFFFC52
00598 000005F5
0059C 00000477
005A0 FFFFF7FE
005A4 FFFFF886
005A8 FFFFF1F4
005AC FFFFF478
005B0 FFFFFDE0
005B4 FFFFFF4A
005B8 FFFFF548
005BC FFFFFD57
005C0 00000355
005C4 FFFFF771
005C8 FFFFFAD2
005CC FFFFFBC2
005D0 00000029
005D4 FFFFFBB9
005D8 00000795
005DC FFFFFA7A
005E0 FFFFFDE2
005E4 FFFFFC24
005E8 FFFFF5DA
005EC 000005F1
005F0 FFFFF788
005F4 FFFFF980
005F8 0000095E
005FC 00000E5D
00600 00000577
00604 00000D52
00608 00000B55
0060C FFFFFF63
00610 000008A6
00614 FFFFFA81
00618 FFFFFEBC
0061C 00000122
00620 00000EBC
00624 00000B27
00628 FFFFFFA7
0062C 000004E1
00630 FFFFF679
00634 000009BD
00638 000001B2
0063C 0000010C
00640 00000885
00644 00000440
00648 FFFFF251
0064C FFFFF938
00650 FFFFF5A7
00654 00000784
00658 FFFFF11F
0065C FFFFF67A
00660 0000031E
00664 0000063B
00668 0000001B
0066C 00000B8B
00670 00000D67
00674 FFFFF43A
00678 00000E7A
0067C 000003A8
00680 0000045B
00684 FFFFF30B
00688 000003E6
0068C 00000739
00690 00000295
00694 FFFFF2B4
00698 000000BE
0069C 00000DF3
006A0 00000726
006A4 FFFFF465
006A8 00000EB7
006AC 00000EAF
006B0 FFFFF56B
006B4 000009A0
006B8 FFFFFD03
006BC 000002FF
006C0 FFFFFE3E
006C4 0000090B
006C8 00000FE4
006CC 00000971
006D0 00000DCD
006D4 00000E45
006D8 FFFFF2E2
006DC FFFFF81B
006E0 00000719
006E4 000002E1
006E8 FFFFF19A
006EC FFFFF30A
006F0 000000A8
006F4 000003B7
006F8 FFFFF55D
006FC FFFFF57B
00700 FFFFF423
00704 00000214
00708 FFFFF040
0070C 00000251
00710 FFFFFF3A
00714 FFFFFEE9
00718 000005BC
0071C 000000B9
00720 00000749
00724 00000872
00728 00000D71
0072C 00000993
00730 00000091
00734 FFFFFFBF
00738 FFFFF78A
0073C 0000032F
00740 FFFFF473
00744 00000DCC
00748 00000B0A
0074C FFFFF3D4
00750 00000926
00754 FFFFF3BF
00758 00000714
0075C FFFFF2CE
00760 FFFFFF9F
00764 0000050D
00768 00000752
0076C FFFFFD65
00770 00000D7D
00774 000008C7
00778 FFFFF6AA
0077C 0000057A
00780 00000760
00784 FFFFFAAD
00788 0000079F
0078C 00000CBF
00790 00000A25
00794 00000866
00798 0000044D
0079C FFFFF8A8
007A0 00000972
007A4 FFFFFBA7
007A8 00000107
007AC FFFFFA0F
007B0 FFFFFA04
007B4 FFFFF50B
007B8 00000EC2
007BC FFFFF4BA
007C0 FFFFF2C2
007C4 00000DF4
007C8 000001C2
007CC FFFFFE03
007D0 00000799
007D4 FFFFFC44
007D8 FFFFF417
007DC 00000759
007E0 FFFFF5A1
007E4 000001B2
007E8 00000E5E
007EC 00000DF4
007F0 FFFFFB8B
007F4 000008F8
007F8 0000039B
007FC FFFFFF56
00800 FFFF5B2D
00804 00011F80
00808 0000646E
0080C FFFE4426
00810 FFFF52BB
00814 00010046
00818 0000D464
0081C FFFFD3D7
00820 FFFF7281
00824 FFFF66C4
00828 0001B088
0082C FFFFBA00
00830 0000D1A9
00834 00006FD6
00838 0001809A
0083C 0000E95E
00840 000065ED
00844 FFFF5D21
00848 FFFEFFBE
0084C FFFF4D11
00850 0001C09B
00854 FFFE92CC
00858 0000E0E4
0085C FFFE611F
00860 00018AC5
00864 FFFFBD88
00868 FFFEC08F
0086C FFFE559D
00870 FFFF6C94
00874 00007841
00878 FFFF668D
0087C 00008C25
00880 FFFFC2EC
00884 00025D5F
00888 000029E3
0088C FFFFC3DC
00890 00003DA7
00894 00024440
00898 000181DC
0089C FFFF169F
008A0 000096C1
008A4 FFFE8693
008A8 0000AD83
008AC FFFF5718
008B0 FFFE764F
008B4 FFFFBC00
008B8 FFFF4BEC
008BC 00010682
008C0 FFFF82D5
008C4 FFFEEA47
008C8 0001D117
008CC FFFEBFA9
008D0 0000533D
008D4 00013AE7
008D8 00000C6E
008DC 00021AE3
008E0 FFFF0EBE
008E4 00001C22
008E8 000187DC
008EC FFFF491F
008F0 00008993
008F4 FFFEC821
008F8 FFFF4635
008FC 00007132
00900 0000BEDC
00904 FFFF47C6
00908 0001E437
0090C FFFE13FE
00910 FFFFE94B
00914 000108BB
00918 0000077E
0091C 0002244B
00920 0000E749
00924 00009663
00928 FFFFE853
0092C 000089BB
00930 FFFFA6B2
00934 00006F8F
00938 FFFF3173
0093C 0000D626
00940 0001FFD0
00944 FFFE1760
00948 FFFD384B
0094C 0001D1C2
00950 000173F3
00954 FFFCF2A5
00958 FFFF3911
0095C FFFF7483
00960 00008AE3
00964 FFFEAF57
00968 00011CBF
0096C 0000730E
00970 00017BA6
00974 FFFEE326
00978 FFFF2D87
0097C FFFF7DCD
00980 FFFF976A
00984 FFFF8E88
00988 00019204
0098C 000057F7
00990 0000C1C9
00994 000288AC
00998 FFFF085F
0099C FFFF5DAB
009A0 FFFF1398
009A4 FFFF6BF1
009A8 FFFF83C7
009AC FFFFFF21
009B0 FFFE85AF
009B4 FFFEE630
009B8 FFFD75DA
009BC 000231A6
009C0 00014A00
009C4 FFFF8ECD
009C8 00012BC1
009CC FFFE2DA3
009D0 FFFF2DB2
009D4 00008EDE
009D8 000150D8
009DC 0001CB79
009E0 FFFE6A9E
009E4 FFFEDA8F
009E8 FFFF5660
009EC FFFE2652
009F0 0001710C
009F4 FFFE06E7
009F8 00004BFA
009FC 00012665
00A00 FFFFE3B6
00A04 FFFEDBCC
00A08 000202CD
00A0C FFFFA6E4
00A10 FFFF844E
00A14 FFFF41BA
00A18 FFFF7CB3
00A1C 0001707B
00A20 FFFF4BAA
00A24 000185F4
00A28 000073EA
00A2C FFFFFFA2
00A30 000091DA
00A34 FFFFBF82
00A38 0000D703
00A3C FFFF0B2C
00A40 FFFD28FB
00A44 FFFF189E
00A48 FFFF7839
00A4C 00000268
00A50 FFFFDD97
00A54 0001D3B2
00A58 FFFDC1A0
00A5C 000027AB
00A60 FFFF86C1
00A64 00019E3E
00A68 FFFF92D8
00A6C 000168FC
00A70 FFFF721A
00A74 00008925
00A78 FFFF5172
00A7C FFFF636B
00A80 FFFF1946
00A84 000091B9
00A88 FFFFC107
00A8C 00006299
00A90 FFFF902C
00A94 FFFE4304
00A98 FFFF9B48
00A9C 00025205
00AA0 FFFF5728
00AA4 0001263F
00AA8 000286A0
00AAC 0000727C
00AB0 0002F3F1
00AB4 FFFEC79F
00AB8 00010D82
00ABC FFFCCB72
00AC0 FFFE7ED2
00AC4 FFFF77CA
00AC8 00010A08
00ACC FFFFB173
00AD0 000113E0
00AD4 FFFE699C
00AD8 FFFFCB55
00ADC FFFFB9E6
00AE0 00009914
00AE4 000129FD
00AE8 FFFE3F8B
00AEC FFFE028D
00AF0 FFFFF141
00AF4 0001D43B
00AF8 00002834
00AFC 0000F263
00B00 FFFFB60E
00B04 000149F7
00B08 00012D98
00B0C FFFEDC77
00B10 000032B9
00B14 00003ECF
00B18 0000D066
00B1C FFFF756D
00B20 000297A9
00B24 FFFFE5E6
00B28 FFFE8406
00B2C FFFC9CA2
00B30 FFFEC54B
00B34 0000EDD2
00B38 FFFEF7AF
00B3C 0001B1C0
00B40 000017C7
00B44 000043A4
00B48 00003475
00B4C FFFE933C
00B50 FFFF3E31
00B54 0002157F
00B58 FFFCDAEE
00B5C FFFFAB4E
00B60 FFFF8E93
00B64 00005EB8
00B68 FFFF52F2
00B6C 0001EFF5
00B70 00017A22
00B74 0002BAAC
00B78 FFFFEC4D
00B7C 000176D2
00B80 000109B3
00B84 FFFFCEDA
00B88 00019F43
00B8C FFFF04D6
00B90 FFFFDF0B
00B94 000010A3
00B98 0000206D
00B9C 00004ECA
00BA0 00013DA6
00BA4 FFFFAC3F
00BA8 FFFD7DF8
00BAC FFFC8EC1
00BB0 00002BCC
00BB4 00014F75
00BB8 00009214
00BBC 00018B5E
00BC0 FFFD4BC2
00BC4 0000753C
00BC8 FFFFEA75
00BCC FFFF65D6
00BD0 FFFF16A2
00BD4 0000828E
00BD8 FFFE426A
00BDC FFFEE33F
00BE0 FFFDED06
00BE4 0001FEE2
00BE8 FFFF7765
00BEC 000244DB
00BF0 0000D8F2
00BF4 0001862B
00BF8 0000E8F3
00BFC 00002694
00C00 00000000
00C04 00000000
00C08 00000000
00C0C 00000000
00C10 00000000
00C14 00000000
00C18 00000000
00C1C 00000000
00C20 00000000
00C24 00000000
00C28 00000000
00C2C 00000000
00C30 00000000
00C34 00000000
00C38 00000000
00C3C 00000000
00C40 00000000
00C44 00000000
00C48 00000000
00C4C 00000000
00C50 00000000
00C54 00000000
00C58 00000000
00C5C 00000000
00C60 00000000
00C64 00000000
00C68 00000000
00C6C 00000000
00C70 00000000
00C74 00000000
00C78 00000000
00C7C 00000000
00C80 00000000
00C84 00000000
00C88 00000000
00C8C 00000000
00C90 00000000
00C94 00000000
00C98 00000000
00C9C 00000000
00CA0 00000000
00CA4 00000000
00CA8 00000000
00CAC 00000000
00CB0 00000000
00CB4 00000000
00CB8 00000000
00CBC 00000000
00CC0 00000000
00CC4 00000000
00CC8 00000000
00CCC 00000000
00CD0 00000000
00CD4 00000000
00CD8 00000000
00CDC 00000000
00CE0 00000000
00CE4 00000000
00CE8 00000000
00CEC 00000000
00CF0 00000000
00CF4 00000000
00CF8 00000000
00CFC 00000000
00D00 00000000
00D04 00000000
00D08 00000000
00D0C 00000000
00D10 00000000
00D14 00000000
00D18 00000000
00D1C 00000000
00D20 00000000
00D24 00000000
00D28 00000000
00D2C 00000000
00D30 00000000
00D34 00000000
00D38 00000000
00D3C 00000000
00D40 00000000
00D44 00000000
00D48 00000000
00D4C 00000000
00D50 00000000
00D54 00000000
00D58 00000000
00D5C 00000000
00D60 00000000
00D64 00000000
00D68 00000000
00D6C 00000000
00D70 00000000
00D74 00000000
00D78 00000000
00D7C 00000000
00D80 00000000
00D84 00000000
00D88 00000000
00D8C 00000000
00D90 00000000
00D94 00000000
00D98 00000000
00D9C 00000000
00DA0 00000000
00DA4 00000000
00DA8 00000000
00DAC 00000000
00DB0 00000000
00DB4 00000000
00DB8 00000000
00DBC 00000000
00DC0 00000000
00DC4 00000000
00DC8 00000000
00DCC 00000000
00DD0 00000000
00DD4 00000000
00DD8 00000000
00DDC 00000000
00DE0 00000000
00DE4 00000000
00DE8 00000000
00DEC 00000000
00DF0 00000000
00DF4 00000000
00DF8 00000000
00DFC 00000000
00E00 00000000
00E04 00000000
00E08 00000000
00E0C 00000000
00E10 00000000
00E14 00000000
00E18 00000000
00E1C 00000000
00E20 00000000
00E24 00000000
00E28 00000000
00E2C 00000000
00E30 00000000
00E34 00000000
00E38 00000000
00E3C 00000000
00E40 00000000
00E44 00000000
00E48 00000000
00E4C 00000000
00E50 00000000
00E54 00000000
00E58 00000000
00E5C 00000000
00E60 00000000
00E64 00000000
00E68 00000000
00E6C 00000000
00E70 00000000
00E74 00000000
00E78 00000000
00E7C 00000000
00E80 00000000
00E84 00000000
00E88 00000000
00E8C 00000000
00E90 00000000
00E94 00000000
00E98 00000000
00E9C 00000000
00EA0 00000000
00EA4 00000000
00EA8 00000000
00EAC 00000000
00EB0 00000000
00EB4 00000000
00EB8 00000000
00EBC 00000000
00EC0 00000000
00EC4 00000000
00EC8 00000000
00ECC 00000000
00ED0 00000000
00ED4 00000000
00ED8 00000000
00EDC 00000000
00EE0 00000000
00EE4 00000000
00EE8 00000000
00EEC 00000000
00EF0 00000000
00EF4 00000000
00EF8 00000000
00EFC 00000000
00F00 00000000
00F04 00000000
00F08 00000000
00F0C 00000000
00F10 00000000
00F14 00000000
00F18 00000000
00F1C 00000000
00F20 00000000
00F24 00000000
00F28 00000000
00F2C 00000000
00F30 00000000
00F34 00000000
00F38 00000000
00F3C 00000000
00F40 00000000
00F44 00000000
00F48 00000000
00F4C 00000000
00F50 00000000
00F54 00000000
00F58 00000000
00F5C 00000000
00F60 00000000
00F64 00000000
00F68 00000000
00F6C 00000000
00F70 00000000
00F74 00000000
00F78 00000000
00F7C 00000000
00F80 00000000
00F84 00000000
00F88 00000000
00F8C 00000000
00F90 00000000
00F94 00000000
00F98 00000000
00F9C 00000000
00FA0 00000000
00FA4 00000000
00FA8 00000000
00FAC 00000000
00FB0 00000000
00FB4 00000000
00FB8 00000000
00FBC 00000000
00FC0 00000000
00FC4 00000000
00FC8 00000000
00FCC 00000000
00FD0 00000000
00FD4 00000000
00FD8 00000000
00FDC 00000000
00FE0 00000000
00FE4 00000000
00FE8 00000000
00FEC 00000000
00FF0 00000000
00FF4 00000000
00FF8 00000000
00FFC 00000000
01000 00000000
01004 00000000
01008 00000000
0100C 00000000
01010 00000000
01014 00000000
01018 00000000
0101C 00000000
01020 00000000
01024 00000000
01028 00000000
0102C 00000000
01030 00000000
01034 00000000
01038 00000000
0103C 00000000
01040 00000000
01044 00000000
01048 00000000
0104C 00000000
01050 00000000
01054 00000000
01058 00000000
0105C 00000000
01060 00000000
01064 00000000
01068 00000000
0106C 00000000
01070 00000000
01074 00000000
01078 00000000
0107C 00000000
01080 00000000
01084 00000000
01088 00000000
0108C 00000000
01090 00000000
01094 00000000
01098 00000000
0109C 00000000
010A0 00000000
010A4 00000000
010A8 00000000
010AC 00000000
010B0 00000000
010B4 00000000
010B8 00000000
010BC 00000000
010C0 00000000
010C4 00000000
010C8 00000000
010CC 00000000
010D0 00000000
010D4 00000000
010D8 00000000
010DC 00000000
010E0 00000000
010E4 00000000
010E8 00000000
010EC 00000000
010F0 00000000
010F4 00000000
010F8 00000000
010FC 00000000
01100 00000000
01104 00000000
01108 00000000
0110C 00000000
01110 00000000
01114 00000000
01118 00000000
0111C 00000000
01120 00000000
01124 00000000
01128 00000000
0112C 00000000
01130 00000000
01134 00000000
01138 00000000
0113C 00000000
01140 00000000
01144 00000000
01148 00000000
0114C 00000000
01150 00000000
01154 00000000
01158 00000000
0115C 00000000
01160 00000000
01164 00000000
01168 00000000
0116C 00000000
01170 00000000
01174 00000000
01178 00000000
0117C 00000000
01180 00000000
01184 00000000
01188 00000000
0118C 00000000
01190 00000000
01194 00000000
01198 00000000
0119C 00000000
011A0 00000000
011A4 00000000
011A8 00000000
011AC 00000000
011B0 00000000
011B4 00000000
011B8 00000000
011BC 00000000
011C0 00000000
011C4 00000000
011C8 00000000
011CC 00000000
011D0 00000000
011D4 00000000
011D8 00000000
011DC 00000000
011E0 00000000
011E4 00000000
011E8 00000000
011EC 00000000
011F0 00000000
011F4 00000000
011F8 00000000
011FC 00000000
01200 00000000
01204 00000000
01208 00000000
0120C 00000000
01210 00000000
01214 00000000
01218 00000000
0121C 00000000
01220 00000000
01224 00000000
01228 00000000
0122C 00000000
01230 00000000
01234 00000000
01238 00000000
0123C 00000000
01240 00000000
01244 00000000
01248 00000000
0124C 00000000
01250 00000000
01254 00000000
01258 00000000
0125C 00000000
01260 00000000
01264 00000000
01268 00000000
0126C 00000000
01270 00000000
01274 00000000
01278 00000000
0127C 00000000
01280 00000000
01284 00000000
01288 00000000
0128C 00000000
01290 00000000
01294 00000000
01298 00000000
0129C 00000000
012A0 00000000
012A4 00000000
012A8 00000000
012AC 00000000
012B0 00000000
012B4 00000000
012B8 00000000
012BC 00000000
012C0 00000000
012C4 00000000
012C8 00000000
012CC 00000000
012D0 00000000
012D4 00000000
012D8 00000000
012DC 00000000
012E0 00000000
012E4 00000000
012E8 00000000
012EC 00000000
012F0 00000000
012F4 00000000
012F8 00000000
012FC 00000000
01300 00000000
01304 00000000
01308 00000000
0130C 00000000
01310 00000000
01314 00000000
01318 00000000
0131C 00000000
01320 00000000
01324 00000000
01328 00000000
0132C 00000000
01330 00000000
01334 00000000
01338 00000000
0133C 00000000
01340 00000000
01344 00000000
01348 00000000
0134C 00000000
01350 00000000
01354 00000000
01358 00000000
0135C 00000000
01360 00000000
01364 00000000
01368 00000000
0136C 00000000
01370 00000000
01374 00000000
01378 00000000
0137C 00000000
01380 00000000
01384 00000000
01388 00000000
0138C 00000000
01390 00000000
01394 00000000
01398 00000000
0139C 00000000
013A0 00000000
013A4 00000000
013A8 00000000
013AC 00000000
013B0 00000000
013B4 00000000
013B8 00000000
013BC 00000000
013C0 00000000
013C4 00000000
013C8 00000000
013CC 00000000
013D0 00000000
013D4 00000000
013D8 00000000
013DC 00000000
013E0 00000000
013E4 00000000
013E8 00000000
013EC 00000000
013F0 00000000
013F4 00000000
013F8 00000000
013FC 00000000
01400 00000000
01404 00000000
01408 00000000
0140C 00000000
01410 00000000
01414 00000000
01418 00000000
0141C 00000000
01420 00000000
01424 00000000
01428 00000000
0142C 00000000
01430 00000000
01434 00000000
01438 00000000
0143C 00000000
01440 00000000
01444 00000000
01448 00000000
0144C 00000000
01450 00000000
01454 00000000
01458 00000000
0145C 00000000
01460 00000000
01464 00000000
01468 00000000
0146C 00000000
01470 00000000
01474 00000000
01478 00000000
0147C 00000000
01480 00000000
01484 00000000
01488 00000000
0148C 00000000
01490 00000000
01494 00000000
01498 00000000
0149C 00000000
014A0 00000000
014A4 00000000
014A8 00000000
014AC 00000000
014B0 00000000
014B4 00000000
014B8 00000000
014BC 00000000
014C0 00000000
014C4 00000000
014C8 00000000
014CC 00000000
014D0 00000000
014D4 00000000
014D8 00000000
014DC 00000000
014E0 00000000
014E4 00000000
014E8 00000000
014EC 00000000
014F0 00000000
014F4 00000000
014F8 00000000
014FC 00000000
01500 00000000
01504 00000000
01508 00000000
0150C 00000000
01510 00000000
01514 00000000
01518 00000000
0151C 00000000
01520 00000000
01524 00000000
01528 00000000
0152C 00000000
01530 00000000
01534 00000000
01538 00000000
0153C 00000000
01540 00000000
01544 00000000
01548 00000000
0154C 00000000
01550 00000000
01554 00000000
01558 00000000
0155C 00000000
01560 00000000
01564 00000000
01568 00000000
0156C 00000000
01570 00000000
01574 00000000
01578 00000000
0157C 00000000
01580 00000000
01584 00000000
01588 00000000
0158C 00000000
01590 00000000
01594 00000000
01598 00000000
0159C 00000000
015A0 00000000
015A4 00000000
015A8 00000000
015AC 00000000
015B0 00000000
015B4 00000000
015B8 00000000
015BC 00000000
015C0 00000000
015C4 00000000
015C8 00000000
015CC 00000000
015D0 00000000
015D4 00000000
015D8 00000000
015DC 00000000
015E0 00000000
015E4 00000000
015E8 00000000
015EC 00000000
015F0 00000000
015F4 00000000
015F8 00000000
015FC 00000000
01600 00000000
01604 00000000
01608 00000000
0160C 00000000
01610 00000000
01614 00000000
01618 00000000
0161C 00000000
01620 00000000
01624 00000000
01628 00000000
0162C 00000000
01630 00000000
01634 00000000
01638 00000000
0163C 00000000
01640 00000000
01644 00000000
01648 00000000
0164C 00000000
01650 00000000
01654 00000000
01658 00000000
0165C 00000000
01660 00000000
01664 00000000
01668 00000000
0166C 00000000
01670 00000000
01674 00000000
01678 00000000
0167C 00000000
01680 00000000
01684 00000000
01688 00000000
0168C 00000000
01690 00000000
01694 00000000
01698 00000000
0169C 00000000
016A0 00000000
016A4 00000000
016A8 00000000
016AC 00000000
016B0 00000000
016B4 00000000
016B8 00000000
016BC 00000000
016C0 00000000
016C4 00000000
016C8 00000000
016CC 00000000
016D0 00000000
016D4 00000000
016D8 00000000
016DC 00000000
016E0 00000000
016E4 00000000
016E8 00000000
016EC 00000000
016F0 00000000
016F4 00000000
016F8 00000000
016FC 00000000
01700 00000000
01704 00000000
01708 00000000
0170C 00000000
01710 00000000
01714 00000000
01718 00000000
0171C 00000000
01720 00000000
01724 00000000
01728 00000000
0172C 00000000
01730 00000000
01734 00000000
01738 00000000
0173C 00000000
01740 00000000
01744 00000000
01748 00000000
0174C 00000000
01750 00000000
01754 00000000
01758 00000000
0175C 00000000
01760 00000000
01764 00000000
01768 00000000
0176C 00000000
01770 00000000
01774 00000000
01778 00000000
0177C 00000000
01780 00000000
01784 00000000
01788 00000000
0178C 00000000
01790 00000000
01794 00000000
01798 00000000
0179C 00000000
017A0 00000000
017A4 00000000
017A8 00000000
017AC 00000000
017B0 00000000
017B4 00000000
017B8 00000000
017BC 00000000
017C0 00000000
017C4 00000000
017C8 00000000
017CC 00000000
017D0 00000000
017D4 00000000
017D8 00000000
017DC 00000000
017E0 00000000
017E4 00000000
017E8 00000000
017EC 00000000
017F0 00000000
017F4 00000000
017F8 00000000
017FC 00000000
01800 00000000
01804 00000000
01808 00000000
0180C 00000000
01810 00000000
01814 00000000
01818 00000000
0181C 00000000
01820 00000000
01824 00000000
01828 00000000
0182C 00000000
01830 00000000
01834 00000000
01838 00000000
0183C 00000000
01840 00000000
01844 00000000
01848 00000000
0184C 00000000
01850 00000000
01854 00000000
01858 00000000
0185C 00000000
01860 00000000
01864 00000000
01868 00000000
0186C 00000000
01870 00000000
01874 00000000
01878 00000000
0187C 00000000
01880 00000000
01884 00000000
01888 00000000
0188C 00000000
01890 00000000
01894 00000000
01898 00000000
0189C 00000000
018A0 00000000
018A4 00000000
018A8 00000000
018AC 00000000
018B0 00000000
018B4 00000000
018B8 00000000
018BC 00000000
018C0 00000000
018C4 00000000
018C8 00000000
018CC 00000000
018D0 00000000
018D4 00000000
018D8 00000000
018DC 00000000
018E0 00000000
018E4 00000000
018E8 00000000
018EC 00000000
018F0 00000000
018F4 00000000
018F8 00000000
018FC 00000000
01900 00000000
01904 00000000
01908 00000000
0190C 00000000
01910 00000000
01914 00000000
01918 00000000
0191C 00000000
01920 00000000
01924 00000000
01928 00000000
0192C 00000000
01930 00000000
01934 00000000
01938 00000000
0193C 00000000
01940 00000000
01944 00000000
01948 00000000
0194C 00000000
01950 00000000
01954 00000000
01958 00000000
0195C 00000000
01960 00000000
01964 00000000
01968 00000000
0196C 00000000
01970 00000000
01974 00000000
01978 00000000
0197C 00000000
01980 00000000
01984 00000000
01988 00000000
0198C 00000000
01990 00000000
01994 00000000
01998 00000000
0199C 00000000
019A0 00000000
019A4 00000000
019A8 00000000
019AC 00000000
019B0 00000000
019B4 00000000
019B8 00000000
019BC 00000000
019C0 00000000
019C4 00000000
019C8 00000000
019CC 00000000
019D0 00000000
019D4 00000000
019D8 00000000
019DC 00000000
019E0 00000000
019E4 00000000
019E8 00000000
019EC 00000000
019F0 00000000
019F4 00000000
019F8 00000000
019FC 00000000
01A00 00000000
01A04 00000000
01A08 00000000
01A0C 00000000
01A10 00000000
01A14 00000000
01A18 00000000
01A1C 00000000
01A20 00000000
01A24 00000000
01A28 00000000
01A2C 00000000
01A30 00000000
01A34 00000000
01A38 00000000
01A3C 00000000
01A40 00000000
01A44 00000000
01A48 00000000
01A4C 00000000
01A50 00000000
01A54 00000000
01A58 00000000
01A5C 00000000
01A60 00000000
01A64 00000000
01A68 00000000
01A6C 00000000
01A70 00000000
01A74 00000000
01A78 00000000
01A7C 00000000
01A80 00000000
01A84 00000000
01A88 00000000
01A8C 00000000
01A90 00000000
01A94 00000000
01A98 00000000
01A9C 00000000
01AA0 00000000
01AA4 00000000
01AA8 00000000
01AAC 00000000
01AB0 00000000
01AB4 00000000
01AB8 00000000
01ABC 00000000
01AC0 00000000
01AC4 00000000
01AC8 00000000
01ACC 00000000
01AD0 00000000
01AD4 00000000
01AD8 00000000
01ADC 00000000
01AE0 00000000
01AE4 00000000
01AE8 00000000
01AEC 00000000
01AF0 00000000
01AF4 00000000
01AF8 00000000
01AFC 00000000
01B00 00000000
01B04 00000000
01B08 00000000
01B0C 00000000
01B10 00000000
01B14 00000000
01B18 00000000
01B1C 00000000
01B20 00000000
01B24 00000000
01B28 00000000
01B2C 00000000
01B30 00000000
01B34 00000000
01B38 00000000
01B3C 00000000
01B40 00000000
01B44 00000000
01B48 00000000
01B4C 00000000
01B50 00000000
01B54 00000000
01B58 00000000
01B5C 00000000
01B60 00000000
01B64 00000000
01B68 00000000
01B6C 00000000
01B70 00000000
01B74 00000000
01B78 00000000
01B7C 00000000
01B80 00000000
01B84 00000000
01B88 00000000
01B8C 00000000
01B90 00000000
01B94 00000000
01B98 00000000
01B9C 00000000
01BA0 00000000
01BA4 00000000
01BA8 00000000
01BAC 00000000
01BB0 00000000
01BB4 00000000
01BB8 00000000
01BBC 00000000
01BC0 00000000
01BC4 00000000
01BC8 00000000
01BCC 00000000
01BD0 00000000
01BD4 00000000
01BD8 00000000
01BDC 00000000
01BE0 00000000
01BE4 00000000
01BE8 00000000
01BEC 00000000
01BF0 00000000
01BF4 00000000
01BF8 00000000
01BFC 00000000
01C00 00000000
01C04 00000000
01C08 00000000
01C0C 00000000
01C10 00000000
01C14 00000000
01C18 00000000
01C1C 00000000
01C20 00000000
01C24 00000000
01C28 00000000
01C2C 00000000
01C30 00000000
01C34 00000000
01C38 00000000
01C3C 00000000
01C40 00000000
01C44 00000000
01C48 00000000
01C4C 00000000
01C50 00000000
01C54 00000000
01C58 00000000
01C5C 00000000
01C60 00000000
01C64 00000000
01C68 00000000
01C6C 00000000
01C70 00000000
01C74 00000000
01C78 00000000
01C7C 00000000
01C80 00000000
01C84 00000000
01C88 00000000
01C8C 00000000
01C90 00000000
01C94 00000000
01C98 00000000
01C9C 00000000
01CA0 00000000
01CA4 00000000
01CA8 00000000
01CAC 00000000
01CB0 00000000
01CB4 00000000
01CB8 00000000
01CBC 00000000
01CC0 00000000
01CC4 00000000
01CC8 00000000
01CCC 00000000
01CD0 00000000
01CD4 00000000
01CD8 00000000
01CDC 00000000
01CE0 00000000
01CE4 00000000
01CE8 00000000
01CEC 00000000
01CF0 00000000
01CF4 00000000
01CF8 00000000
01CFC 00000000
01D00 00000000
01D04 00000000
01D08 00000000
01D0C 00000000
01D10 00000000
01D14 00000000
01D18 00000000
01D1C 00000000
01D20 00000000
01D24 00000000
01D28 00000000
01D2C 00000000
01D30 00000000
01D34 00000000
01D38 00000000
01D3C 00000000
01D40 00000000
01D44 00000000
01D48 00000000
01D4C 00000000
01D50 00000000
01D54 00000000
01D58 00000000
01D5C 00000000
01D60 00000000
01D64 00000000
01D68 00000000
01D6C 00000000
01D70 00000000
01D74 00000000
01D78 00000000
01D7C 00000000
01D80 00000000
01D84 00000000
01D88 00000000
01D8C 00000000
01D90 00000000
01D94 00000000
01D98 00000000
01D9C 00000000
01DA0 00000000
01DA4 00000000
01DA8 00000000
01DAC 00000000
01DB0 00000000
01DB4 00000000
01DB8 00000000
01DBC 00000000
01DC0 00000000
01DC4 00000000
01DC8 00000000
01DCC 00000000
01DD0 00000000
01DD4 00000000
01DD8 00000000
01DDC 00000000
01DE0 00000000
01DE4 00000000
01DE8 00000000
01DEC 00000000
01DF0 00000000
01DF4 00000000
01DF8 00000000
01DFC 00000000
01E00 00000000
01E04 00000000
01E08 00000000
01E0C 00000000
01E10 00000000
01E14 00000000
01E18 00000000
01E1C 00000000
01E20 00000000
01E24 00000000
01E28 00000000
01E2C 00000000
01E30 00000000
01E34 00000000
01E38 00000000
01E3C 00000000
01E40 00000000
01E44 00000000
01E48 00000000
01E4C 00000000
01E50 00000000
01E54 00000000
01E58 00000000
01E5C 00000000
01E60 00000000
01E64 00000000
01E68 00000000
01E6C 00000000
01E70 00000000
01E74 00000000
01E78 00000000
01E7C 00000000
01E80 00000000
01E84 00000000
01E88 00000000
01E8C 00000000
01E90 00000000
01E94 00000000
01E98 00000000
01E9C 00000000
01EA0 00000000
01EA4 00000000
01EA8 00000000
01EAC 00000000
01EB0 00000000
01EB4 00000000
01EB8 00000000
01EBC 00000000
01EC0 00000000
01EC4 00000000
01EC8 00000000
01ECC 00000000
01ED0 00000000
01ED4 00000000
01ED8 00000000
01EDC 00000000
01EE0 00000000
01EE4 00000000
01EE8 00000000
01EEC 00000000
01EF0 00000000
01EF4 00000000
01EF8 00000000
01EFC 00000000
01F00 00000000
01F04 00000000
01F08 00000000
01F0C 00000000
01F10 00000000
01F14 00000000
01F18 00000000
01F1C 00000000
01F20 00000000
01F24 00000000
01F28 00000000
01F2C 00000000
01F30 00000000
01F34 00000000
01F38 00000000
01F3C 00000000
01F40 00000000
01F44 00000000
01F48 00000000
01F4C 00000000
01F50 00000000
01F54 00000000
01F58 00000000
01F5C 00000000
01F60 00000000
01F64 00000000
01F68 00000000
01F6C 00000000
01F70 00000000
01F74 00000000
01F78 00000000
01F7C 00000000
01F80 00000000
01F84 00000000
01F88 00000000
01F8C 00000000
01F90 00000000
01F94 00000000
01F98 00000000
01F9C 00000000
01FA0 00000000
01FA4 00000000
01FA8 00000000
01FAC 00000000
01FB0 00000000
01FB4 00000000
01FB8 00000000
01FBC 00000000
01FC0 00000000
01FC4 00000000
01FC8 00000000
01FCC 00000000
01FD0 00000000
01FD4 00000000
01FD8 00000000
01FDC 00000000
01FE0 00000000
01FE4 00000000
01FE8 00000000
01FEC 00000000
01FF0 00000000
01FF4 00000000
01FF8 00000000
01FFC 00000000
02000 00000000
02004 00000000
02008 00000000
0200C 00000000
02010 00000000
02014 00000000
02018 00000000
0201C 00000000
02020 00000000
02024 00000000
02028 00000000
0202C 00000000
02030 00000000
02034 00000000
02038 00000000
0203C 00000000
02040 00000000
02044 00000000
02048 00000000
0204C 00000000
02050 00000000
02054 00000000
02058 00000000
0205C 00000000
02060 00000000
02064 00000000
02068 00000000
0206C 00000000
02070 00000000
02074 00000000
02078 00000000
0207C 00000000
02080 00000000
02084 00000000
02088 00000000
0208C 00000000
02090 00000000
02094 00000000
02098 00000000
0209C 00000000
020A0 00000000
020A4 00000000
020A8 00000000
020AC 00000000
020B0 00000000
020B4 00000000
020B8 00000000
020BC 00000000
020C0 00000000
020C4 00000000
020C8 00000000
020CC 00000000
020D0 00000000
020D4 00000000
020D8 00000000
020DC 00000000
020E0 00000000
020E4 00000000
020E8 00000000
020EC 00000000
020F0 00000000
020F4 00000000
020F8 00000000
020FC 00000000
02100 00000000
02104 00000000
02108 00000000
0210C 00000000
02110 00000000
02114 00000000
02118 00000000
0211C 00000000
02120 00000000
02124 00000000
02128 00000000
0212C 00000000
02130 00000000
02134 00000000
02138 00000000
0213C 00000000
02140 00000000
02144 00000000
02148 00000000
0214C 00000000
02150 00000000
02154 00000000
02158 00000000
0215C 00000000
02160 00000000
02164 00000000
02168 00000000
0216C 00000000
02170 00000000
02174 00000000
02178 00000000
0217C 00000000
02180 00000000
02184 00000000
02188 00000000
0218C 00000000
02190 00000000
02194 00000000
02198 00000000
0219C 00000000
021A0 00000000
021A4 00000000
021A8 00000000
021AC 00000000
021B0 00000000
021B4 00000000
021B8 00000000
021BC 00000000
021C0 00000000
021C4 00000000
021C8 00000000
021CC 00000000
021D0 00000000
021D4 00000000
021D8 00000000
021DC 00000000
021E0 00000000
021E4 00000000
021E8 00000000
021EC 00000000
021F0 00000000
021F4 00000000
021F8 00000000
021FC 00000000
02200 00000000
02204 00000000
02208 00000000
0220C 00000000
02210 00000000
02214 00000000
02218 00000000
0221C 00000000
02220 00000000
02224 00000000
02228 00000000
0222C 00000000
02230 00000000
02234 00000000
02238 00000000
0223C 00000000
02240 00000000
02244 00000000
02248 00000000
0224C 00000000
02250 00000000
02254 00000000
02258 00000000
0225C 00000000
02260 00000000
02264 00000000
02268 00000000
0226C 00000000
02270 00000000
02274 00000000
02278 00000000
0227C 00000000
02280 00000000
02284 00000000
02288 00000000
0228C 00000000
02290 00000000
02294 00000000
02298 00000000
0229C 00000000
022A0 00000000
022A4 00000000
022A8 00000000
022AC 00000000
022B0 00000000
022B4 00000000
022B8 00000000
022BC 00000000
022C0 00000000
022C4 00000000
022C8 00000000
022CC 00000000
022D0 00000000
022D4 00000000
022D8 00000000
022DC 00000000
022E0 00000000
022E4 00000000
022E8 00000000
022EC 00000000
022F0 00000000
022F4 00000000
022F8 00000000
022FC 00000000
02300 00000000
02304 00000000
02308 00000000
0230C 00000000
02310 00000000
02314 00000000
02318 00000000
0231C 00000000
02320 00000000
02324 00000000
02328 00000000
0232C 00000000
02330 00000000
02334 00000000
02338 00000000
0233C 00000000
02340 00000000
02344 00000000
02348 00000000
0234C 00000000
02350 00000000
02354 00000000
02358 00000000
0235C 00000000
02360 00000000
02364 00000000
02368 00000000
0236C 00000000
02370 00000000
02374 00000000
02378 00000000
0237C 00000000
02380 00000000
02384 00000000
02388 00000000
0238C 00000000
02390 00000000
02394 00000000
02398 00000000
0239C 00000000
023A0 00000000
023A4 00000000
023A8 00000000
023AC 00000000
023B0 00000000
023B4 00000000
023B8 00000000
023BC 00000000
023C0 00000000
023C4 00000000
023C8 00000000
023CC 00000000
023D0 00000000
023D4 00000000
023D8 00000000
023DC 00000000
023E0 00000000
023E4 00000000
023E8 00000000
023EC 00000000
023F0 00000000
023F4 00000000
023F8 00000000
023FC 00000000
02400 00000000
02404 00000000
02408 00000000
0240C 00000000
02410 00000000
02414 00000000
02418 00000000
0241C 00000000
02420 00000000
02424 00000000
02428 00000000
0242C 00000000
02430 00000000
02434 00000000
02438 00000000
0243C 00000000
02440 00000000
02444 00000000
02448 00000000
0244C 00000000
02450 00000000
02454 00000000
02458 00000000
0245C 00000000
02460 00000000
02464 00000000
02468 00000000
0246C 00000000
02470 00000000
02474 00000000
02478 00000000
0247C 00000000
02480 00000000
02484 00000000
02488 00000000
0248C 00000000
02490 00000000
02494 00000000
02498 00000000
0249C 00000000
024A0 00000000
024A4 00000000
024A8 00000000
024AC 00000000
024B0 00000000
024B4 00000000
024B8 00000000
024BC 00000000
024C0 00000000
024C4 00000000
024C8 00000000
024CC 00000000
024D0 00000000
024D4 00000000
024D8 00000000
024DC 00000000
024E0 00000000
024E4 00000000
024E8 00000000
024EC 00000000
024F0 00000000
024F4 00000000
024F8 00000000
024FC 00000000
02500 00000000
02504 00000000
02508 00000000
0250C 00000000
02510 00000000
02514 00000000
02518 00000000
0251C 00000000
02520 00000000
02524 00000000
02528 00000000
0252C 00000000
02530 00000000
02534 00000000
02538 00000000
0253C 00000000
02540 00000000
02544 00000000
02548 00000000
0254C 00000000
02550 00000000
02554 00000000
02558 00000000
0255C 00000000
02560 00000000
02564 00000000
02568 00000000
0256C 00000000
02570 00000000
02574 00000000
02578 00000000
0257C 00000000
02580 00000000
02584 00000000
02588 00000000
0258C 00000000
02590 00000000
02594 00000000
02598 00000000
0259C 00000000
025A0 00000000
025A4 00000000
025A8 00000000
025AC 00000000
025B0 00000000
025B4 00000000
025B8 00000000
025BC 00000000
025C0 00000000
025C4 00000000
025C8 00000000
025CC 00000000
025D0 00000000
025D4 00000000
025D8 00000000
025DC 00000000
025E0 00000000
025E4 00000000
025E8 00000000
025EC 00000000
025F0 00000000
025F4 00000000
025F8 00000000
025FC 00000000
02600 00000000
02604 00000000
02608 00000000
0260C 00000000
02610 00000000
02614 00000000
02618 00000000
0261C 00000000
02620 00000000
02624 00000000
02628 00000000
0262C 00000000
02630 00000000
02634 00000000
02638 00000000
0263C 00000000
02640 00000000
02644 00000000
02648 00000000
0264C 00000000
02650 00000000
02654 00000000
02658 00000000
0265C 00000000
02660 00000000
02664 00000000
02668 00000000
0266C 00000000
02670 00000000
02674 00000000
02678 00000000
0267C 00000000
02680 00000000
02684 00000000
02688 00000000
0268C 00000000
02690 00000000
02694 00000000
02698 00000000
0269C 00000000
026A0 00000000
026A4 00000000
026A8 00000000
026AC 00000000
026B0 00000000
026B4 00000000
026B8 00000000
026BC 00000000
026C0 00000000
026C4 00000000
026C8 00000000
026CC 00000000
026D0 00000000
026D4 00000000
026D8 00000000
026DC 00000000
026E0 00000000
026E4 00000000
026E8 00000000
026EC 00000000
026F0 00000000
026F4 00000000
026F8 00000000
026FC 00000000
02700 00000000
02704 00000000
02708 00000000
0270C 00000000
02710 00000000
02714 00000000
02718 00000000
0271C 00000000
02720 00000000
02724 00000000
02728 00000000
0272C 00000000
02730 00000000
02734 00000000
02738 00000000
0273C 00000000
02740 00000000
02744 00000000
02748 00000000
0274C 00000000
02750 00000000
02754 00000000
02758 00000000
0275C 00000000
02760 00000000
02764 00000000
02768 00000000
0276C 00000000
02770 00000000
02774 00000000
02778 00000000
0277C 00000000
02780 00000000
02784 00000000
02788 00000000
0278C 00000000
02790 00000000
02794 00000000
02798 00000000
0279C 00000000
027A0 00000000
027A4 00000000
027A8 00000000
027AC 00000000
027B0 00000000
027B4 00000000
027B8 00000000
027BC 00000000
027C0 00000000
027C4 00000000
027C8 00000000
027CC 00000000
027D0 00000000
027D4 00000000
027D8 00000000
027DC 00000000
027E0 00000000
027E4 00000000
027E8 00000000
027EC 00000000
027F0 00000000
027F4 00000000
027F8 00000000
027FC 00000000
02800 00000000
02804 00000000
02808 00000000
0280C 00000000
02810 00000000
02814 00000000
02818 00000000
0281C 00000000
02820 00000000
02824 00000000
02828 00000000
0282C 00000000
02830 00000000
02834 00000000
02838 00000000
0283C 00000000
02840 00000000
02844 00000000
02848 00000000
0284C 00000000
02850 00000000
02854 00000000
02858 00000000
0285C 00000000
02860 00000000
02864 00000000
02868 00000000
0286C 00000000
02870 00000000
02874 00000000
02878 00000000
0287C 00000000
02880 00000000
02884 00000000
02888 00000000
0288C 00000000
02890 00000000
02894 00000000
02898 00000000
0289C 00000000
028A0 00000000
028A4 00000000
028A8 00000000
028AC 00000000
028B0 00000000
028B4 00000000
028B8 00000000
028BC 00000000
028C0 00000000
028C4 00000000
028C8 00000000
028CC 00000000
028D0 00000000
028D4 00000000
028D8 00000000
028DC 00000000
028E0 00000000
028E4 00000000
028E8 00000000
028EC 00000000
028F0 00000000
028F4 00000000
028F8 00000000
028FC 00000000
02900 00000000
02904 00000000
02908 00000000
0290C 00000000
02910 00000000
02914 00000000
02918 00000000
0291C 00000000
02920 00000000
02924 00000000
02928 00000000
0292C 00000000
02930 00000000
02934 00000000
02938 00000000
0293C 00000000
02940 00000000
02944 00000000
02948 00000000
0294C 00000000
02950 00000000
02954 00000000
02958 00000000
0295C 00000000
02960 00000000
02964 00000000
02968 00000000
0296C 00000000
02970 00000000
02974 00000000
02978 00000000
0297C 00000000
02980 00000000
02984 00000000
02988 00000000
0298C 00000000
02990 00000000
02994 00000000
02998 00000000
0299C 00000000
029A0 00000000
029A4 00000000
029A8 00000000
029AC 00000000
029B0 00000000
029B4 00000000
029B8 00000000
029BC 00000000
029C0 00000000
029C4 00000000
029C8 00000000
029CC 00000000
029D0 00000000
029D4 00000000
029D8 00000000
029DC 00000000
029E0 00000000
029E4 00000000
029E8 00000000
029EC 00000000
029F0 00000000
029F4 00000000
029F8 00000000
029FC 00000000
02A00 00000000
02A04 00000000
02A08 00000000
02A0C 00000000
02A10 00000000
02A14 00000000
02A18 00000000
02A1C 00000000
02A20 00000000
02A24 00000000
02A28 00000000
02A2C 00000000
02A30 00000000
02A34 00000000
02A38 00000000
02A3C 00000000
02A40 00000000
02A44 00000000
02A48 00000000
02A4C 00000000
02A50 00000000
02A54 00000000
02A58 00000000
02A5C 00000000
02A60 00000000
02A64 00000000
02A68 00000000
02A6C 00000000
02A70 00000000
02A74 00000000
02A78 00000000
02A7C 00000000
02A80 00000000
02A84 00000000
02A88 00000000
02A8C 00000000
02A90 00000000
02A94 00000000
02A98 00000000
02A9C 00000000
02AA0 00000000
02AA4 00000000
02AA8 00000000
02AAC 00000000
02AB0 00000000
02AB4 00000000
02AB8 00000000
02ABC 00000000
02AC0 00000000
02AC4 00000000
02AC8 00000000
02ACC 00000000
02AD0 00000000
02AD4 00000000
02AD8 00000000
02ADC 00000000
02AE0 00000000
02AE4 00000000
02AE8 00000000
02AEC 00000000
02AF0 00000000
02AF4 00000000
02AF8 00000000
02AFC 00000000
02B00 00000000
02B04 00000000
02B08 00000000
02B0C 00000000
02B10 00000000
02B14 00000000
02B18 00000000
02B1C 00000000
02B20 00000000
02B24 00000000
02B28 00000000
02B2C 00000000
02B30 00000000
02B34 00000000
02B38 00000000
02B3C 00000000
02B40 00000000
02B44 00000000
02B48 00000000
02B4C 00000000
02B50 00000000
02B54 00000000
02B58 00000000
02B5C 00000000
02B60 00000000
02B64 00000000
02B68 00000000
02B6C 00000000
02B70 00000000
02B74 00000000
02B78 00000000
02B7C 00000000
02B80 00000000
02B84 00000000
02B88 00000000
02B8C 00000000
02B90 00000000
02B94 00000000
02B98 00000000
02B9C 00000000
02BA0 00000000
02BA4 00000000
02BA8 00000000
02BAC 00000000
02BB0 00000000
02BB4 00000000
02BB8 00000000
02BBC 00000000
02BC0 00000000
02BC4 00000000
02BC8 00000000
02BCC 00000000
02BD0 00000000
02BD4 00000000
02BD8 00000000
02BDC 00000000
02BE0 00000000
02BE4 00000000
02BE8 00000000
02BEC 00000000
02BF0 00000000
02BF4 00000000
02BF8 00000000
02BFC 00000000
02C00 00000000
02C04 00000000
02C08 00000000
02C0C 00000000
02C10 00000000
02C14 00000000
02C18 00000000
02C1C 00000000
02C20 00000000
02C24 00000000
02C28 00000000
02C2C 00000000
02C30 00000000
02C34 00000000
02C38 00000000
02C3C 00000000
02C40 00000000
02C44 00000000
02C48 00000000
02C4C 00000000
02C50 00000000
02C54 00000000
02C58 00000000
02C5C 00000000
02C60 00000000
02C64 00000000
02C68 00000000
02C6C 00000000
02C70 00000000
02C74 00000000
02C78 00000000
02C7C 00000000
02C80 00000000
02C84 00000000
02C88 00000000
02C8C 00000000
02C90 00000000
02C94 00000000
02C98 00000000
02C9C 00000000
02CA0 00000000
02CA4 00000000
02CA8 00000000
02CAC 00000000
02CB0 00000000
02CB4 00000000
02CB8 00000000
02CBC 00000000
02CC0 00000000
02CC4 00000000
02CC8 00000000
02CCC 00000000
02CD0 00000000
02CD4 00000000
02CD8 00000000
02CDC 00000000
02CE0 00000000
02CE4 00000000
02CE8 00000000
02CEC 00000000
02CF0 00000000
02CF4 00000000
02CF8 00000000
02CFC 00000000
02D00 00000000
02D04 00000000
02D08 00000000
02D0C 00000000
02D10 00000000
02D14 00000000
02D18 00000000
02D1C 00000000
02D20 00000000
02D24 00000000
02D28 00000000
02D2C 00000000
02D30 00000000
02D34 00000000
02D38 00000000
02D3C 00000000
02D40 00000000
02D44 00000000
02D48 00000000
02D4C 00000000
02D50 00000000
02D54 00000000
02D58 00000000
02D5C 00000000
02D60 00000000
02D64 00000000
02D68 00000000
02D6C 00000000
02D70 00000000
02D74 00000000
02D78 00000000
02D7C 00000000
02D80 00000000
02D84 00000000
02D88 00000000
02D8C 00000000
02D90 00000000
02D94 00000000
02D98 00000000
02D9C 00000000
02DA0 00000000
02DA4 00000000
02DA8 00000000
02DAC 00000000
02DB0 00000000
02DB4 00000000
02DB8 00000000
02DBC 00000000
02DC0 00000000
02DC4 00000000
02DC8 00000000
02DCC 00000000
02DD0 00000000
02DD4 00000000
02DD8 00000000
02DDC 00000000
02DE0 00000000
02DE4 00000000
02DE8 00000000
02DEC 00000000
02DF0 00000000
02DF4 00000000
02DF8 00000000
02DFC 00000000
02E00 00000000
02E04 00000000
02E08 00000000
02E0C 00000000
02E10 00000000
02E14 00000000
02E18 00000000
02E1C 00000000
02E20 00000000
02E24 00000000
02E28 00000000
02E2C 00000000
02E30 00000000
02E34 00000000
02E38 00000000
02E3C 00000000
02E40 00000000
02E44 00000000
02E48 00000000
02E4C 00000000
02E50 00000000
02E54 00000000
02E58 00000000
02E5C 00000000
02E60 00000000
02E64 00000000
02E68 00000000
02E6C 00000000
02E70 00000000
02E74 00000000
02E78 00000000
02E7C 00000000
02E80 00000000
02E84 00000000
02E88 00000000
02E8C 00000000
02E90 00000000
02E94 00000000
02E98 00000000
02E9C 00000000
02EA0 00000000
02EA4 00000000
02EA8 00000000
02EAC 00000000
02EB0 00000000
02EB4 00000000
02EB8 00000000
02EBC 00000000
02EC0 00000000
02EC4 00000000
02EC8 00000000
02ECC 00000000
02ED0 00000000
02ED4 00000000
02ED8 00000000
02EDC 00000000
02EE0 00000000
02EE4 00000000
02EE8 00000000
02EEC 00000000
02EF0 00000000
02EF4 00000000
02EF8 00000000
02EFC 00000000
02F00 00000000
02F04 00000000
02F08 00000000
02F0C 00000000
02F10 00000000
02F14 00000000
02F18 00000000
02F1C 00000000
02F20 00000000
02F24 00000000
02F28 00000000
02F2C 00000000
02F30 00000000
02F34 00000000
02F38 00000000
02F3C 00000000
02F40 00000000
02F44 00000000
02F48 00000000
02F4C 00000000
02F50 00000000
02F54 00000000
02F58 00000000
02F5C 00000000
02F60 00000000
02F64 00000000
02F68 00000000
02F6C 00000000
02F70 00000000
02F74 00000000
02F78 00000000
02F7C 00000000
02F80 00000000
02F84 00000000
02F88 00000000
02F8C 00000000
02F90 00000000
02F94 00000000
02F98 00000000
02F9C 00000000
02FA0 00000000
02FA4 00000000
02FA8 00000000
02FAC 00000000
02FB0 00000000
02FB4 00000000
02FB8 00000000
02FBC 00000000
02FC0 00000000
02FC4 00000000
02FC8 00000000
02FCC 00000000
02FD0 00000000
02FD4 00000000
02FD8 00000000
02FDC 00000000
02FE0 00000000
02FE4 00000000
02FE8 00000000
02FEC 00000000
02FF0 00000000
02FF4 00000000
02FF8 00000000
02FFC 00000000
03000 00000000
03004 00000000
